Type-safe project accessors is an incubating feature.
> Task :app:checkKotlinGradlePluginConfigurationErrors
> Task :app:preBuild UP-TO-DATE
> Task :app:prePrepaidDebugBuild UP-TO-DATE
> Task :app:dataBindingMergeDependencyArtifactsPrepaidDebug UP-TO-DATE
> Task :app:generatePrepaidDebugResValues UP-TO-DATE
> Task :app:generatePrepaidDebugResources UP-TO-DATE
> Task :app:mergePrepaidDebugResources UP-TO-DATE
> Task :app:packagePrepaidDebugResources UP-TO-DATE
> Task :app:parsePrepaidDebugLocalResources UP-TO-DATE
> Task :app:dataBindingGenBaseClassesPrepaidDebug UP-TO-DATE
> Task :app:generatePrepaidDebugBuildConfig UP-TO-DATE
> Task :app:checkPrepaidDebugAarMetadata UP-TO-DATE
> Task :app:mapPrepaidDebugSourceSetPaths UP-TO-DATE
> Task :app:createPrepaidDebugCompatibleScreenManifests UP-TO-DATE
> Task :app:extractDeepLinksPrepaidDebug UP-TO-DATE
> Task :app:processPrepaidDebugMainManifest UP-TO-DATE
> Task :app:processPrepaidDebugManifest UP-TO-DATE
> Task :app:processPrepaidDebugManifestForPackage UP-TO-DATE
> Task :app:processPrepaidDebugResources UP-TO-DATE
> Task :app:kspPrepaidDebugKotlin UP-TO-DATE
> Task :app:compilePrepaidDebugKotlin
e: Supertypes of the following classes cannot be resolved. Please make sure you have the required dependencies in the classpath:
    class com.simplemobiletools.commons.adapters.MyRecyclerViewAdapter.ViewHolder, unresolved supertypes: com.bignerdranch.android.multiselector.SwappingHolder
Adding -Xextended-compiler-checks argument might provide additional information.

e: file:///home/leonardo/Workplace/Simple-Gallery/app/src/main/kotlin/com/simplemobiletools/gallery/pro/activities/EditActivity.kt:31:46 Unresolved reference: NavigationIcon
e: file:///home/leonardo/Workplace/Simple-Gallery/app/src/main/kotlin/com/simplemobiletools/gallery/pro/activities/EditActivity.kt:33:46 Unresolved reference: ensureBackgroundThread
e: file:///home/leonardo/Workplace/Simple-Gallery/app/src/main/kotlin/com/simplemobiletools/gallery/pro/activities/EditActivity.kt:49:12 Unresolved reference: zomato
e: file:///home/leonardo/Workplace/Simple-Gallery/app/src/main/kotlin/com/simplemobiletools/gallery/pro/activities/EditActivity.kt:50:12 Unresolved reference: zomato
e: file:///home/leonardo/Workplace/Simple-Gallery/app/src/main/kotlin/com/simplemobiletools/gallery/pro/activities/EditActivity.kt:92:28 Unresolved reference: viewBinding
e: file:///home/leonardo/Workplace/Simple-Gallery/app/src/main/kotlin/com/simplemobiletools/gallery/pro/activities/EditActivity.kt:98:13 Unresolved reference: checkAppSideloading
e: file:///home/leonardo/Workplace/Simple-Gallery/app/src/main/kotlin/com/simplemobiletools/gallery/pro/activities/EditActivity.kt:115:67 Unresolved reference: getProperTextColor
e: file:///home/leonardo/Workplace/Simple-Gallery/app/src/main/kotlin/com/simplemobiletools/gallery/pro/activities/EditActivity.kt:115:89 Unresolved reference: getProperPrimaryColor
e: file:///home/leonardo/Workplace/Simple-Gallery/app/src/main/kotlin/com/simplemobiletools/gallery/pro/activities/EditActivity.kt:115:114 Unresolved reference: getProperBackgroundColor
e: file:///home/leonardo/Workplace/Simple-Gallery/app/src/main/kotlin/com/simplemobiletools/gallery/pro/activities/EditActivity.kt:116:9 Unresolved reference: setupToolbar
e: file:///home/leonardo/Workplace/Simple-Gallery/app/src/main/kotlin/com/simplemobiletools/gallery/pro/activities/EditActivity.kt:116:45 Unresolved reference: NavigationIcon
e: file:///home/leonardo/Workplace/Simple-Gallery/app/src/main/kotlin/com/simplemobiletools/gallery/pro/activities/EditActivity.kt:127:60 Cannot infer a type for this parameter. Please specify it explicitly.
e: file:///home/leonardo/Workplace/Simple-Gallery/app/src/main/kotlin/com/simplemobiletools/gallery/pro/activities/EditActivity.kt:156:17 Unresolved reference: isPathOnOTG
e: file:///home/leonardo/Workplace/Simple-Gallery/app/src/main/kotlin/com/simplemobiletools/gallery/pro/activities/EditActivity.kt:157:25 Only safe (?.) or non-null asserted (!!.) calls are allowed on a nullable receiver of type String?
e: file:///home/leonardo/Workplace/Simple-Gallery/app/src/main/kotlin/com/simplemobiletools/gallery/pro/activities/EditActivity.kt:192:31 Variable expected
e: file:///home/leonardo/Workplace/Simple-Gallery/app/src/main/kotlin/com/simplemobiletools/gallery/pro/activities/EditActivity.kt:255:13 Unresolved reference. None of the following candidates is applicable because of receiver type mismatch: 
public fun View.beVisible(): Unit defined in com.simplemobiletools.commons.extensions
e: file:///home/leonardo/Workplace/Simple-Gallery/app/src/main/kotlin/com/simplemobiletools/gallery/pro/activities/EditActivity.kt:256:13 Unresolved reference: setOnCropImageCompleteListener
e: file:///home/leonardo/Workplace/Simple-Gallery/app/src/main/kotlin/com/simplemobiletools/gallery/pro/activities/EditActivity.kt:257:13 Unresolved reference: setImageUriAsync
e: file:///home/leonardo/Workplace/Simple-Gallery/app/src/main/kotlin/com/simplemobiletools/gallery/pro/activities/EditActivity.kt:258:13 Unresolved reference: guidelines
e: file:///home/leonardo/Workplace/Simple-Gallery/app/src/main/kotlin/com/simplemobiletools/gallery/pro/activities/EditActivity.kt:262:17 Unresolved reference: setFixedAspectRatio
e: file:///home/leonardo/Workplace/Simple-Gallery/app/src/main/kotlin/com/simplemobiletools/gallery/pro/activities/EditActivity.kt:276:17 Unresolved reference: ensureBackgroundThread
e: file:///home/leonardo/Workplace/Simple-Gallery/app/src/main/kotlin/com/simplemobiletools/gallery/pro/activities/EditActivity.kt:302:21 Unresolved reference: updateBackgroundBitmap
e: file:///home/leonardo/Workplace/Simple-Gallery/app/src/main/kotlin/com/simplemobiletools/gallery/pro/activities/EditActivity.kt:303:21 Unresolved reference: layoutParams
e: file:///home/leonardo/Workplace/Simple-Gallery/app/src/main/kotlin/com/simplemobiletools/gallery/pro/activities/EditActivity.kt:303:34 Variable expected
e: file:///home/leonardo/Workplace/Simple-Gallery/app/src/main/kotlin/com/simplemobiletools/gallery/pro/activities/EditActivity.kt:304:21 Unresolved reference: layoutParams
e: file:///home/leonardo/Workplace/Simple-Gallery/app/src/main/kotlin/com/simplemobiletools/gallery/pro/activities/EditActivity.kt:304:34 Variable expected
e: file:///home/leonardo/Workplace/Simple-Gallery/app/src/main/kotlin/com/simplemobiletools/gallery/pro/activities/EditActivity.kt:305:21 Unresolved reference: y
e: file:///home/leonardo/Workplace/Simple-Gallery/app/src/main/kotlin/com/simplemobiletools/gallery/pro/activities/EditActivity.kt:305:26 Unresolved reference: height
e: file:///home/leonardo/Workplace/Simple-Gallery/app/src/main/kotlin/com/simplemobiletools/gallery/pro/activities/EditActivity.kt:306:21 Unresolved reference: requestLayout
e: file:///home/leonardo/Workplace/Simple-Gallery/app/src/main/kotlin/com/simplemobiletools/gallery/pro/activities/EditActivity.kt:341:75 Variable expected
e: file:///home/leonardo/Workplace/Simple-Gallery/app/src/main/kotlin/com/simplemobiletools/gallery/pro/activities/EditActivity.kt:344:17 Unresolved reference: ensureBackgroundThread
e: file:///home/leonardo/Workplace/Simple-Gallery/app/src/main/kotlin/com/simplemobiletools/gallery/pro/activities/EditActivity.kt:372:9 Unresolved reference: ensureBackgroundThread
e: file:///home/leonardo/Workplace/Simple-Gallery/app/src/main/kotlin/com/simplemobiletools/gallery/pro/activities/EditActivity.kt:463:11 Overload resolution ambiguity: 
public inline fun <T> Iterable<TypeVariable(T)>.forEach(action: (TypeVariable(T)) -> Unit): Unit defined in kotlin.collections
public inline fun <K, V> Map<out TypeVariable(K), TypeVariable(V)>.forEach(action: (Map.Entry<TypeVariable(K), TypeVariable(V)>) -> Unit): Unit defined in kotlin.collections
e: file:///home/leonardo/Workplace/Simple-Gallery/app/src/main/kotlin/com/simplemobiletools/gallery/pro/activities/EditActivity.kt:464:28 Expression expected, but a package name found
e: file:///home/leonardo/Workplace/Simple-Gallery/app/src/main/kotlin/com/simplemobiletools/gallery/pro/activities/EditActivity.kt:515:39 Variable expected
e: file:///home/leonardo/Workplace/Simple-Gallery/app/src/main/kotlin/com/simplemobiletools/gallery/pro/activities/EditActivity.kt:519:39 Variable expected
e: file:///home/leonardo/Workplace/Simple-Gallery/app/src/main/kotlin/com/simplemobiletools/gallery/pro/activities/EditActivity.kt:532:11 Overload resolution ambiguity: 
public inline fun <T> Iterable<TypeVariable(T)>.forEach(action: (TypeVariable(T)) -> Unit): Unit defined in kotlin.collections
public inline fun <K, V> Map<out TypeVariable(K), TypeVariable(V)>.forEach(action: (Map.Entry<TypeVariable(K), TypeVariable(V)>) -> Unit): Unit defined in kotlin.collections
e: file:///home/leonardo/Workplace/Simple-Gallery/app/src/main/kotlin/com/simplemobiletools/gallery/pro/activities/EditActivity.kt:533:28 Expression expected, but a package name found
e: file:///home/leonardo/Workplace/Simple-Gallery/app/src/main/kotlin/com/simplemobiletools/gallery/pro/activities/EditActivity.kt:568:57 Variable expected
e: file:///home/leonardo/Workplace/Simple-Gallery/app/src/main/kotlin/com/simplemobiletools/gallery/pro/activities/EditActivity.kt:580:42 Expression expected, but a package name found
e: file:///home/leonardo/Workplace/Simple-Gallery/app/src/main/kotlin/com/simplemobiletools/gallery/pro/activities/EditActivity.kt:581:29 Expression expected, but a package name found
e: file:///home/leonardo/Workplace/Simple-Gallery/app/src/main/kotlin/com/simplemobiletools/gallery/pro/activities/EditActivity.kt:592:57 Variable expected
e: file:///home/leonardo/Workplace/Simple-Gallery/app/src/main/kotlin/com/simplemobiletools/gallery/pro/activities/EditActivity.kt:593:57 Variable expected
e: file:///home/leonardo/Workplace/Simple-Gallery/app/src/main/kotlin/com/simplemobiletools/gallery/pro/activities/EditActivity.kt:609:11 Overload resolution ambiguity: 
public inline fun <T> Iterable<TypeVariable(T)>.forEach(action: (TypeVariable(T)) -> Unit): Unit defined in kotlin.collections
public inline fun <K, V> Map<out TypeVariable(K), TypeVariable(V)>.forEach(action: (Map.Entry<TypeVariable(K), TypeVariable(V)>) -> Unit): Unit defined in kotlin.collections
e: file:///home/leonardo/Workplace/Simple-Gallery/app/src/main/kotlin/com/simplemobiletools/gallery/pro/activities/EditActivity.kt:610:16 Unresolved reference: applyColorFilter
e: file:///home/leonardo/Workplace/Simple-Gallery/app/src/main/kotlin/com/simplemobiletools/gallery/pro/activities/EditActivity.kt:620:54 Unresolved reference: getProperPrimaryColor
e: file:///home/leonardo/Workplace/Simple-Gallery/app/src/main/kotlin/com/simplemobiletools/gallery/pro/activities/EditActivity.kt:626:13 Unresolved reference: ensureBackgroundThread
e: file:///home/leonardo/Workplace/Simple-Gallery/app/src/main/kotlin/com/simplemobiletools/gallery/pro/activities/EditActivity.kt:658:36 Unresolved reference: Filter
e: file:///home/leonardo/Workplace/Simple-Gallery/app/src/main/kotlin/com/simplemobiletools/gallery/pro/activities/EditActivity.kt:661:21 Unresolved reference: FilterPack
e: file:///home/leonardo/Workplace/Simple-Gallery/app/src/main/kotlin/com/simplemobiletools/gallery/pro/activities/EditActivity.kt:661:52 Overload resolution ambiguity: 
public inline fun <T> Iterable<TypeVariable(T)>.forEach(action: (TypeVariable(T)) -> Unit): Unit defined in kotlin.collections
public inline fun <K, V> Map<out TypeVariable(K), TypeVariable(V)>.forEach(action: (Map.Entry<TypeVariable(K), TypeVariable(V)>) -> Unit): Unit defined in kotlin.collections
e: file:///home/leonardo/Workplace/Simple-Gallery/app/src/main/kotlin/com/simplemobiletools/gallery/pro/activities/EditActivity.kt:662:61 Expression expected, but a package name found
e: file:///home/leonardo/Workplace/Simple-Gallery/app/src/main/kotlin/com/simplemobiletools/gallery/pro/activities/EditActivity.kt:678:79 Variable expected
e: file:///home/leonardo/Workplace/Simple-Gallery/app/src/main/kotlin/com/simplemobiletools/gallery/pro/activities/EditActivity.kt:703:17 Unresolved reference: setFixedAspectRatio
e: file:///home/leonardo/Workplace/Simple-Gallery/app/src/main/kotlin/com/simplemobiletools/gallery/pro/activities/EditActivity.kt:712:17 Unresolved reference: setAspectRatio
e: file:///home/leonardo/Workplace/Simple-Gallery/app/src/main/kotlin/com/simplemobiletools/gallery/pro/activities/EditActivity.kt:724:11 Overload resolution ambiguity: 
public inline fun <T> Iterable<TypeVariable(T)>.forEach(action: (TypeVariable(T)) -> Unit): Unit defined in kotlin.collections
public inline fun <K, V> Map<out TypeVariable(K), TypeVariable(V)>.forEach(action: (Map.Entry<TypeVariable(K), TypeVariable(V)>) -> Unit): Unit defined in kotlin.collections
e: file:///home/leonardo/Workplace/Simple-Gallery/app/src/main/kotlin/com/simplemobiletools/gallery/pro/activities/EditActivity.kt:725:16 Unresolved reference: setTextColor
e: file:///home/leonardo/Workplace/Simple-Gallery/app/src/main/kotlin/com/simplemobiletools/gallery/pro/activities/EditActivity.kt:736:47 Unresolved reference: getProperPrimaryColor
e: file:///home/leonardo/Workplace/Simple-Gallery/app/src/main/kotlin/com/simplemobiletools/gallery/pro/activities/EditActivity.kt:740:74 Overload resolution ambiguity: 
public inline fun <T> Iterable<TypeVariable(T)>.forEach(action: (TypeVariable(T)) -> Unit): Unit defined in kotlin.collections
public inline fun <K, V> Map<out TypeVariable(K), TypeVariable(V)>.forEach(action: (Map.Entry<TypeVariable(K), TypeVariable(V)>) -> Unit): Unit defined in kotlin.collections
e: file:///home/leonardo/Workplace/Simple-Gallery/app/src/main/kotlin/com/simplemobiletools/gallery/pro/activities/EditActivity.kt:741:16 Unresolved reference: applyColorFilter
e: file:///home/leonardo/Workplace/Simple-Gallery/app/src/main/kotlin/com/simplemobiletools/gallery/pro/activities/EditActivity.kt:749:45 Unresolved reference: getProperPrimaryColor
e: file:///home/leonardo/Workplace/Simple-Gallery/app/src/main/kotlin/com/simplemobiletools/gallery/pro/activities/EditActivity.kt:786:24 Unresolved reference: width
e: file:///home/leonardo/Workplace/Simple-Gallery/app/src/main/kotlin/com/simplemobiletools/gallery/pro/activities/EditActivity.kt:786:38 Unresolved reference: height
e: file:///home/leonardo/Workplace/Simple-Gallery/app/src/main/kotlin/com/simplemobiletools/gallery/pro/activities/EditActivity.kt:788:24 Unresolved reference: height
e: file:///home/leonardo/Workplace/Simple-Gallery/app/src/main/kotlin/com/simplemobiletools/gallery/pro/activities/EditActivity.kt:788:39 Unresolved reference: width
e: file:///home/leonardo/Workplace/Simple-Gallery/app/src/main/kotlin/com/simplemobiletools/gallery/pro/activities/EditActivity.kt:887:13 Unresolved reference: ensureBackgroundThread
e: file:///home/leonardo/Workplace/Simple-Gallery/app/src/main/kotlin/com/simplemobiletools/gallery/pro/activities/ExcludedFoldersActivity.kt:6:46 Unresolved reference: NavigationIcon
e: file:///home/leonardo/Workplace/Simple-Gallery/app/src/main/kotlin/com/simplemobiletools/gallery/pro/activities/ExcludedFoldersActivity.kt:7:46 Unresolved reference: isRPlus
e: file:///home/leonardo/Workplace/Simple-Gallery/app/src/main/kotlin/com/simplemobiletools/gallery/pro/activities/ExcludedFoldersActivity.kt:16:28 Unresolved reference: viewBinding
e: file:///home/leonardo/Workplace/Simple-Gallery/app/src/main/kotlin/com/simplemobiletools/gallery/pro/activities/ExcludedFoldersActivity.kt:19:9 Unresolved reference: isMaterialActivity
e: file:///home/leonardo/Workplace/Simple-Gallery/app/src/main/kotlin/com/simplemobiletools/gallery/pro/activities/ExcludedFoldersActivity.kt:24:38 Variable expected
e: file:///home/leonardo/Workplace/Simple-Gallery/app/src/main/kotlin/com/simplemobiletools/gallery/pro/activities/ExcludedFoldersActivity.kt:24:95 Unresolved reference: excluded_folders
e: file:///home/leonardo/Workplace/Simple-Gallery/app/src/main/kotlin/com/simplemobiletools/gallery/pro/activities/ExcludedFoldersActivity.kt:26:9 Unresolved reference: updateMaterialActivityViews
e: file:///home/leonardo/Workplace/Simple-Gallery/app/src/main/kotlin/com/simplemobiletools/gallery/pro/activities/ExcludedFoldersActivity.kt:27:9 Unresolved reference: setupMaterialScrollListener
e: file:///home/leonardo/Workplace/Simple-Gallery/app/src/main/kotlin/com/simplemobiletools/gallery/pro/activities/ExcludedFoldersActivity.kt:32:9 Unresolved reference: setupToolbar
e: file:///home/leonardo/Workplace/Simple-Gallery/app/src/main/kotlin/com/simplemobiletools/gallery/pro/activities/ExcludedFoldersActivity.kt:32:52 Unresolved reference: NavigationIcon
e: file:///home/leonardo/Workplace/Simple-Gallery/app/src/main/kotlin/com/simplemobiletools/gallery/pro/activities/ExcludedFoldersActivity.kt:41:13 Unresolved reference. None of the following candidates is applicable because of receiver type mismatch: 
public fun View.beVisibleIf(beVisible: Boolean): Unit defined in com.simplemobiletools.commons.extensions
e: file:///home/leonardo/Workplace/Simple-Gallery/app/src/main/kotlin/com/simplemobiletools/gallery/pro/activities/ExcludedFoldersActivity.kt:42:13 Unresolved reference: setTextColor
e: file:///home/leonardo/Workplace/Simple-Gallery/app/src/main/kotlin/com/simplemobiletools/gallery/pro/activities/ExcludedFoldersActivity.kt:42:26 Unresolved reference: getProperTextColor
e: file:///home/leonardo/Workplace/Simple-Gallery/app/src/main/kotlin/com/simplemobiletools/gallery/pro/activities/ExcludedFoldersActivity.kt:44:17 Unresolved reference: isRPlus
e: file:///home/leonardo/Workplace/Simple-Gallery/app/src/main/kotlin/com/simplemobiletools/gallery/pro/activities/ExcludedFoldersActivity.kt:44:31 Unresolved reference: isExternalStorageManager
e: file:///home/leonardo/Workplace/Simple-Gallery/app/src/main/kotlin/com/simplemobiletools/gallery/pro/activities/ExcludedFoldersActivity.kt:48:13 Unresolved reference: text
e: file:///home/leonardo/Workplace/Simple-Gallery/app/src/main/kotlin/com/simplemobiletools/gallery/pro/activities/ExcludedFoldersActivity.kt:52:35 Variable expected
e: file:///home/leonardo/Workplace/Simple-Gallery/app/src/main/kotlin/com/simplemobiletools/gallery/pro/activities/ExcludedFoldersActivity.kt:56:67 Cannot infer a type for this parameter. Please specify it explicitly.
e: file:///home/leonardo/Workplace/Simple-Gallery/app/src/main/kotlin/com/simplemobiletools/gallery/pro/activities/ExcludedFoldersActivity.kt:76:13 Cannot find a parameter with this name: canAddShowHiddenButton
e: file:///home/leonardo/Workplace/Simple-Gallery/app/src/main/kotlin/com/simplemobiletools/gallery/pro/activities/ExcludedFoldersActivity.kt:77:13 Cannot find a parameter with this name: enforceStorageRestrictions
e: file:///home/leonardo/Workplace/Simple-Gallery/app/src/main/kotlin/com/simplemobiletools/gallery/pro/activities/HiddenFoldersActivity.kt:6:49 Unresolved reference: getProperTextColor
e: file:///home/leonardo/Workplace/Simple-Gallery/app/src/main/kotlin/com/simplemobiletools/gallery/pro/activities/HiddenFoldersActivity.kt:7:49 Unresolved reference: viewBinding
e: file:///home/leonardo/Workplace/Simple-Gallery/app/src/main/kotlin/com/simplemobiletools/gallery/pro/activities/HiddenFoldersActivity.kt:8:46 Unresolved reference: NavigationIcon
e: file:///home/leonardo/Workplace/Simple-Gallery/app/src/main/kotlin/com/simplemobiletools/gallery/pro/activities/HiddenFoldersActivity.kt:9:46 Unresolved reference: ensureBackgroundThread
e: file:///home/leonardo/Workplace/Simple-Gallery/app/src/main/kotlin/com/simplemobiletools/gallery/pro/activities/HiddenFoldersActivity.kt:20:28 Unresolved reference: viewBinding
e: file:///home/leonardo/Workplace/Simple-Gallery/app/src/main/kotlin/com/simplemobiletools/gallery/pro/activities/HiddenFoldersActivity.kt:22:9 Unresolved reference: isMaterialActivity
e: file:///home/leonardo/Workplace/Simple-Gallery/app/src/main/kotlin/com/simplemobiletools/gallery/pro/activities/HiddenFoldersActivity.kt:27:38 Variable expected
e: file:///home/leonardo/Workplace/Simple-Gallery/app/src/main/kotlin/com/simplemobiletools/gallery/pro/activities/HiddenFoldersActivity.kt:29:9 Unresolved reference: updateMaterialActivityViews
e: file:///home/leonardo/Workplace/Simple-Gallery/app/src/main/kotlin/com/simplemobiletools/gallery/pro/activities/HiddenFoldersActivity.kt:30:9 Unresolved reference: setupMaterialScrollListener
e: file:///home/leonardo/Workplace/Simple-Gallery/app/src/main/kotlin/com/simplemobiletools/gallery/pro/activities/HiddenFoldersActivity.kt:35:9 Unresolved reference: setupToolbar
e: file:///home/leonardo/Workplace/Simple-Gallery/app/src/main/kotlin/com/simplemobiletools/gallery/pro/activities/HiddenFoldersActivity.kt:35:52 Unresolved reference: NavigationIcon
e: file:///home/leonardo/Workplace/Simple-Gallery/app/src/main/kotlin/com/simplemobiletools/gallery/pro/activities/HiddenFoldersActivity.kt:42:21 Unresolved reference: text
e: file:///home/leonardo/Workplace/Simple-Gallery/app/src/main/kotlin/com/simplemobiletools/gallery/pro/activities/HiddenFoldersActivity.kt:43:21 Unresolved reference. None of the following candidates is applicable because of receiver type mismatch: 
public fun View.beVisibleIf(beVisible: Boolean): Unit defined in com.simplemobiletools.commons.extensions
e: file:///home/leonardo/Workplace/Simple-Gallery/app/src/main/kotlin/com/simplemobiletools/gallery/pro/activities/HiddenFoldersActivity.kt:44:21 Unresolved reference: setTextColor
e: file:///home/leonardo/Workplace/Simple-Gallery/app/src/main/kotlin/com/simplemobiletools/gallery/pro/activities/HiddenFoldersActivity.kt:44:34 Unresolved reference: getProperTextColor
e: file:///home/leonardo/Workplace/Simple-Gallery/app/src/main/kotlin/com/simplemobiletools/gallery/pro/activities/HiddenFoldersActivity.kt:48:43 Variable expected
e: file:///home/leonardo/Workplace/Simple-Gallery/app/src/main/kotlin/com/simplemobiletools/gallery/pro/activities/HiddenFoldersActivity.kt:54:67 Cannot infer a type for this parameter. Please specify it explicitly.
e: file:///home/leonardo/Workplace/Simple-Gallery/app/src/main/kotlin/com/simplemobiletools/gallery/pro/activities/HiddenFoldersActivity.kt:68:98 The boolean literal does not conform to the expected type (String) -> Unit
e: file:///home/leonardo/Workplace/Simple-Gallery/app/src/main/kotlin/com/simplemobiletools/gallery/pro/activities/HiddenFoldersActivity.kt:68:104 Too many arguments for public constructor FilePickerDialog(activity: BaseSimpleActivity, currPath: String = ..., pickFile: Boolean = ..., showHidden: Boolean = ..., showFAB: Boolean = ..., callback: (pickedPath: String) -> Unit) defined in com.simplemobiletools.commons.dialogs.FilePickerDialog
e: file:///home/leonardo/Workplace/Simple-Gallery/app/src/main/kotlin/com/simplemobiletools/gallery/pro/activities/HiddenFoldersActivity.kt:69:41 Expression expected, but a package name found
e: file:///home/leonardo/Workplace/Simple-Gallery/app/src/main/kotlin/com/simplemobiletools/gallery/pro/activities/HiddenFoldersActivity.kt:70:13 Unresolved reference: ensureBackgroundThread
e: file:///home/leonardo/Workplace/Simple-Gallery/app/src/main/kotlin/com/simplemobiletools/gallery/pro/activities/HiddenFoldersActivity.kt:71:28 Expression expected, but a package name found
e: file:///home/leonardo/Workplace/Simple-Gallery/app/src/main/kotlin/com/simplemobiletools/gallery/pro/activities/IncludedFoldersActivity.kt:5:49 Unresolved reference: getProperTextColor
e: file:///home/leonardo/Workplace/Simple-Gallery/app/src/main/kotlin/com/simplemobiletools/gallery/pro/activities/IncludedFoldersActivity.kt:6:49 Unresolved reference: viewBinding
e: file:///home/leonardo/Workplace/Simple-Gallery/app/src/main/kotlin/com/simplemobiletools/gallery/pro/activities/IncludedFoldersActivity.kt:7:46 Unresolved reference: NavigationIcon
e: file:///home/leonardo/Workplace/Simple-Gallery/app/src/main/kotlin/com/simplemobiletools/gallery/pro/activities/IncludedFoldersActivity.kt:19:28 Unresolved reference: viewBinding
e: file:///home/leonardo/Workplace/Simple-Gallery/app/src/main/kotlin/com/simplemobiletools/gallery/pro/activities/IncludedFoldersActivity.kt:22:9 Unresolved reference: isMaterialActivity
e: file:///home/leonardo/Workplace/Simple-Gallery/app/src/main/kotlin/com/simplemobiletools/gallery/pro/activities/IncludedFoldersActivity.kt:27:38 Variable expected
e: file:///home/leonardo/Workplace/Simple-Gallery/app/src/main/kotlin/com/simplemobiletools/gallery/pro/activities/IncludedFoldersActivity.kt:29:9 Unresolved reference: updateMaterialActivityViews
e: file:///home/leonardo/Workplace/Simple-Gallery/app/src/main/kotlin/com/simplemobiletools/gallery/pro/activities/IncludedFoldersActivity.kt:30:9 Unresolved reference: setupMaterialScrollListener
e: file:///home/leonardo/Workplace/Simple-Gallery/app/src/main/kotlin/com/simplemobiletools/gallery/pro/activities/IncludedFoldersActivity.kt:35:9 Unresolved reference: setupToolbar
e: file:///home/leonardo/Workplace/Simple-Gallery/app/src/main/kotlin/com/simplemobiletools/gallery/pro/activities/IncludedFoldersActivity.kt:35:52 Unresolved reference: NavigationIcon
e: file:///home/leonardo/Workplace/Simple-Gallery/app/src/main/kotlin/com/simplemobiletools/gallery/pro/activities/IncludedFoldersActivity.kt:44:13 Unresolved reference: text
e: file:///home/leonardo/Workplace/Simple-Gallery/app/src/main/kotlin/com/simplemobiletools/gallery/pro/activities/IncludedFoldersActivity.kt:45:13 Unresolved reference. None of the following candidates is applicable because of receiver type mismatch: 
public fun View.beVisibleIf(beVisible: Boolean): Unit defined in com.simplemobiletools.commons.extensions
e: file:///home/leonardo/Workplace/Simple-Gallery/app/src/main/kotlin/com/simplemobiletools/gallery/pro/activities/IncludedFoldersActivity.kt:46:13 Unresolved reference: setTextColor
e: file:///home/leonardo/Workplace/Simple-Gallery/app/src/main/kotlin/com/simplemobiletools/gallery/pro/activities/IncludedFoldersActivity.kt:46:26 Unresolved reference: getProperTextColor
e: file:///home/leonardo/Workplace/Simple-Gallery/app/src/main/kotlin/com/simplemobiletools/gallery/pro/activities/IncludedFoldersActivity.kt:50:35 Variable expected
e: file:///home/leonardo/Workplace/Simple-Gallery/app/src/main/kotlin/com/simplemobiletools/gallery/pro/activities/IncludedFoldersActivity.kt:54:67 Cannot infer a type for this parameter. Please specify it explicitly.
e: file:///home/leonardo/Workplace/Simple-Gallery/app/src/main/kotlin/com/simplemobiletools/gallery/pro/activities/MainActivity.kt:86:28 Unresolved reference: viewBinding
e: file:///home/leonardo/Workplace/Simple-Gallery/app/src/main/kotlin/com/simplemobiletools/gallery/pro/activities/MainActivity.kt:89:9 Unresolved reference: isMaterialActivity
e: file:///home/leonardo/Workplace/Simple-Gallery/app/src/main/kotlin/com/simplemobiletools/gallery/pro/activities/MainActivity.kt:117:9 Unresolved reference: updateMaterialActivityViews
e: file:///home/leonardo/Workplace/Simple-Gallery/app/src/main/kotlin/com/simplemobiletools/gallery/pro/activities/MainActivity.kt:128:47 Unresolved reference: isAppPasswordProtectionOn
e: file:///home/leonardo/Workplace/Simple-Gallery/app/src/main/kotlin/com/simplemobiletools/gallery/pro/activities/MainActivity.kt:132:47 Unresolved reference: FAVORITES
e: file:///home/leonardo/Workplace/Simple-Gallery/app/src/main/kotlin/com/simplemobiletools/gallery/pro/activities/MainActivity.kt:149:21 Unresolved reference: wasSortingByNumericValueAdded
e: file:///home/leonardo/Workplace/Simple-Gallery/app/src/main/kotlin/com/simplemobiletools/gallery/pro/activities/MainActivity.kt:150:20 Unresolved reference: wasSortingByNumericValueAdded
e: file:///home/leonardo/Workplace/Simple-Gallery/app/src/main/kotlin/com/simplemobiletools/gallery/pro/activities/MainActivity.kt:151:48 Unresolved reference: SORT_USE_NUMERIC_VALUE
e: file:///home/leonardo/Workplace/Simple-Gallery/app/src/main/kotlin/com/simplemobiletools/gallery/pro/activities/MainActivity.kt:173:28 Unresolved reference: isRPlus
e: file:///home/leonardo/Workplace/Simple-Gallery/app/src/main/kotlin/com/simplemobiletools/gallery/pro/activities/MainActivity.kt:174:34 Unresolved reference: PERMISSION_MEDIA_LOCATION
e: file:///home/leonardo/Workplace/Simple-Gallery/app/src/main/kotlin/com/simplemobiletools/gallery/pro/activities/MainActivity.kt:175:21 Unresolved reference: isTiramisuPlus
e: file:///home/leonardo/Workplace/Simple-Gallery/app/src/main/kotlin/com/simplemobiletools/gallery/pro/activities/MainActivity.kt:176:38 Unresolved reference: PERMISSION_READ_MEDIA_VIDEO
e: file:///home/leonardo/Workplace/Simple-Gallery/app/src/main/kotlin/com/simplemobiletools/gallery/pro/activities/MainActivity.kt:196:30 Unresolved reference: dateFormat
e: file:///home/leonardo/Workplace/Simple-Gallery/app/src/main/kotlin/com/simplemobiletools/gallery/pro/activities/MainActivity.kt:197:23 Unresolved reference: getTimeFormat
e: file:///home/leonardo/Workplace/Simple-Gallery/app/src/main/kotlin/com/simplemobiletools/gallery/pro/activities/MainActivity.kt:211:37 Variable expected
e: file:///home/leonardo/Workplace/Simple-Gallery/app/src/main/kotlin/com/simplemobiletools/gallery/pro/activities/MainActivity.kt:215:33 Unresolved reference: getProperTextColor
e: file:///home/leonardo/Workplace/Simple-Gallery/app/src/main/kotlin/com/simplemobiletools/gallery/pro/activities/MainActivity.kt:216:51 Unresolved reference: getProperTextColor
e: file:///home/leonardo/Workplace/Simple-Gallery/app/src/main/kotlin/com/simplemobiletools/gallery/pro/activities/MainActivity.kt:219:28 Unresolved reference: getProperPrimaryColor
e: file:///home/leonardo/Workplace/Simple-Gallery/app/src/main/kotlin/com/simplemobiletools/gallery/pro/activities/MainActivity.kt:221:53 No value passed for parameter 'primaryColor'
e: file:///home/leonardo/Workplace/Simple-Gallery/app/src/main/kotlin/com/simplemobiletools/gallery/pro/activities/MainActivity.kt:230:42 Variable expected
e: file:///home/leonardo/Workplace/Simple-Gallery/app/src/main/kotlin/com/simplemobiletools/gallery/pro/activities/MainActivity.kt:232:33 Unresolved reference: dateFormat
e: file:///home/leonardo/Workplace/Simple-Gallery/app/src/main/kotlin/com/simplemobiletools/gallery/pro/activities/MainActivity.kt:233:26 Unresolved reference: getTimeFormat
e: file:///home/leonardo/Workplace/Simple-Gallery/app/src/main/kotlin/com/simplemobiletools/gallery/pro/activities/MainActivity.kt:236:58 Unresolved reference: getProperTextColor
e: file:///home/leonardo/Workplace/Simple-Gallery/app/src/main/kotlin/com/simplemobiletools/gallery/pro/activities/MainActivity.kt:260:94 Unresolved reference: search_files
e: file:///home/leonardo/Workplace/Simple-Gallery/app/src/main/kotlin/com/simplemobiletools/gallery/pro/activities/MainActivity.kt:262:94 Unresolved reference: search_folders
e: file:///home/leonardo/Workplace/Simple-Gallery/app/src/main/kotlin/com/simplemobiletools/gallery/pro/activities/MainActivity.kt:268:42 Variable expected
e: file:///home/leonardo/Workplace/Simple-Gallery/app/src/main/kotlin/com/simplemobiletools/gallery/pro/activities/MainActivity.kt:294:9 Unresolved reference: mTrackingTopBottomScroll
e: file:///home/leonardo/Workplace/Simple-Gallery/app/src/main/kotlin/com/simplemobiletools/gallery/pro/activities/MainActivity.kt:295:9 Unresolved reference: removeRecyclerScrollListener
e: file:///home/leonardo/Workplace/Simple-Gallery/app/src/main/kotlin/com/simplemobiletools/gallery/pro/activities/MainActivity.kt:296:9 Unresolved reference: ensureBackgroundThread
e: file:///home/leonardo/Workplace/Simple-Gallery/app/src/main/kotlin/com/simplemobiletools/gallery/pro/activities/MainActivity.kt:365:17 Unresolved reference: findItem
e: file:///home/leonardo/Workplace/Simple-Gallery/app/src/main/kotlin/com/simplemobiletools/gallery/pro/activities/MainActivity.kt:365:45 Variable expected
e: file:///home/leonardo/Workplace/Simple-Gallery/app/src/main/kotlin/com/simplemobiletools/gallery/pro/activities/MainActivity.kt:365:83 Unresolved reference: VIEW_TYPE_GRID
e: file:///home/leonardo/Workplace/Simple-Gallery/app/src/main/kotlin/com/simplemobiletools/gallery/pro/activities/MainActivity.kt:366:17 Unresolved reference: findItem
e: file:///home/leonardo/Workplace/Simple-Gallery/app/src/main/kotlin/com/simplemobiletools/gallery/pro/activities/MainActivity.kt:366:54 Variable expected
e: file:///home/leonardo/Workplace/Simple-Gallery/app/src/main/kotlin/com/simplemobiletools/gallery/pro/activities/MainActivity.kt:367:17 Unresolved reference: findItem
e: file:///home/leonardo/Workplace/Simple-Gallery/app/src/main/kotlin/com/simplemobiletools/gallery/pro/activities/MainActivity.kt:367:49 Variable expected
e: file:///home/leonardo/Workplace/Simple-Gallery/app/src/main/kotlin/com/simplemobiletools/gallery/pro/activities/MainActivity.kt:368:17 Unresolved reference: findItem
e: file:///home/leonardo/Workplace/Simple-Gallery/app/src/main/kotlin/com/simplemobiletools/gallery/pro/activities/MainActivity.kt:368:50 Variable expected
e: file:///home/leonardo/Workplace/Simple-Gallery/app/src/main/kotlin/com/simplemobiletools/gallery/pro/activities/MainActivity.kt:368:121 Unresolved reference: hide_google_relations
e: file:///home/leonardo/Workplace/Simple-Gallery/app/src/main/kotlin/com/simplemobiletools/gallery/pro/activities/MainActivity.kt:373:13 Unresolved reference: findItem
e: file:///home/leonardo/Workplace/Simple-Gallery/app/src/main/kotlin/com/simplemobiletools/gallery/pro/activities/MainActivity.kt:373:52 Variable expected
e: file:///home/leonardo/Workplace/Simple-Gallery/app/src/main/kotlin/com/simplemobiletools/gallery/pro/activities/MainActivity.kt:374:13 Unresolved reference: findItem
e: file:///home/leonardo/Workplace/Simple-Gallery/app/src/main/kotlin/com/simplemobiletools/gallery/pro/activities/MainActivity.kt:374:48 Variable expected
e: file:///home/leonardo/Workplace/Simple-Gallery/app/src/main/kotlin/com/simplemobiletools/gallery/pro/activities/MainActivity.kt:374:62 Unresolved reference: isRPlus
e: file:///home/leonardo/Workplace/Simple-Gallery/app/src/main/kotlin/com/simplemobiletools/gallery/pro/activities/MainActivity.kt:374:75 Unresolved reference: isExternalStorageManager
e: file:///home/leonardo/Workplace/Simple-Gallery/app/src/main/kotlin/com/simplemobiletools/gallery/pro/activities/MainActivity.kt:376:13 Unresolved reference: findItem
e: file:///home/leonardo/Workplace/Simple-Gallery/app/src/main/kotlin/com/simplemobiletools/gallery/pro/activities/MainActivity.kt:376:54 Variable expected
e: file:///home/leonardo/Workplace/Simple-Gallery/app/src/main/kotlin/com/simplemobiletools/gallery/pro/activities/MainActivity.kt:377:13 Unresolved reference: findItem
e: file:///home/leonardo/Workplace/Simple-Gallery/app/src/main/kotlin/com/simplemobiletools/gallery/pro/activities/MainActivity.kt:377:50 Variable expected
e: file:///home/leonardo/Workplace/Simple-Gallery/app/src/main/kotlin/com/simplemobiletools/gallery/pro/activities/MainActivity.kt:392:26 Variable expected
e: file:///home/leonardo/Workplace/Simple-Gallery/app/src/main/kotlin/com/simplemobiletools/gallery/pro/activities/MainActivity.kt:398:26 Variable expected
e: file:///home/leonardo/Workplace/Simple-Gallery/app/src/main/kotlin/com/simplemobiletools/gallery/pro/activities/MainActivity.kt:398:58 Cannot infer a type for this parameter. Please specify it explicitly.
e: file:///home/leonardo/Workplace/Simple-Gallery/app/src/main/kotlin/com/simplemobiletools/gallery/pro/activities/MainActivity.kt:400:46 Variable expected
e: file:///home/leonardo/Workplace/Simple-Gallery/app/src/main/kotlin/com/simplemobiletools/gallery/pro/activities/MainActivity.kt:404:68 Cannot infer a type for this parameter. Please specify it explicitly.
e: file:///home/leonardo/Workplace/Simple-Gallery/app/src/main/kotlin/com/simplemobiletools/gallery/pro/activities/MainActivity.kt:420:43 Unresolved reference: launchMoreAppsFromUsIntent
e: file:///home/leonardo/Workplace/Simple-Gallery/app/src/main/kotlin/com/simplemobiletools/gallery/pro/activities/MainActivity.kt:440:30 Unresolved reference: getProperBackgroundColor
e: file:///home/leonardo/Workplace/Simple-Gallery/app/src/main/kotlin/com/simplemobiletools/gallery/pro/activities/MainActivity.kt:447:28 Unresolved reference: getProperTextColor
e: file:///home/leonardo/Workplace/Simple-Gallery/app/src/main/kotlin/com/simplemobiletools/gallery/pro/activities/MainActivity.kt:448:31 Unresolved reference: getProperPrimaryColor
e: file:///home/leonardo/Workplace/Simple-Gallery/app/src/main/kotlin/com/simplemobiletools/gallery/pro/activities/MainActivity.kt:480:9 Unresolved reference: ensureBackgroundThread
e: file:///home/leonardo/Workplace/Simple-Gallery/app/src/main/kotlin/com/simplemobiletools/gallery/pro/activities/MainActivity.kt:481:25 Unresolved reference: wasOTGHandled
e: file:///home/leonardo/Workplace/Simple-Gallery/app/src/main/kotlin/com/simplemobiletools/gallery/pro/activities/MainActivity.kt:481:113 Unresolved reference: OTGPath
e: file:///home/leonardo/Workplace/Simple-Gallery/app/src/main/kotlin/com/simplemobiletools/gallery/pro/activities/MainActivity.kt:483:28 Unresolved reference: wasOTGHandled
e: file:///home/leonardo/Workplace/Simple-Gallery/app/src/main/kotlin/com/simplemobiletools/gallery/pro/activities/MainActivity.kt:485:28 Unresolved reference: OTGPath
e: file:///home/leonardo/Workplace/Simple-Gallery/app/src/main/kotlin/com/simplemobiletools/gallery/pro/activities/MainActivity.kt:498:34 Unresolved reference: OTGPath
e: file:///home/leonardo/Workplace/Simple-Gallery/app/src/main/kotlin/com/simplemobiletools/gallery/pro/activities/MainActivity.kt:500:46 Too many arguments for public fun Context.getDoesFilePathExist(path: String): Boolean defined in com.simplemobiletools.commons.extensions
e: file:///home/leonardo/Workplace/Simple-Gallery/app/src/main/kotlin/com/simplemobiletools/gallery/pro/activities/MainActivity.kt:526:64 Unresolved reference: upgraded_from_free_gallery
e: file:///home/leonardo/Workplace/Simple-Gallery/app/src/main/kotlin/com/simplemobiletools/gallery/pro/activities/MainActivity.kt:529:25 The boolean literal does not conform to the expected type () -> Unit
e: file:///home/leonardo/Workplace/Simple-Gallery/app/src/main/kotlin/com/simplemobiletools/gallery/pro/activities/MainActivity.kt:530:23 Too many arguments for public constructor ConfirmationDialog(activity: Activity, message: String = ..., messageId: Int = ..., positive: Int = ..., negative: Int = ..., callback: () -> Unit) defined in com.simplemobiletools.commons.dialogs.ConfirmationDialog
e: file:///home/leonardo/Workplace/Simple-Gallery/app/src/main/kotlin/com/simplemobiletools/gallery/pro/activities/MainActivity.kt:578:37 Variable expected
e: file:///home/leonardo/Workplace/Simple-Gallery/app/src/main/kotlin/com/simplemobiletools/gallery/pro/activities/MainActivity.kt:582:17 Unresolved reference: ensureBackgroundThread
e: file:///home/leonardo/Workplace/Simple-Gallery/app/src/main/kotlin/com/simplemobiletools/gallery/pro/activities/MainActivity.kt:594:46 Variable expected
e: file:///home/leonardo/Workplace/Simple-Gallery/app/src/main/kotlin/com/simplemobiletools/gallery/pro/activities/MainActivity.kt:595:37 Variable expected
e: file:///home/leonardo/Workplace/Simple-Gallery/app/src/main/kotlin/com/simplemobiletools/gallery/pro/activities/MainActivity.kt:619:37 Variable expected
e: file:///home/leonardo/Workplace/Simple-Gallery/app/src/main/kotlin/com/simplemobiletools/gallery/pro/activities/MainActivity.kt:628:17 Unresolved reference: isRPlus
e: file:///home/leonardo/Workplace/Simple-Gallery/app/src/main/kotlin/com/simplemobiletools/gallery/pro/activities/MainActivity.kt:628:31 Unresolved reference: isExternalStorageManager
e: file:///home/leonardo/Workplace/Simple-Gallery/app/src/main/kotlin/com/simplemobiletools/gallery/pro/activities/MainActivity.kt:642:33 Variable expected
e: file:///home/leonardo/Workplace/Simple-Gallery/app/src/main/kotlin/com/simplemobiletools/gallery/pro/activities/MainActivity.kt:660:33 Variable expected
e: file:///home/leonardo/Workplace/Simple-Gallery/app/src/main/kotlin/com/simplemobiletools/gallery/pro/activities/MainActivity.kt:680:117 Unresolved reference: moving_items_into_bin
e: file:///home/leonardo/Workplace/Simple-Gallery/app/src/main/kotlin/com/simplemobiletools/gallery/pro/activities/MainActivity.kt:692:33 Unresolved reference: isMediaFile
e: file:///home/leonardo/Workplace/Simple-Gallery/app/src/main/kotlin/com/simplemobiletools/gallery/pro/activities/MainActivity.kt:697:29 Unresolved reference: isSvg
e: file:///home/leonardo/Workplace/Simple-Gallery/app/src/main/kotlin/com/simplemobiletools/gallery/pro/activities/MainActivity.kt:718:30 Unresolved reference: OTGPath
e: file:///home/leonardo/Workplace/Simple-Gallery/app/src/main/kotlin/com/simplemobiletools/gallery/pro/activities/MainActivity.kt:724:13 Unresolved reference: ensureBackgroundThread
e: file:///home/leonardo/Workplace/Simple-Gallery/app/src/main/kotlin/com/simplemobiletools/gallery/pro/activities/MainActivity.kt:725:73 Too many arguments for public fun Context.getDoesFilePathExist(path: String): Boolean defined in com.simplemobiletools.commons.extensions
e: file:///home/leonardo/Workplace/Simple-Gallery/app/src/main/kotlin/com/simplemobiletools/gallery/pro/activities/MainActivity.kt:740:39 Unresolved reference: VIEW_TYPE_GRID
e: file:///home/leonardo/Workplace/Simple-Gallery/app/src/main/kotlin/com/simplemobiletools/gallery/pro/activities/MainActivity.kt:753:46 Variable expected
e: file:///home/leonardo/Workplace/Simple-Gallery/app/src/main/kotlin/com/simplemobiletools/gallery/pro/activities/MainActivity.kt:757:46 Variable expected
e: file:///home/leonardo/Workplace/Simple-Gallery/app/src/main/kotlin/com/simplemobiletools/gallery/pro/activities/MainActivity.kt:768:42 Variable expected
e: file:///home/leonardo/Workplace/Simple-Gallery/app/src/main/kotlin/com/simplemobiletools/gallery/pro/activities/MainActivity.kt:773:39 Unresolved reference: VIEW_TYPE_GRID
e: file:///home/leonardo/Workplace/Simple-Gallery/app/src/main/kotlin/com/simplemobiletools/gallery/pro/activities/MainActivity.kt:796:92 The boolean literal does not conform to the expected type (String) -> Unit
e: file:///home/leonardo/Workplace/Simple-Gallery/app/src/main/kotlin/com/simplemobiletools/gallery/pro/activities/MainActivity.kt:796:98 Too many arguments for public constructor FilePickerDialog(activity: BaseSimpleActivity, currPath: String = ..., pickFile: Boolean = ..., showHidden: Boolean = ..., showFAB: Boolean = ..., callback: (pickedPath: String) -> Unit) defined in com.simplemobiletools.commons.dialogs.FilePickerDialog
e: file:///home/leonardo/Workplace/Simple-Gallery/app/src/main/kotlin/com/simplemobiletools/gallery/pro/activities/MainActivity.kt:797:41 Expression expected, but a package name found
e: file:///home/leonardo/Workplace/Simple-Gallery/app/src/main/kotlin/com/simplemobiletools/gallery/pro/activities/MainActivity.kt:799:17 Unresolved reference: ensureBackgroundThread
e: file:///home/leonardo/Workplace/Simple-Gallery/app/src/main/kotlin/com/simplemobiletools/gallery/pro/activities/MainActivity.kt:808:37 Variable expected
e: file:///home/leonardo/Workplace/Simple-Gallery/app/src/main/kotlin/com/simplemobiletools/gallery/pro/activities/MainActivity.kt:816:104 Unresolved reference: column_counts
e: file:///home/leonardo/Workplace/Simple-Gallery/app/src/main/kotlin/com/simplemobiletools/gallery/pro/activities/MainActivity.kt:922:17 Unresolved reference: ensureBackgroundThread
e: file:///home/leonardo/Workplace/Simple-Gallery/app/src/main/kotlin/com/simplemobiletools/gallery/pro/activities/MainActivity.kt:945:13 Unresolved reference: handleLockedFolderOpening
e: file:///home/leonardo/Workplace/Simple-Gallery/app/src/main/kotlin/com/simplemobiletools/gallery/pro/activities/MainActivity.kt:945:47 Cannot infer a type for this parameter. Please specify it explicitly.
e: file:///home/leonardo/Workplace/Simple-Gallery/app/src/main/kotlin/com/simplemobiletools/gallery/pro/activities/MainActivity.kt:1028:43 Unresolved reference: FAVORITES
e: file:///home/leonardo/Workplace/Simple-Gallery/app/src/main/kotlin/com/simplemobiletools/gallery/pro/activities/MainActivity.kt:1031:28 Unresolved reference: FAVORITES
e: file:///home/leonardo/Workplace/Simple-Gallery/app/src/main/kotlin/com/simplemobiletools/gallery/pro/activities/MainActivity.kt:1048:38 Unresolved reference: getFolderSorting
e: file:///home/leonardo/Workplace/Simple-Gallery/app/src/main/kotlin/com/simplemobiletools/gallery/pro/activities/MainActivity.kt:1132:30 Unresolved reference: FAVORITES
e: file:///home/leonardo/Workplace/Simple-Gallery/app/src/main/kotlin/com/simplemobiletools/gallery/pro/activities/MainActivity.kt:1133:30 Unresolved reference: FAVORITES
e: file:///home/leonardo/Workplace/Simple-Gallery/app/src/main/kotlin/com/simplemobiletools/gallery/pro/activities/MainActivity.kt:1145:63 Unresolved reference: FAVORITES
e: file:///home/leonardo/Workplace/Simple-Gallery/app/src/main/kotlin/com/simplemobiletools/gallery/pro/activities/MainActivity.kt:1155:34 Unresolved reference: getFolderSorting
e: file:///home/leonardo/Workplace/Simple-Gallery/app/src/main/kotlin/com/simplemobiletools/gallery/pro/activities/MainActivity.kt:1193:60 Unresolved reference: FAVORITES
e: file:///home/leonardo/Workplace/Simple-Gallery/app/src/main/kotlin/com/simplemobiletools/gallery/pro/activities/MainActivity.kt:1207:46 Variable expected
e: file:///home/leonardo/Workplace/Simple-Gallery/app/src/main/kotlin/com/simplemobiletools/gallery/pro/activities/MainActivity.kt:1254:130 Unresolved reference: FAVORITES
e: file:///home/leonardo/Workplace/Simple-Gallery/app/src/main/kotlin/com/simplemobiletools/gallery/pro/activities/MainActivity.kt:1270:49 Variable expected
e: file:///home/leonardo/Workplace/Simple-Gallery/app/src/main/kotlin/com/simplemobiletools/gallery/pro/activities/MainActivity.kt:1273:17 Unresolved reference: isRPlus
e: file:///home/leonardo/Workplace/Simple-Gallery/app/src/main/kotlin/com/simplemobiletools/gallery/pro/activities/MainActivity.kt:1273:31 Unresolved reference: isExternalStorageManager
e: file:///home/leonardo/Workplace/Simple-Gallery/app/src/main/kotlin/com/simplemobiletools/gallery/pro/activities/MainActivity.kt:1274:53 Variable expected
e: file:///home/leonardo/Workplace/Simple-Gallery/app/src/main/kotlin/com/simplemobiletools/gallery/pro/activities/MainActivity.kt:1277:53 Variable expected
e: file:///home/leonardo/Workplace/Simple-Gallery/app/src/main/kotlin/com/simplemobiletools/gallery/pro/activities/MainActivity.kt:1278:54 Variable expected
e: file:///home/leonardo/Workplace/Simple-Gallery/app/src/main/kotlin/com/simplemobiletools/gallery/pro/activities/MainActivity.kt:1287:49 Variable expected
e: file:///home/leonardo/Workplace/Simple-Gallery/app/src/main/kotlin/com/simplemobiletools/gallery/pro/activities/MainActivity.kt:1288:50 Variable expected
e: file:///home/leonardo/Workplace/Simple-Gallery/app/src/main/kotlin/com/simplemobiletools/gallery/pro/activities/MainActivity.kt:1305:47 Unresolved reference: isRestrictedWithSAFSdk30
e: file:///home/leonardo/Workplace/Simple-Gallery/app/src/main/kotlin/com/simplemobiletools/gallery/pro/activities/MainActivity.kt:1333:45 Variable expected
e: file:///home/leonardo/Workplace/Simple-Gallery/app/src/main/kotlin/com/simplemobiletools/gallery/pro/activities/MainActivity.kt:1336:51 Unresolved reference: VIEW_TYPE_LIST
e: file:///home/leonardo/Workplace/Simple-Gallery/app/src/main/kotlin/com/simplemobiletools/gallery/pro/activities/MainActivity.kt:1336:69 Unresolved reference: areSystemAnimationsEnabled
e: file:///home/leonardo/Workplace/Simple-Gallery/app/src/main/kotlin/com/simplemobiletools/gallery/pro/activities/MainActivity.kt:1360:89 Unresolved reference: VIEW_TYPE_GRID
e: file:///home/leonardo/Workplace/Simple-Gallery/app/src/main/kotlin/com/simplemobiletools/gallery/pro/activities/MainActivity.kt:1366:30 Unresolved reference: OTGPath
e: file:///home/leonardo/Workplace/Simple-Gallery/app/src/main/kotlin/com/simplemobiletools/gallery/pro/activities/MainActivity.kt:1368:48 Too many arguments for public fun Context.getDoesFilePathExist(path: String): Boolean defined in com.simplemobiletools.commons.extensions
e: file:///home/leonardo/Workplace/Simple-Gallery/app/src/main/kotlin/com/simplemobiletools/gallery/pro/activities/MainActivity.kt:1370:62 Unresolved reference: isRPlus
e: file:///home/leonardo/Workplace/Simple-Gallery/app/src/main/kotlin/com/simplemobiletools/gallery/pro/activities/MainActivity.kt:1370:75 Unresolved reference: isExternalStorageManager
e: file:///home/leonardo/Workplace/Simple-Gallery/app/src/main/kotlin/com/simplemobiletools/gallery/pro/activities/MainActivity.kt:1372:36 Unresolved reference: isPathOnOTG
e: file:///home/leonardo/Workplace/Simple-Gallery/app/src/main/kotlin/com/simplemobiletools/gallery/pro/activities/MainActivity.kt:1379:39 Unresolved reference: isMediaFile
e: file:///home/leonardo/Workplace/Simple-Gallery/app/src/main/kotlin/com/simplemobiletools/gallery/pro/activities/MainActivity.kt:1420:9 Unresolved reference: ensureBackgroundThread
e: file:///home/leonardo/Workplace/Simple-Gallery/app/src/main/kotlin/com/simplemobiletools/gallery/pro/activities/MainActivity.kt:1434:13 Unresolved reference: ensureBackgroundThread
e: file:///home/leonardo/Workplace/Simple-Gallery/app/src/main/kotlin/com/simplemobiletools/gallery/pro/activities/MainActivity.kt:1455:17 Unresolved reference: ensureBackgroundThread
e: file:///home/leonardo/Workplace/Simple-Gallery/app/src/main/kotlin/com/simplemobiletools/gallery/pro/activities/MainActivity.kt:1459:72 Unresolved reference: recycleBinPath
e: file:///home/leonardo/Workplace/Simple-Gallery/app/src/main/kotlin/com/simplemobiletools/gallery/pro/activities/MainActivity.kt:1474:9 Unresolved reference: ensureBackgroundThread
e: file:///home/leonardo/Workplace/Simple-Gallery/app/src/main/kotlin/com/simplemobiletools/gallery/pro/activities/MainActivity.kt:1503:38 Unresolved reference: OTGPath
e: file:///home/leonardo/Workplace/Simple-Gallery/app/src/main/kotlin/com/simplemobiletools/gallery/pro/activities/MainActivity.kt:1506:65 Too many arguments for public fun Context.getDoesFilePathExist(path: String): Boolean defined in com.simplemobiletools.commons.extensions
e: file:///home/leonardo/Workplace/Simple-Gallery/app/src/main/kotlin/com/simplemobiletools/gallery/pro/activities/MainActivity.kt:1524:52 Unresolved reference: isMediaFile
e: file:///home/leonardo/Workplace/Simple-Gallery/app/src/main/kotlin/com/simplemobiletools/gallery/pro/activities/MainActivity.kt:1541:9 Unresolved reference: ensureBackgroundThread
e: file:///home/leonardo/Workplace/Simple-Gallery/app/src/main/kotlin/com/simplemobiletools/gallery/pro/activities/MainActivity.kt:1547:9 Unresolved reference: ensureBackgroundThread
e: file:///home/leonardo/Workplace/Simple-Gallery/app/src/main/kotlin/com/simplemobiletools/gallery/pro/activities/MediaActivity.kt:73:28 Unresolved reference: viewBinding
e: file:///home/leonardo/Workplace/Simple-Gallery/app/src/main/kotlin/com/simplemobiletools/gallery/pro/activities/MediaActivity.kt:80:9 Unresolved reference: isMaterialActivity
e: file:///home/leonardo/Workplace/Simple-Gallery/app/src/main/kotlin/com/simplemobiletools/gallery/pro/activities/MediaActivity.kt:103:9 Unresolved reference: updateMaterialActivityViews
e: file:///home/leonardo/Workplace/Simple-Gallery/app/src/main/kotlin/com/simplemobiletools/gallery/pro/activities/MediaActivity.kt:112:60 Unresolved reference: upgraded_from_free_gallery
e: file:///home/leonardo/Workplace/Simple-Gallery/app/src/main/kotlin/com/simplemobiletools/gallery/pro/activities/MediaActivity.kt:115:21 The boolean literal does not conform to the expected type () -> Unit
e: file:///home/leonardo/Workplace/Simple-Gallery/app/src/main/kotlin/com/simplemobiletools/gallery/pro/activities/MediaActivity.kt:116:19 Too many arguments for public constructor ConfirmationDialog(activity: Activity, message: String = ..., messageId: Int = ..., positive: Int = ..., negative: Int = ..., callback: () -> Unit) defined in com.simplemobiletools.commons.dialogs.ConfirmationDialog
e: file:///home/leonardo/Workplace/Simple-Gallery/app/src/main/kotlin/com/simplemobiletools/gallery/pro/activities/MediaActivity.kt:145:31 Variable expected
e: file:///home/leonardo/Workplace/Simple-Gallery/app/src/main/kotlin/com/simplemobiletools/gallery/pro/activities/MediaActivity.kt:153:33 Unresolved reference: getProperTextColor
e: file:///home/leonardo/Workplace/Simple-Gallery/app/src/main/kotlin/com/simplemobiletools/gallery/pro/activities/MediaActivity.kt:154:48 Unresolved reference: getProperTextColor
e: file:///home/leonardo/Workplace/Simple-Gallery/app/src/main/kotlin/com/simplemobiletools/gallery/pro/activities/MediaActivity.kt:157:28 Unresolved reference: getProperPrimaryColor
e: file:///home/leonardo/Workplace/Simple-Gallery/app/src/main/kotlin/com/simplemobiletools/gallery/pro/activities/MediaActivity.kt:159:50 No value passed for parameter 'primaryColor'
e: file:///home/leonardo/Workplace/Simple-Gallery/app/src/main/kotlin/com/simplemobiletools/gallery/pro/activities/MediaActivity.kt:167:31 Variable expected
e: file:///home/leonardo/Workplace/Simple-Gallery/app/src/main/kotlin/com/simplemobiletools/gallery/pro/activities/MediaActivity.kt:174:36 Variable expected
e: file:///home/leonardo/Workplace/Simple-Gallery/app/src/main/kotlin/com/simplemobiletools/gallery/pro/activities/MediaActivity.kt:176:33 Unresolved reference: dateFormat
e: file:///home/leonardo/Workplace/Simple-Gallery/app/src/main/kotlin/com/simplemobiletools/gallery/pro/activities/MediaActivity.kt:177:26 Unresolved reference: getTimeFormat
e: file:///home/leonardo/Workplace/Simple-Gallery/app/src/main/kotlin/com/simplemobiletools/gallery/pro/activities/MediaActivity.kt:180:56 Unresolved reference: getProperTextColor
e: file:///home/leonardo/Workplace/Simple-Gallery/app/src/main/kotlin/com/simplemobiletools/gallery/pro/activities/MediaActivity.kt:181:57 Unresolved reference: getProperPrimaryColor
e: file:///home/leonardo/Workplace/Simple-Gallery/app/src/main/kotlin/com/simplemobiletools/gallery/pro/activities/MediaActivity.kt:185:38 Unresolved reference: getFolderSorting
e: file:///home/leonardo/Workplace/Simple-Gallery/app/src/main/kotlin/com/simplemobiletools/gallery/pro/activities/MediaActivity.kt:185:66 Unresolved reference: SORT_BY_RANDOM
e: file:///home/leonardo/Workplace/Simple-Gallery/app/src/main/kotlin/com/simplemobiletools/gallery/pro/activities/MediaActivity.kt:190:17 Unresolved reference: handleLockedFolderOpening
e: file:///home/leonardo/Workplace/Simple-Gallery/app/src/main/kotlin/com/simplemobiletools/gallery/pro/activities/MediaActivity.kt:190:52 Cannot infer a type for this parameter. Please specify it explicitly.
e: file:///home/leonardo/Workplace/Simple-Gallery/app/src/main/kotlin/com/simplemobiletools/gallery/pro/activities/MediaActivity.kt:204:36 Variable expected
e: file:///home/leonardo/Workplace/Simple-Gallery/app/src/main/kotlin/com/simplemobiletools/gallery/pro/activities/MediaActivity.kt:262:13 Unresolved reference: findItem
e: file:///home/leonardo/Workplace/Simple-Gallery/app/src/main/kotlin/com/simplemobiletools/gallery/pro/activities/MediaActivity.kt:262:34 Variable expected
e: file:///home/leonardo/Workplace/Simple-Gallery/app/src/main/kotlin/com/simplemobiletools/gallery/pro/activities/MediaActivity.kt:264:13 Unresolved reference: findItem
e: file:///home/leonardo/Workplace/Simple-Gallery/app/src/main/kotlin/com/simplemobiletools/gallery/pro/activities/MediaActivity.kt:264:46 Variable expected
e: file:///home/leonardo/Workplace/Simple-Gallery/app/src/main/kotlin/com/simplemobiletools/gallery/pro/activities/MediaActivity.kt:265:13 Unresolved reference: findItem
e: file:///home/leonardo/Workplace/Simple-Gallery/app/src/main/kotlin/com/simplemobiletools/gallery/pro/activities/MediaActivity.kt:265:54 Variable expected
e: file:///home/leonardo/Workplace/Simple-Gallery/app/src/main/kotlin/com/simplemobiletools/gallery/pro/activities/MediaActivity.kt:266:13 Unresolved reference: findItem
e: file:///home/leonardo/Workplace/Simple-Gallery/app/src/main/kotlin/com/simplemobiletools/gallery/pro/activities/MediaActivity.kt:266:46 Variable expected
e: file:///home/leonardo/Workplace/Simple-Gallery/app/src/main/kotlin/com/simplemobiletools/gallery/pro/activities/MediaActivity.kt:268:13 Unresolved reference: findItem
e: file:///home/leonardo/Workplace/Simple-Gallery/app/src/main/kotlin/com/simplemobiletools/gallery/pro/activities/MediaActivity.kt:268:40 Variable expected
e: file:///home/leonardo/Workplace/Simple-Gallery/app/src/main/kotlin/com/simplemobiletools/gallery/pro/activities/MediaActivity.kt:269:13 Unresolved reference: findItem
e: file:///home/leonardo/Workplace/Simple-Gallery/app/src/main/kotlin/com/simplemobiletools/gallery/pro/activities/MediaActivity.kt:269:40 Variable expected
e: file:///home/leonardo/Workplace/Simple-Gallery/app/src/main/kotlin/com/simplemobiletools/gallery/pro/activities/MediaActivity.kt:270:13 Unresolved reference: findItem
e: file:///home/leonardo/Workplace/Simple-Gallery/app/src/main/kotlin/com/simplemobiletools/gallery/pro/activities/MediaActivity.kt:270:34 Variable expected
e: file:///home/leonardo/Workplace/Simple-Gallery/app/src/main/kotlin/com/simplemobiletools/gallery/pro/activities/MediaActivity.kt:271:13 Unresolved reference: findItem
e: file:///home/leonardo/Workplace/Simple-Gallery/app/src/main/kotlin/com/simplemobiletools/gallery/pro/activities/MediaActivity.kt:271:46 Variable expected
e: file:///home/leonardo/Workplace/Simple-Gallery/app/src/main/kotlin/com/simplemobiletools/gallery/pro/activities/MediaActivity.kt:271:104 Unresolved reference: FAVORITES
e: file:///home/leonardo/Workplace/Simple-Gallery/app/src/main/kotlin/com/simplemobiletools/gallery/pro/activities/MediaActivity.kt:272:13 Unresolved reference: findItem
e: file:///home/leonardo/Workplace/Simple-Gallery/app/src/main/kotlin/com/simplemobiletools/gallery/pro/activities/MediaActivity.kt:272:45 Variable expected
e: file:///home/leonardo/Workplace/Simple-Gallery/app/src/main/kotlin/com/simplemobiletools/gallery/pro/activities/MediaActivity.kt:274:13 Unresolved reference: findItem
e: file:///home/leonardo/Workplace/Simple-Gallery/app/src/main/kotlin/com/simplemobiletools/gallery/pro/activities/MediaActivity.kt:274:52 Variable expected
e: file:///home/leonardo/Workplace/Simple-Gallery/app/src/main/kotlin/com/simplemobiletools/gallery/pro/activities/MediaActivity.kt:275:13 Unresolved reference: findItem
e: file:///home/leonardo/Workplace/Simple-Gallery/app/src/main/kotlin/com/simplemobiletools/gallery/pro/activities/MediaActivity.kt:275:48 Variable expected
e: file:///home/leonardo/Workplace/Simple-Gallery/app/src/main/kotlin/com/simplemobiletools/gallery/pro/activities/MediaActivity.kt:275:62 Unresolved reference: isRPlus
e: file:///home/leonardo/Workplace/Simple-Gallery/app/src/main/kotlin/com/simplemobiletools/gallery/pro/activities/MediaActivity.kt:275:75 Unresolved reference: isExternalStorageManager
e: file:///home/leonardo/Workplace/Simple-Gallery/app/src/main/kotlin/com/simplemobiletools/gallery/pro/activities/MediaActivity.kt:277:13 Unresolved reference: findItem
e: file:///home/leonardo/Workplace/Simple-Gallery/app/src/main/kotlin/com/simplemobiletools/gallery/pro/activities/MediaActivity.kt:277:50 Variable expected
e: file:///home/leonardo/Workplace/Simple-Gallery/app/src/main/kotlin/com/simplemobiletools/gallery/pro/activities/MediaActivity.kt:278:13 Unresolved reference: findItem
e: file:///home/leonardo/Workplace/Simple-Gallery/app/src/main/kotlin/com/simplemobiletools/gallery/pro/activities/MediaActivity.kt:278:52 Variable expected
e: file:///home/leonardo/Workplace/Simple-Gallery/app/src/main/kotlin/com/simplemobiletools/gallery/pro/activities/MediaActivity.kt:281:13 Unresolved reference: findItem
e: file:///home/leonardo/Workplace/Simple-Gallery/app/src/main/kotlin/com/simplemobiletools/gallery/pro/activities/MediaActivity.kt:281:41 Variable expected
e: file:///home/leonardo/Workplace/Simple-Gallery/app/src/main/kotlin/com/simplemobiletools/gallery/pro/activities/MediaActivity.kt:281:65 Unresolved reference: VIEW_TYPE_GRID
e: file:///home/leonardo/Workplace/Simple-Gallery/app/src/main/kotlin/com/simplemobiletools/gallery/pro/activities/MediaActivity.kt:282:13 Unresolved reference: findItem
e: file:///home/leonardo/Workplace/Simple-Gallery/app/src/main/kotlin/com/simplemobiletools/gallery/pro/activities/MediaActivity.kt:282:44 Variable expected
e: file:///home/leonardo/Workplace/Simple-Gallery/app/src/main/kotlin/com/simplemobiletools/gallery/pro/activities/MediaActivity.kt:282:68 Unresolved reference: VIEW_TYPE_GRID
e: file:///home/leonardo/Workplace/Simple-Gallery/app/src/main/kotlin/com/simplemobiletools/gallery/pro/activities/MediaActivity.kt:291:27 Variable expected
e: file:///home/leonardo/Workplace/Simple-Gallery/app/src/main/kotlin/com/simplemobiletools/gallery/pro/activities/MediaActivity.kt:291:59 Cannot infer a type for this parameter. Please specify it explicitly.
e: file:///home/leonardo/Workplace/Simple-Gallery/app/src/main/kotlin/com/simplemobiletools/gallery/pro/activities/MediaActivity.kt:294:40 Variable expected
e: file:///home/leonardo/Workplace/Simple-Gallery/app/src/main/kotlin/com/simplemobiletools/gallery/pro/activities/MediaActivity.kt:297:69 Cannot infer a type for this parameter. Please specify it explicitly.
e: file:///home/leonardo/Workplace/Simple-Gallery/app/src/main/kotlin/com/simplemobiletools/gallery/pro/activities/MediaActivity.kt:340:30 Unresolved reference: getProperBackgroundColor
e: file:///home/leonardo/Workplace/Simple-Gallery/app/src/main/kotlin/com/simplemobiletools/gallery/pro/activities/MediaActivity.kt:345:28 Unresolved reference: getProperTextColor
e: file:///home/leonardo/Workplace/Simple-Gallery/app/src/main/kotlin/com/simplemobiletools/gallery/pro/activities/MediaActivity.kt:346:31 Unresolved reference: getProperPrimaryColor
e: file:///home/leonardo/Workplace/Simple-Gallery/app/src/main/kotlin/com/simplemobiletools/gallery/pro/activities/MediaActivity.kt:360:9 Unresolved reference: ensureBackgroundThread
e: file:///home/leonardo/Workplace/Simple-Gallery/app/src/main/kotlin/com/simplemobiletools/gallery/pro/activities/MediaActivity.kt:367:59 Variable expected
e: file:///home/leonardo/Workplace/Simple-Gallery/app/src/main/kotlin/com/simplemobiletools/gallery/pro/activities/MediaActivity.kt:387:30 Unresolved reference: FAVORITES
e: file:///home/leonardo/Workplace/Simple-Gallery/app/src/main/kotlin/com/simplemobiletools/gallery/pro/activities/MediaActivity.kt:389:37 Unresolved reference: OTGPath
e: file:///home/leonardo/Workplace/Simple-Gallery/app/src/main/kotlin/com/simplemobiletools/gallery/pro/activities/MediaActivity.kt:389:97 Unresolved reference: usb
e: file:///home/leonardo/Workplace/Simple-Gallery/app/src/main/kotlin/com/simplemobiletools/gallery/pro/activities/MediaActivity.kt:394:70 Unresolved reference: search_files
e: file:///home/leonardo/Workplace/Simple-Gallery/app/src/main/kotlin/com/simplemobiletools/gallery/pro/activities/MediaActivity.kt:396:70 Unresolved reference: search_in_placeholder
e: file:///home/leonardo/Workplace/Simple-Gallery/app/src/main/kotlin/com/simplemobiletools/gallery/pro/activities/MediaActivity.kt:402:39 Variable expected
e: file:///home/leonardo/Workplace/Simple-Gallery/app/src/main/kotlin/com/simplemobiletools/gallery/pro/activities/MediaActivity.kt:435:35 Variable expected
e: file:///home/leonardo/Workplace/Simple-Gallery/app/src/main/kotlin/com/simplemobiletools/gallery/pro/activities/MediaActivity.kt:439:29 Unresolved reference: VIEW_TYPE_LIST
e: file:///home/leonardo/Workplace/Simple-Gallery/app/src/main/kotlin/com/simplemobiletools/gallery/pro/activities/MediaActivity.kt:439:47 Unresolved reference: areSystemAnimationsEnabled
e: file:///home/leonardo/Workplace/Simple-Gallery/app/src/main/kotlin/com/simplemobiletools/gallery/pro/activities/MediaActivity.kt:457:75 Unresolved reference: VIEW_TYPE_GRID
e: file:///home/leonardo/Workplace/Simple-Gallery/app/src/main/kotlin/com/simplemobiletools/gallery/pro/activities/MediaActivity.kt:462:35 Unresolved reference: getFolderSorting
e: file:///home/leonardo/Workplace/Simple-Gallery/app/src/main/kotlin/com/simplemobiletools/gallery/pro/activities/MediaActivity.kt:462:63 Unresolved reference: SORT_BY_RANDOM
e: file:///home/leonardo/Workplace/Simple-Gallery/app/src/main/kotlin/com/simplemobiletools/gallery/pro/activities/MediaActivity.kt:468:13 Unresolved reference: ensureBackgroundThread
e: file:///home/leonardo/Workplace/Simple-Gallery/app/src/main/kotlin/com/simplemobiletools/gallery/pro/activities/MediaActivity.kt:487:31 Variable expected
e: file:///home/leonardo/Workplace/Simple-Gallery/app/src/main/kotlin/com/simplemobiletools/gallery/pro/activities/MediaActivity.kt:495:40 Variable expected
e: file:///home/leonardo/Workplace/Simple-Gallery/app/src/main/kotlin/com/simplemobiletools/gallery/pro/activities/MediaActivity.kt:496:31 Variable expected
e: file:///home/leonardo/Workplace/Simple-Gallery/app/src/main/kotlin/com/simplemobiletools/gallery/pro/activities/MediaActivity.kt:520:13 Unresolved reference: ensureBackgroundThread
e: file:///home/leonardo/Workplace/Simple-Gallery/app/src/main/kotlin/com/simplemobiletools/gallery/pro/activities/MediaActivity.kt:543:31 Variable expected
e: file:///home/leonardo/Workplace/Simple-Gallery/app/src/main/kotlin/com/simplemobiletools/gallery/pro/activities/MediaActivity.kt:551:31 Variable expected
e: file:///home/leonardo/Workplace/Simple-Gallery/app/src/main/kotlin/com/simplemobiletools/gallery/pro/activities/MediaActivity.kt:560:17 Unresolved reference: ensureBackgroundThread
e: file:///home/leonardo/Workplace/Simple-Gallery/app/src/main/kotlin/com/simplemobiletools/gallery/pro/activities/MediaActivity.kt:581:52 Variable expected
e: file:///home/leonardo/Workplace/Simple-Gallery/app/src/main/kotlin/com/simplemobiletools/gallery/pro/activities/MediaActivity.kt:596:13 Unresolved reference: ensureBackgroundThread
e: file:///home/leonardo/Workplace/Simple-Gallery/app/src/main/kotlin/com/simplemobiletools/gallery/pro/activities/MediaActivity.kt:605:38 Unresolved reference: FAVORITES
e: file:///home/leonardo/Workplace/Simple-Gallery/app/src/main/kotlin/com/simplemobiletools/gallery/pro/activities/MediaActivity.kt:622:26 Unresolved reference: FAVORITES
e: file:///home/leonardo/Workplace/Simple-Gallery/app/src/main/kotlin/com/simplemobiletools/gallery/pro/activities/MediaActivity.kt:627:26 Unresolved reference: FAVORITES
e: file:///home/leonardo/Workplace/Simple-Gallery/app/src/main/kotlin/com/simplemobiletools/gallery/pro/activities/MediaActivity.kt:628:17 Unresolved reference: ensureBackgroundThread
e: file:///home/leonardo/Workplace/Simple-Gallery/app/src/main/kotlin/com/simplemobiletools/gallery/pro/activities/MediaActivity.kt:629:47 Unresolved reference: FAVORITES
e: file:///home/leonardo/Workplace/Simple-Gallery/app/src/main/kotlin/com/simplemobiletools/gallery/pro/activities/MediaActivity.kt:648:9 Unresolved reference: ensureBackgroundThread
e: file:///home/leonardo/Workplace/Simple-Gallery/app/src/main/kotlin/com/simplemobiletools/gallery/pro/activities/MediaActivity.kt:666:17 Unresolved reference: isRPlus
e: file:///home/leonardo/Workplace/Simple-Gallery/app/src/main/kotlin/com/simplemobiletools/gallery/pro/activities/MediaActivity.kt:666:31 Unresolved reference: isExternalStorageManager
e: file:///home/leonardo/Workplace/Simple-Gallery/app/src/main/kotlin/com/simplemobiletools/gallery/pro/activities/MediaActivity.kt:685:25 Unresolved reference: VIEW_TYPE_GRID
e: file:///home/leonardo/Workplace/Simple-Gallery/app/src/main/kotlin/com/simplemobiletools/gallery/pro/activities/MediaActivity.kt:696:40 Variable expected
e: file:///home/leonardo/Workplace/Simple-Gallery/app/src/main/kotlin/com/simplemobiletools/gallery/pro/activities/MediaActivity.kt:699:40 Variable expected
e: file:///home/leonardo/Workplace/Simple-Gallery/app/src/main/kotlin/com/simplemobiletools/gallery/pro/activities/MediaActivity.kt:719:36 Variable expected
e: file:///home/leonardo/Workplace/Simple-Gallery/app/src/main/kotlin/com/simplemobiletools/gallery/pro/activities/MediaActivity.kt:725:25 Unresolved reference: VIEW_TYPE_GRID
e: file:///home/leonardo/Workplace/Simple-Gallery/app/src/main/kotlin/com/simplemobiletools/gallery/pro/activities/MediaActivity.kt:748:25 Unresolved reference: VIEW_TYPE_GRID
e: file:///home/leonardo/Workplace/Simple-Gallery/app/src/main/kotlin/com/simplemobiletools/gallery/pro/activities/MediaActivity.kt:773:104 Unresolved reference: column_counts
e: file:///home/leonardo/Workplace/Simple-Gallery/app/src/main/kotlin/com/simplemobiletools/gallery/pro/activities/MediaActivity.kt:846:51 Unresolved reference: FAVORITES
e: file:///home/leonardo/Workplace/Simple-Gallery/app/src/main/kotlin/com/simplemobiletools/gallery/pro/activities/MediaActivity.kt:847:37 Unresolved reference: recycleBinPath
e: file:///home/leonardo/Workplace/Simple-Gallery/app/src/main/kotlin/com/simplemobiletools/gallery/pro/activities/MediaActivity.kt:860:55 Unresolved reference: FAVORITES
e: file:///home/leonardo/Workplace/Simple-Gallery/app/src/main/kotlin/com/simplemobiletools/gallery/pro/activities/MediaActivity.kt:875:40 Variable expected
e: file:///home/leonardo/Workplace/Simple-Gallery/app/src/main/kotlin/com/simplemobiletools/gallery/pro/activities/MediaActivity.kt:880:51 Variable expected
e: file:///home/leonardo/Workplace/Simple-Gallery/app/src/main/kotlin/com/simplemobiletools/gallery/pro/activities/MediaActivity.kt:900:86 Unresolved reference: isMediaFile
e: file:///home/leonardo/Workplace/Simple-Gallery/app/src/main/kotlin/com/simplemobiletools/gallery/pro/activities/MediaActivity.kt:905:90 Unresolved reference: recycleBinPath
e: file:///home/leonardo/Workplace/Simple-Gallery/app/src/main/kotlin/com/simplemobiletools/gallery/pro/activities/MediaActivity.kt:906:99 Unresolved reference: moving_items_into_bin
e: file:///home/leonardo/Workplace/Simple-Gallery/app/src/main/kotlin/com/simplemobiletools/gallery/pro/activities/MediaActivity.kt:934:13 Unresolved reference: ensureBackgroundThread
e: file:///home/leonardo/Workplace/Simple-Gallery/app/src/main/kotlin/com/simplemobiletools/gallery/pro/activities/MediaActivity.kt:937:44 Unresolved reference: recycleBinPath
e: file:///home/leonardo/Workplace/Simple-Gallery/app/src/main/kotlin/com/simplemobiletools/gallery/pro/activities/PanoramaPhotoActivity.kt:13:19 Unresolved reference: vr
e: file:///home/leonardo/Workplace/Simple-Gallery/app/src/main/kotlin/com/simplemobiletools/gallery/pro/activities/PanoramaPhotoActivity.kt:14:19 Unresolved reference: vr
e: file:///home/leonardo/Workplace/Simple-Gallery/app/src/main/kotlin/com/simplemobiletools/gallery/pro/activities/PanoramaPhotoActivity.kt:16:46 Unresolved reference: ensureBackgroundThread
e: file:///home/leonardo/Workplace/Simple-Gallery/app/src/main/kotlin/com/simplemobiletools/gallery/pro/activities/PanoramaPhotoActivity.kt:17:46 Unresolved reference: isRPlus
e: file:///home/leonardo/Workplace/Simple-Gallery/app/src/main/kotlin/com/simplemobiletools/gallery/pro/activities/PanoramaPhotoActivity.kt:32:28 Unresolved reference: viewBinding
e: file:///home/leonardo/Workplace/Simple-Gallery/app/src/main/kotlin/com/simplemobiletools/gallery/pro/activities/PanoramaPhotoActivity.kt:44:34 Variable expected
e: file:///home/leonardo/Workplace/Simple-Gallery/app/src/main/kotlin/com/simplemobiletools/gallery/pro/activities/PanoramaPhotoActivity.kt:55:13 Unresolved reference: isRPlus
e: file:///home/leonardo/Workplace/Simple-Gallery/app/src/main/kotlin/com/simplemobiletools/gallery/pro/activities/PanoramaPhotoActivity.kt:106:27 Unresolved reference: VrPanoramaView
e: file:///home/leonardo/Workplace/Simple-Gallery/app/src/main/kotlin/com/simplemobiletools/gallery/pro/activities/PanoramaPhotoActivity.kt:107:21 Variable expected
e: file:///home/leonardo/Workplace/Simple-Gallery/app/src/main/kotlin/com/simplemobiletools/gallery/pro/activities/PanoramaPhotoActivity.kt:107:33 Unresolved reference: VrPanoramaView
e: file:///home/leonardo/Workplace/Simple-Gallery/app/src/main/kotlin/com/simplemobiletools/gallery/pro/activities/PanoramaPhotoActivity.kt:108:13 Unresolved reference: ensureBackgroundThread
e: file:///home/leonardo/Workplace/Simple-Gallery/app/src/main/kotlin/com/simplemobiletools/gallery/pro/activities/PanoramaPhotoActivity.kt:112:25 Unresolved reference. None of the following candidates is applicable because of receiver type mismatch: 
public fun View.beVisible(): Unit defined in com.simplemobiletools.commons.extensions
e: file:///home/leonardo/Workplace/Simple-Gallery/app/src/main/kotlin/com/simplemobiletools/gallery/pro/activities/PanoramaPhotoActivity.kt:113:25 Unresolved reference: loadImageFromBitmap
e: file:///home/leonardo/Workplace/Simple-Gallery/app/src/main/kotlin/com/simplemobiletools/gallery/pro/activities/PanoramaPhotoActivity.kt:114:25 Unresolved reference: setFlingingEnabled
e: file:///home/leonardo/Workplace/Simple-Gallery/app/src/main/kotlin/com/simplemobiletools/gallery/pro/activities/PanoramaPhotoActivity.kt:115:25 Unresolved reference: setPureTouchTracking
e: file:///home/leonardo/Workplace/Simple-Gallery/app/src/main/kotlin/com/simplemobiletools/gallery/pro/activities/PanoramaPhotoActivity.kt:118:25 Unresolved reference: setFullscreenButtonEnabled
e: file:///home/leonardo/Workplace/Simple-Gallery/app/src/main/kotlin/com/simplemobiletools/gallery/pro/activities/PanoramaPhotoActivity.kt:119:25 Unresolved reference: setInfoButtonEnabled
e: file:///home/leonardo/Workplace/Simple-Gallery/app/src/main/kotlin/com/simplemobiletools/gallery/pro/activities/PanoramaPhotoActivity.kt:120:25 Unresolved reference: setTransitionViewEnabled
e: file:///home/leonardo/Workplace/Simple-Gallery/app/src/main/kotlin/com/simplemobiletools/gallery/pro/activities/PanoramaPhotoActivity.kt:121:25 Unresolved reference: setStereoModeButtonEnabled
e: file:///home/leonardo/Workplace/Simple-Gallery/app/src/main/kotlin/com/simplemobiletools/gallery/pro/activities/PanoramaPhotoActivity.kt:123:25 Unresolved reference: setOnClickListener
e: file:///home/leonardo/Workplace/Simple-Gallery/app/src/main/kotlin/com/simplemobiletools/gallery/pro/activities/PanoramaPhotoActivity.kt:127:25 Unresolved reference: setEventListener
e: file:///home/leonardo/Workplace/Simple-Gallery/app/src/main/kotlin/com/simplemobiletools/gallery/pro/activities/PanoramaPhotoActivity.kt:127:51 Unresolved reference: VrPanoramaEventListener
e: file:///home/leonardo/Workplace/Simple-Gallery/app/src/main/kotlin/com/simplemobiletools/gallery/pro/activities/PanoramaPhotoActivity.kt:128:29 'onClick' overrides nothing
e: file:///home/leonardo/Workplace/Simple-Gallery/app/src/main/kotlin/com/simplemobiletools/gallery/pro/activities/PanoramaPhotoActivity.kt:168:28 Unresolved reference: navigationBarHeight
e: file:///home/leonardo/Workplace/Simple-Gallery/app/src/main/kotlin/com/simplemobiletools/gallery/pro/activities/PanoramaPhotoActivity.kt:171:27 Unresolved reference: navigationBarWidth
e: file:///home/leonardo/Workplace/Simple-Gallery/app/src/main/kotlin/com/simplemobiletools/gallery/pro/activities/PanoramaPhotoActivity.kt:174:86 Unresolved reference: navigationBarHeight
e: file:///home/leonardo/Workplace/Simple-Gallery/app/src/main/kotlin/com/simplemobiletools/gallery/pro/activities/PanoramaPhotoActivity.kt:177:61 Variable expected
e: file:///home/leonardo/Workplace/Simple-Gallery/app/src/main/kotlin/com/simplemobiletools/gallery/pro/activities/PanoramaPhotoActivity.kt:182:89 Overload resolution ambiguity: 
public inline fun <T> Iterable<TypeVariable(T)>.forEach(action: (TypeVariable(T)) -> Unit): Unit defined in kotlin.collections
public inline fun <K, V> Map<out TypeVariable(K), TypeVariable(V)>.forEach(action: (Map.Entry<TypeVariable(K), TypeVariable(V)>) -> Unit): Unit defined in kotlin.collections
e: file:///home/leonardo/Workplace/Simple-Gallery/app/src/main/kotlin/com/simplemobiletools/gallery/pro/activities/PanoramaPhotoActivity.kt:183:16 Unresolved reference: animate
e: file:///home/leonardo/Workplace/Simple-Gallery/app/src/main/kotlin/com/simplemobiletools/gallery/pro/activities/PanoramaPhotoActivity.kt:184:16 Unresolved reference: isClickable
e: file:///home/leonardo/Workplace/Simple-Gallery/app/src/main/kotlin/com/simplemobiletools/gallery/pro/activities/PanoramaVideoActivity.kt:14:19 Unresolved reference: vr
e: file:///home/leonardo/Workplace/Simple-Gallery/app/src/main/kotlin/com/simplemobiletools/gallery/pro/activities/PanoramaVideoActivity.kt:15:19 Unresolved reference: vr
e: file:///home/leonardo/Workplace/Simple-Gallery/app/src/main/kotlin/com/simplemobiletools/gallery/pro/activities/PanoramaVideoActivity.kt:17:46 Unresolved reference: isRPlus
e: file:///home/leonardo/Workplace/Simple-Gallery/app/src/main/kotlin/com/simplemobiletools/gallery/pro/activities/PanoramaVideoActivity.kt:41:28 Unresolved reference: viewBinding
e: file:///home/leonardo/Workplace/Simple-Gallery/app/src/main/kotlin/com/simplemobiletools/gallery/pro/activities/PanoramaVideoActivity.kt:52:13 Unresolved reference: isRPlus
e: file:///home/leonardo/Workplace/Simple-Gallery/app/src/main/kotlin/com/simplemobiletools/gallery/pro/activities/PanoramaVideoActivity.kt:111:27 Unresolved reference: VrVideoView
e: file:///home/leonardo/Workplace/Simple-Gallery/app/src/main/kotlin/com/simplemobiletools/gallery/pro/activities/PanoramaVideoActivity.kt:112:21 Variable expected
e: file:///home/leonardo/Workplace/Simple-Gallery/app/src/main/kotlin/com/simplemobiletools/gallery/pro/activities/PanoramaVideoActivity.kt:112:33 Unresolved reference: VrVideoView
e: file:///home/leonardo/Workplace/Simple-Gallery/app/src/main/kotlin/com/simplemobiletools/gallery/pro/activities/PanoramaVideoActivity.kt:120:17 Unresolved reference: loadVideo
e: file:///home/leonardo/Workplace/Simple-Gallery/app/src/main/kotlin/com/simplemobiletools/gallery/pro/activities/PanoramaVideoActivity.kt:123:17 Unresolved reference: setFlingingEnabled
e: file:///home/leonardo/Workplace/Simple-Gallery/app/src/main/kotlin/com/simplemobiletools/gallery/pro/activities/PanoramaVideoActivity.kt:124:17 Unresolved reference: setPureTouchTracking
e: file:///home/leonardo/Workplace/Simple-Gallery/app/src/main/kotlin/com/simplemobiletools/gallery/pro/activities/PanoramaVideoActivity.kt:127:17 Unresolved reference: setFullscreenButtonEnabled
e: file:///home/leonardo/Workplace/Simple-Gallery/app/src/main/kotlin/com/simplemobiletools/gallery/pro/activities/PanoramaVideoActivity.kt:128:17 Unresolved reference: setInfoButtonEnabled
e: file:///home/leonardo/Workplace/Simple-Gallery/app/src/main/kotlin/com/simplemobiletools/gallery/pro/activities/PanoramaVideoActivity.kt:129:17 Unresolved reference: setTransitionViewEnabled
e: file:///home/leonardo/Workplace/Simple-Gallery/app/src/main/kotlin/com/simplemobiletools/gallery/pro/activities/PanoramaVideoActivity.kt:130:17 Unresolved reference: setStereoModeButtonEnabled
e: file:///home/leonardo/Workplace/Simple-Gallery/app/src/main/kotlin/com/simplemobiletools/gallery/pro/activities/PanoramaVideoActivity.kt:132:17 Unresolved reference: setOnClickListener
e: file:///home/leonardo/Workplace/Simple-Gallery/app/src/main/kotlin/com/simplemobiletools/gallery/pro/activities/PanoramaVideoActivity.kt:136:17 Unresolved reference: setEventListener
e: file:///home/leonardo/Workplace/Simple-Gallery/app/src/main/kotlin/com/simplemobiletools/gallery/pro/activities/PanoramaVideoActivity.kt:136:43 Unresolved reference: VrVideoEventListener
e: file:///home/leonardo/Workplace/Simple-Gallery/app/src/main/kotlin/com/simplemobiletools/gallery/pro/activities/PanoramaVideoActivity.kt:137:21 'onClick' overrides nothing
e: file:///home/leonardo/Workplace/Simple-Gallery/app/src/main/kotlin/com/simplemobiletools/gallery/pro/activities/PanoramaVideoActivity.kt:141:21 'onLoadSuccess' overrides nothing
e: file:///home/leonardo/Workplace/Simple-Gallery/app/src/main/kotlin/com/simplemobiletools/gallery/pro/activities/PanoramaVideoActivity.kt:143:43 Unresolved reference: duration
e: file:///home/leonardo/Workplace/Simple-Gallery/app/src/main/kotlin/com/simplemobiletools/gallery/pro/activities/PanoramaVideoActivity.kt:152:138 Unresolved reference: ic_play_outline_vector
e: file:///home/leonardo/Workplace/Simple-Gallery/app/src/main/kotlin/com/simplemobiletools/gallery/pro/activities/PanoramaVideoActivity.kt:157:21 'onCompletion' overrides nothing
e: file:///home/leonardo/Workplace/Simple-Gallery/app/src/main/kotlin/com/simplemobiletools/gallery/pro/activities/PanoramaVideoActivity.kt:178:52 Variable expected
e: file:///home/leonardo/Workplace/Simple-Gallery/app/src/main/kotlin/com/simplemobiletools/gallery/pro/activities/PanoramaVideoActivity.kt:179:53 Variable expected
e: file:///home/leonardo/Workplace/Simple-Gallery/app/src/main/kotlin/com/simplemobiletools/gallery/pro/activities/PanoramaVideoActivity.kt:188:64 Variable expected
e: file:///home/leonardo/Workplace/Simple-Gallery/app/src/main/kotlin/com/simplemobiletools/gallery/pro/activities/PanoramaVideoActivity.kt:189:65 Variable expected
e: file:///home/leonardo/Workplace/Simple-Gallery/app/src/main/kotlin/com/simplemobiletools/gallery/pro/activities/PanoramaVideoActivity.kt:207:118 Unresolved reference: ic_pause_outline_vector
e: file:///home/leonardo/Workplace/Simple-Gallery/app/src/main/kotlin/com/simplemobiletools/gallery/pro/activities/PanoramaVideoActivity.kt:220:118 Unresolved reference: ic_play_outline_vector
e: file:///home/leonardo/Workplace/Simple-Gallery/app/src/main/kotlin/com/simplemobiletools/gallery/pro/activities/PanoramaVideoActivity.kt:226:52 Variable expected
e: file:///home/leonardo/Workplace/Simple-Gallery/app/src/main/kotlin/com/simplemobiletools/gallery/pro/activities/PanoramaVideoActivity.kt:228:53 Variable expected
e: file:///home/leonardo/Workplace/Simple-Gallery/app/src/main/kotlin/com/simplemobiletools/gallery/pro/activities/PanoramaVideoActivity.kt:234:52 Variable expected
e: file:///home/leonardo/Workplace/Simple-Gallery/app/src/main/kotlin/com/simplemobiletools/gallery/pro/activities/PanoramaVideoActivity.kt:235:53 Variable expected
e: file:///home/leonardo/Workplace/Simple-Gallery/app/src/main/kotlin/com/simplemobiletools/gallery/pro/activities/PanoramaVideoActivity.kt:245:27 Unresolved reference: navigationBarHeight
e: file:///home/leonardo/Workplace/Simple-Gallery/app/src/main/kotlin/com/simplemobiletools/gallery/pro/activities/PanoramaVideoActivity.kt:247:26 Unresolved reference: navigationBarWidth
e: file:///home/leonardo/Workplace/Simple-Gallery/app/src/main/kotlin/com/simplemobiletools/gallery/pro/activities/PanoramaVideoActivity.kt:248:27 Unresolved reference: navigationBarHeight
e: file:///home/leonardo/Workplace/Simple-Gallery/app/src/main/kotlin/com/simplemobiletools/gallery/pro/activities/PanoramaVideoActivity.kt:253:44 Variable expected
e: file:///home/leonardo/Workplace/Simple-Gallery/app/src/main/kotlin/com/simplemobiletools/gallery/pro/activities/PanoramaVideoActivity.kt:261:31 Unresolved reference: navigationBarWidth
e: file:///home/leonardo/Workplace/Simple-Gallery/app/src/main/kotlin/com/simplemobiletools/gallery/pro/activities/PanoramaVideoActivity.kt:265:118 Unresolved reference: ic_play_outline_vector
e: file:///home/leonardo/Workplace/Simple-Gallery/app/src/main/kotlin/com/simplemobiletools/gallery/pro/activities/PanoramaVideoActivity.kt:268:33 Variable expected
e: file:///home/leonardo/Workplace/Simple-Gallery/app/src/main/kotlin/com/simplemobiletools/gallery/pro/activities/PanoramaVideoActivity.kt:280:53 Overload resolution ambiguity: 
public inline fun <T> Iterable<TypeVariable(T)>.forEach(action: (TypeVariable(T)) -> Unit): Unit defined in kotlin.collections
public inline fun <K, V> Map<out TypeVariable(K), TypeVariable(V)>.forEach(action: (Map.Entry<TypeVariable(K), TypeVariable(V)>) -> Unit): Unit defined in kotlin.collections
e: file:///home/leonardo/Workplace/Simple-Gallery/app/src/main/kotlin/com/simplemobiletools/gallery/pro/activities/PanoramaVideoActivity.kt:281:16 Unresolved reference: animate
e: file:///home/leonardo/Workplace/Simple-Gallery/app/src/main/kotlin/com/simplemobiletools/gallery/pro/activities/PanoramaVideoActivity.kt:290:11 Overload resolution ambiguity: 
public inline fun <T> Iterable<TypeVariable(T)>.forEach(action: (TypeVariable(T)) -> Unit): Unit defined in kotlin.collections
public inline fun <K, V> Map<out TypeVariable(K), TypeVariable(V)>.forEach(action: (Map.Entry<TypeVariable(K), TypeVariable(V)>) -> Unit): Unit defined in kotlin.collections
e: file:///home/leonardo/Workplace/Simple-Gallery/app/src/main/kotlin/com/simplemobiletools/gallery/pro/activities/PanoramaVideoActivity.kt:291:16 Unresolved reference: isClickable
e: file:///home/leonardo/Workplace/Simple-Gallery/app/src/main/kotlin/com/simplemobiletools/gallery/pro/activities/PanoramaVideoActivity.kt:318:26 Type mismatch: inferred type is Long but Int was expected
e: file:///home/leonardo/Workplace/Simple-Gallery/app/src/main/kotlin/com/simplemobiletools/gallery/pro/activities/PhotoVideoActivity.kt:37:28 Unresolved reference: viewBinding
e: file:///home/leonardo/Workplace/Simple-Gallery/app/src/main/kotlin/com/simplemobiletools/gallery/pro/activities/PhotoVideoActivity.kt:40:9 Unresolved reference: showTransparentTop
e: file:///home/leonardo/Workplace/Simple-Gallery/app/src/main/kotlin/com/simplemobiletools/gallery/pro/activities/PhotoVideoActivity.kt:44:13 Unresolved reference: checkAppSideloading
e: file:///home/leonardo/Workplace/Simple-Gallery/app/src/main/kotlin/com/simplemobiletools/gallery/pro/activities/PhotoVideoActivity.kt:78:40 Variable expected
e: file:///home/leonardo/Workplace/Simple-Gallery/app/src/main/kotlin/com/simplemobiletools/gallery/pro/activities/PhotoVideoActivity.kt:78:49 Unresolved reference: statusBarHeight
e: file:///home/leonardo/Workplace/Simple-Gallery/app/src/main/kotlin/com/simplemobiletools/gallery/pro/activities/PhotoVideoActivity.kt:78:67 Unresolved reference: actionBarHeight
e: file:///home/leonardo/Workplace/Simple-Gallery/app/src/main/kotlin/com/simplemobiletools/gallery/pro/activities/PhotoVideoActivity.kt:79:96 Unresolved reference: statusBarHeight
e: file:///home/leonardo/Workplace/Simple-Gallery/app/src/main/kotlin/com/simplemobiletools/gallery/pro/activities/PhotoVideoActivity.kt:80:14 Unresolved reference: portrait
e: file:///home/leonardo/Workplace/Simple-Gallery/app/src/main/kotlin/com/simplemobiletools/gallery/pro/activities/PhotoVideoActivity.kt:80:26 Unresolved reference: navigationBarOnSide
e: file:///home/leonardo/Workplace/Simple-Gallery/app/src/main/kotlin/com/simplemobiletools/gallery/pro/activities/PhotoVideoActivity.kt:80:49 Unresolved reference: navigationBarWidth
e: file:///home/leonardo/Workplace/Simple-Gallery/app/src/main/kotlin/com/simplemobiletools/gallery/pro/activities/PhotoVideoActivity.kt:81:60 Unresolved reference: navigationBarWidth
e: file:///home/leonardo/Workplace/Simple-Gallery/app/src/main/kotlin/com/simplemobiletools/gallery/pro/activities/PhotoVideoActivity.kt:91:13 Unresolved reference: findItem
e: file:///home/leonardo/Workplace/Simple-Gallery/app/src/main/kotlin/com/simplemobiletools/gallery/pro/activities/PhotoVideoActivity.kt:91:40 Variable expected
e: file:///home/leonardo/Workplace/Simple-Gallery/app/src/main/kotlin/com/simplemobiletools/gallery/pro/activities/PhotoVideoActivity.kt:92:13 Unresolved reference: findItem
e: file:///home/leonardo/Workplace/Simple-Gallery/app/src/main/kotlin/com/simplemobiletools/gallery/pro/activities/PhotoVideoActivity.kt:92:38 Variable expected
e: file:///home/leonardo/Workplace/Simple-Gallery/app/src/main/kotlin/com/simplemobiletools/gallery/pro/activities/PhotoVideoActivity.kt:93:13 Unresolved reference: findItem
e: file:///home/leonardo/Workplace/Simple-Gallery/app/src/main/kotlin/com/simplemobiletools/gallery/pro/activities/PhotoVideoActivity.kt:93:44 Variable expected
e: file:///home/leonardo/Workplace/Simple-Gallery/app/src/main/kotlin/com/simplemobiletools/gallery/pro/activities/PhotoVideoActivity.kt:94:13 Unresolved reference: findItem
e: file:///home/leonardo/Workplace/Simple-Gallery/app/src/main/kotlin/com/simplemobiletools/gallery/pro/activities/PhotoVideoActivity.kt:94:39 Variable expected
e: file:///home/leonardo/Workplace/Simple-Gallery/app/src/main/kotlin/com/simplemobiletools/gallery/pro/activities/PhotoVideoActivity.kt:95:13 Unresolved reference: findItem
e: file:///home/leonardo/Workplace/Simple-Gallery/app/src/main/kotlin/com/simplemobiletools/gallery/pro/activities/PhotoVideoActivity.kt:95:45 Variable expected
e: file:///home/leonardo/Workplace/Simple-Gallery/app/src/main/kotlin/com/simplemobiletools/gallery/pro/activities/PhotoVideoActivity.kt:100:96 Unresolved reference: statusBarHeight
e: file:///home/leonardo/Workplace/Simple-Gallery/app/src/main/kotlin/com/simplemobiletools/gallery/pro/activities/PhotoVideoActivity.kt:102:13 Unresolved reference: setTitleTextColor
e: file:///home/leonardo/Workplace/Simple-Gallery/app/src/main/kotlin/com/simplemobiletools/gallery/pro/activities/PhotoVideoActivity.kt:103:13 Unresolved reference: overflowIcon
e: file:///home/leonardo/Workplace/Simple-Gallery/app/src/main/kotlin/com/simplemobiletools/gallery/pro/activities/PhotoVideoActivity.kt:103:107 Unresolved reference: ic_three_dots_vector
e: file:///home/leonardo/Workplace/Simple-Gallery/app/src/main/kotlin/com/simplemobiletools/gallery/pro/activities/PhotoVideoActivity.kt:104:13 Unresolved reference: navigationIcon
e: file:///home/leonardo/Workplace/Simple-Gallery/app/src/main/kotlin/com/simplemobiletools/gallery/pro/activities/PhotoVideoActivity.kt:104:109 Unresolved reference: ic_arrow_left_vector
e: file:///home/leonardo/Workplace/Simple-Gallery/app/src/main/kotlin/com/simplemobiletools/gallery/pro/activities/PhotoVideoActivity.kt:107:9 Unresolved reference: updateMenuItemColors
e: file:///home/leonardo/Workplace/Simple-Gallery/app/src/main/kotlin/com/simplemobiletools/gallery/pro/activities/PhotoVideoActivity.kt:108:68 Cannot infer a type for this parameter. Please specify it explicitly.
e: file:///home/leonardo/Workplace/Simple-Gallery/app/src/main/kotlin/com/simplemobiletools/gallery/pro/activities/PhotoVideoActivity.kt:161:101 Unresolved reference: NOMEDIA
e: file:///home/leonardo/Workplace/Simple-Gallery/app/src/main/kotlin/com/simplemobiletools/gallery/pro/activities/PhotoVideoActivity.kt:162:49 Unresolved reference: isRPlus
e: file:///home/leonardo/Workplace/Simple-Gallery/app/src/main/kotlin/com/simplemobiletools/gallery/pro/activities/PhotoVideoActivity.kt:162:63 Unresolved reference: isExternalStorageManager
e: file:///home/leonardo/Workplace/Simple-Gallery/app/src/main/kotlin/com/simplemobiletools/gallery/pro/activities/PhotoVideoActivity.kt:188:97 Unresolved reference: NOMEDIA
e: file:///home/leonardo/Workplace/Simple-Gallery/app/src/main/kotlin/com/simplemobiletools/gallery/pro/activities/PhotoVideoActivity.kt:189:45 Unresolved reference: isRPlus
e: file:///home/leonardo/Workplace/Simple-Gallery/app/src/main/kotlin/com/simplemobiletools/gallery/pro/activities/PhotoVideoActivity.kt:189:59 Unresolved reference: isExternalStorageManager
e: file:///home/leonardo/Workplace/Simple-Gallery/app/src/main/kotlin/com/simplemobiletools/gallery/pro/activities/PhotoVideoActivity.kt:203:40 Variable expected
e: file:///home/leonardo/Workplace/Simple-Gallery/app/src/main/kotlin/com/simplemobiletools/gallery/pro/activities/PhotoVideoActivity.kt:203:49 Unresolved reference: statusBarHeight
e: file:///home/leonardo/Workplace/Simple-Gallery/app/src/main/kotlin/com/simplemobiletools/gallery/pro/activities/PhotoVideoActivity.kt:203:67 Unresolved reference: actionBarHeight
e: file:///home/leonardo/Workplace/Simple-Gallery/app/src/main/kotlin/com/simplemobiletools/gallery/pro/activities/PhotoVideoActivity.kt:204:14 Unresolved reference: portrait
e: file:///home/leonardo/Workplace/Simple-Gallery/app/src/main/kotlin/com/simplemobiletools/gallery/pro/activities/PhotoVideoActivity.kt:204:26 Unresolved reference: navigationBarOnSide
e: file:///home/leonardo/Workplace/Simple-Gallery/app/src/main/kotlin/com/simplemobiletools/gallery/pro/activities/PhotoVideoActivity.kt:204:49 Unresolved reference: navigationBarWidth
e: file:///home/leonardo/Workplace/Simple-Gallery/app/src/main/kotlin/com/simplemobiletools/gallery/pro/activities/PhotoVideoActivity.kt:205:60 Unresolved reference: navigationBarWidth
e: file:///home/leonardo/Workplace/Simple-Gallery/app/src/main/kotlin/com/simplemobiletools/gallery/pro/activities/PhotoVideoActivity.kt:219:22 Unresolved reference: isSvg
e: file:///home/leonardo/Workplace/Simple-Gallery/app/src/main/kotlin/com/simplemobiletools/gallery/pro/activities/PhotoVideoActivity.kt:220:18 Unresolved reference: isPortrait
e: file:///home/leonardo/Workplace/Simple-Gallery/app/src/main/kotlin/com/simplemobiletools/gallery/pro/activities/PhotoVideoActivity.kt:226:39 Variable expected
e: file:///home/leonardo/Workplace/Simple-Gallery/app/src/main/kotlin/com/simplemobiletools/gallery/pro/activities/PhotoVideoActivity.kt:237:36 Variable expected
e: file:///home/leonardo/Workplace/Simple-Gallery/app/src/main/kotlin/com/simplemobiletools/gallery/pro/activities/PhotoVideoActivity.kt:296:9 Unresolved reference: ensureBackgroundThread
e: file:///home/leonardo/Workplace/Simple-Gallery/app/src/main/kotlin/com/simplemobiletools/gallery/pro/activities/PhotoVideoActivity.kt:300:17 Unresolved reference: rescanPath
e: file:///home/leonardo/Workplace/Simple-Gallery/app/src/main/kotlin/com/simplemobiletools/gallery/pro/activities/PhotoVideoActivity.kt:350:18 Unresolved reference: isSvg
e: file:///home/leonardo/Workplace/Simple-Gallery/app/src/main/kotlin/com/simplemobiletools/gallery/pro/activities/PhotoVideoActivity.kt:351:18 Unresolved reference: isPortrait
e: file:///home/leonardo/Workplace/Simple-Gallery/app/src/main/kotlin/com/simplemobiletools/gallery/pro/activities/PhotoVideoActivity.kt:360:49 Variable expected
e: file:///home/leonardo/Workplace/Simple-Gallery/app/src/main/kotlin/com/simplemobiletools/gallery/pro/activities/PhotoVideoActivity.kt:360:122 Unresolved reference: navigationBarHeight
e: file:///home/leonardo/Workplace/Simple-Gallery/app/src/main/kotlin/com/simplemobiletools/gallery/pro/activities/PhotoVideoActivity.kt:382:11 Overload resolution ambiguity: 
public inline fun <T> Iterable<TypeVariable(T)>.forEach(action: (TypeVariable(T)) -> Unit): Unit defined in kotlin.collections
public inline fun <K, V> Map<out TypeVariable(K), TypeVariable(V)>.forEach(action: (Map.Entry<TypeVariable(K), TypeVariable(V)>) -> Unit): Unit defined in kotlin.collections
e: file:///home/leonardo/Workplace/Simple-Gallery/app/src/main/kotlin/com/simplemobiletools/gallery/pro/activities/PhotoVideoActivity.kt:383:16 Unresolved reference: beGone
e: file:///home/leonardo/Workplace/Simple-Gallery/app/src/main/kotlin/com/simplemobiletools/gallery/pro/activities/SearchActivity.kt:10:46 Unresolved reference: VIEW_TYPE_GRID
e: file:///home/leonardo/Workplace/Simple-Gallery/app/src/main/kotlin/com/simplemobiletools/gallery/pro/activities/SearchActivity.kt:11:46 Unresolved reference: ensureBackgroundThread
e: file:///home/leonardo/Workplace/Simple-Gallery/app/src/main/kotlin/com/simplemobiletools/gallery/pro/activities/SearchActivity.kt:34:28 Unresolved reference: viewBinding
e: file:///home/leonardo/Workplace/Simple-Gallery/app/src/main/kotlin/com/simplemobiletools/gallery/pro/activities/SearchActivity.kt:37:9 Unresolved reference: isMaterialActivity
e: file:///home/leonardo/Workplace/Simple-Gallery/app/src/main/kotlin/com/simplemobiletools/gallery/pro/activities/SearchActivity.kt:41:9 Unresolved reference: updateMaterialActivityViews
e: file:///home/leonardo/Workplace/Simple-Gallery/app/src/main/kotlin/com/simplemobiletools/gallery/pro/activities/SearchActivity.kt:42:57 Unresolved reference: getProperTextColor
e: file:///home/leonardo/Workplace/Simple-Gallery/app/src/main/kotlin/com/simplemobiletools/gallery/pro/activities/SearchActivity.kt:44:49 Unresolved reference: getProperPrimaryColor
e: file:///home/leonardo/Workplace/Simple-Gallery/app/src/main/kotlin/com/simplemobiletools/gallery/pro/activities/SearchActivity.kt:63:92 Unresolved reference: search_files
e: file:///home/leonardo/Workplace/Simple-Gallery/app/src/main/kotlin/com/simplemobiletools/gallery/pro/activities/SearchActivity.kt:65:28 Variable expected
e: file:///home/leonardo/Workplace/Simple-Gallery/app/src/main/kotlin/com/simplemobiletools/gallery/pro/activities/SearchActivity.kt:73:28 Variable expected
e: file:///home/leonardo/Workplace/Simple-Gallery/app/src/main/kotlin/com/simplemobiletools/gallery/pro/activities/SearchActivity.kt:73:60 Cannot infer a type for this parameter. Please specify it explicitly.
e: file:///home/leonardo/Workplace/Simple-Gallery/app/src/main/kotlin/com/simplemobiletools/gallery/pro/activities/SearchActivity.kt:78:70 Cannot infer a type for this parameter. Please specify it explicitly.
e: file:///home/leonardo/Workplace/Simple-Gallery/app/src/main/kotlin/com/simplemobiletools/gallery/pro/activities/SearchActivity.kt:88:30 Unresolved reference: getProperBackgroundColor
e: file:///home/leonardo/Workplace/Simple-Gallery/app/src/main/kotlin/com/simplemobiletools/gallery/pro/activities/SearchActivity.kt:93:9 Unresolved reference: ensureBackgroundThread
e: file:///home/leonardo/Workplace/Simple-Gallery/app/src/main/kotlin/com/simplemobiletools/gallery/pro/activities/SearchActivity.kt:100:60 Variable expected
e: file:///home/leonardo/Workplace/Simple-Gallery/app/src/main/kotlin/com/simplemobiletools/gallery/pro/activities/SearchActivity.kt:122:36 Variable expected
e: file:///home/leonardo/Workplace/Simple-Gallery/app/src/main/kotlin/com/simplemobiletools/gallery/pro/activities/SearchActivity.kt:138:25 Unresolved reference: VIEW_TYPE_GRID
e: file:///home/leonardo/Workplace/Simple-Gallery/app/src/main/kotlin/com/simplemobiletools/gallery/pro/activities/SearchActivity.kt:172:25 Unresolved reference: VIEW_TYPE_GRID
e: file:///home/leonardo/Workplace/Simple-Gallery/app/src/main/kotlin/com/simplemobiletools/gallery/pro/activities/SearchActivity.kt:183:32 Variable expected
e: file:///home/leonardo/Workplace/Simple-Gallery/app/src/main/kotlin/com/simplemobiletools/gallery/pro/activities/SearchActivity.kt:186:32 Variable expected
e: file:///home/leonardo/Workplace/Simple-Gallery/app/src/main/kotlin/com/simplemobiletools/gallery/pro/activities/SearchActivity.kt:210:75 Unresolved reference: VIEW_TYPE_GRID
e: file:///home/leonardo/Workplace/Simple-Gallery/app/src/main/kotlin/com/simplemobiletools/gallery/pro/activities/SearchActivity.kt:243:78 Unresolved reference: isMediaFile
e: file:///home/leonardo/Workplace/Simple-Gallery/app/src/main/kotlin/com/simplemobiletools/gallery/pro/activities/SearchActivity.kt:248:90 Unresolved reference: recycleBinPath
e: file:///home/leonardo/Workplace/Simple-Gallery/app/src/main/kotlin/com/simplemobiletools/gallery/pro/activities/SearchActivity.kt:249:99 Unresolved reference: moving_items_into_bin
e: file:///home/leonardo/Workplace/Simple-Gallery/app/src/main/kotlin/com/simplemobiletools/gallery/pro/activities/SearchActivity.kt:275:13 Unresolved reference: ensureBackgroundThread
e: file:///home/leonardo/Workplace/Simple-Gallery/app/src/main/kotlin/com/simplemobiletools/gallery/pro/activities/SearchActivity.kt:278:44 Unresolved reference: recycleBinPath
e: file:///home/leonardo/Workplace/Simple-Gallery/app/src/main/kotlin/com/simplemobiletools/gallery/pro/activities/SetWallpaperActivity.kt:11:49 Unresolved reference: checkAppSideloading
e: file:///home/leonardo/Workplace/Simple-Gallery/app/src/main/kotlin/com/simplemobiletools/gallery/pro/activities/SetWallpaperActivity.kt:13:49 Unresolved reference: viewBinding
e: file:///home/leonardo/Workplace/Simple-Gallery/app/src/main/kotlin/com/simplemobiletools/gallery/pro/activities/SetWallpaperActivity.kt:14:46 Unresolved reference: NavigationIcon
e: file:///home/leonardo/Workplace/Simple-Gallery/app/src/main/kotlin/com/simplemobiletools/gallery/pro/activities/SetWallpaperActivity.kt:15:46 Unresolved reference: ensureBackgroundThread
e: file:///home/leonardo/Workplace/Simple-Gallery/app/src/main/kotlin/com/simplemobiletools/gallery/pro/activities/SetWallpaperActivity.kt:33:28 Unresolved reference: viewBinding
e: file:///home/leonardo/Workplace/Simple-Gallery/app/src/main/kotlin/com/simplemobiletools/gallery/pro/activities/SetWallpaperActivity.kt:40:13 Unresolved reference: checkAppSideloading
e: file:///home/leonardo/Workplace/Simple-Gallery/app/src/main/kotlin/com/simplemobiletools/gallery/pro/activities/SetWallpaperActivity.kt:58:9 Unresolved reference: setupToolbar
e: file:///home/leonardo/Workplace/Simple-Gallery/app/src/main/kotlin/com/simplemobiletools/gallery/pro/activities/SetWallpaperActivity.kt:58:51 Unresolved reference: NavigationIcon
e: file:///home/leonardo/Workplace/Simple-Gallery/app/src/main/kotlin/com/simplemobiletools/gallery/pro/activities/SetWallpaperActivity.kt:73:66 Cannot infer a type for this parameter. Please specify it explicitly.
e: file:///home/leonardo/Workplace/Simple-Gallery/app/src/main/kotlin/com/simplemobiletools/gallery/pro/activities/SetWallpaperActivity.kt:93:13 Unresolved reference: setOnCropImageCompleteListener
e: file:///home/leonardo/Workplace/Simple-Gallery/app/src/main/kotlin/com/simplemobiletools/gallery/pro/activities/SetWallpaperActivity.kt:94:13 Unresolved reference: setImageUriAsync
e: file:///home/leonardo/Workplace/Simple-Gallery/app/src/main/kotlin/com/simplemobiletools/gallery/pro/activities/SetWallpaperActivity.kt:152:13 Unresolved reference: ensureBackgroundThread
e: file:///home/leonardo/Workplace/Simple-Gallery/app/src/main/kotlin/com/simplemobiletools/gallery/pro/activities/SettingsActivity.kt:9:19 Unresolved reference: gson
e: file:///home/leonardo/Workplace/Simple-Gallery/app/src/main/kotlin/com/simplemobiletools/gallery/pro/activities/SettingsActivity.kt:10:19 Unresolved reference: gson
e: file:///home/leonardo/Workplace/Simple-Gallery/app/src/main/kotlin/com/simplemobiletools/gallery/pro/activities/SettingsActivity.kt:35:28 Unresolved reference: viewBinding
e: file:///home/leonardo/Workplace/Simple-Gallery/app/src/main/kotlin/com/simplemobiletools/gallery/pro/activities/SettingsActivity.kt:38:9 Unresolved reference: isMaterialActivity
e: file:///home/leonardo/Workplace/Simple-Gallery/app/src/main/kotlin/com/simplemobiletools/gallery/pro/activities/SettingsActivity.kt:42:9 Unresolved reference: updateMaterialActivityViews
e: file:///home/leonardo/Workplace/Simple-Gallery/app/src/main/kotlin/com/simplemobiletools/gallery/pro/activities/SettingsActivity.kt:43:9 Unresolved reference: setupMaterialScrollListener
e: file:///home/leonardo/Workplace/Simple-Gallery/app/src/main/kotlin/com/simplemobiletools/gallery/pro/activities/SettingsActivity.kt:48:9 Unresolved reference: setupToolbar
e: file:///home/leonardo/Workplace/Simple-Gallery/app/src/main/kotlin/com/simplemobiletools/gallery/pro/activities/SettingsActivity.kt:48:47 Unresolved reference: NavigationIcon
e: file:///home/leonardo/Workplace/Simple-Gallery/app/src/main/kotlin/com/simplemobiletools/gallery/pro/activities/SettingsActivity.kt:123:11 Overload resolution ambiguity: 
public inline fun <T> Iterable<TypeVariable(T)>.forEach(action: (TypeVariable(T)) -> Unit): Unit defined in kotlin.collections
public inline fun <K, V> Map<out TypeVariable(K), TypeVariable(V)>.forEach(action: (Map.Entry<TypeVariable(K), TypeVariable(V)>) -> Unit): Unit defined in kotlin.collections
e: file:///home/leonardo/Workplace/Simple-Gallery/app/src/main/kotlin/com/simplemobiletools/gallery/pro/activities/SettingsActivity.kt:124:16 Unresolved reference: setTextColor
e: file:///home/leonardo/Workplace/Simple-Gallery/app/src/main/kotlin/com/simplemobiletools/gallery/pro/activities/SettingsActivity.kt:124:29 Unresolved reference: getProperPrimaryColor
e: file:///home/leonardo/Workplace/Simple-Gallery/app/src/main/kotlin/com/simplemobiletools/gallery/pro/activities/SettingsActivity.kt:149:128 Unresolved reference: isTiramisuPlus
e: file:///home/leonardo/Workplace/Simple-Gallery/app/src/main/kotlin/com/simplemobiletools/gallery/pro/activities/SettingsActivity.kt:150:36 Variable expected
e: file:///home/leonardo/Workplace/Simple-Gallery/app/src/main/kotlin/com/simplemobiletools/gallery/pro/activities/SettingsActivity.kt:159:34 Variable expected
e: file:///home/leonardo/Workplace/Simple-Gallery/app/src/main/kotlin/com/simplemobiletools/gallery/pro/activities/SettingsActivity.kt:160:52 Unresolved reference: isTiramisuPlus
e: file:///home/leonardo/Workplace/Simple-Gallery/app/src/main/kotlin/com/simplemobiletools/gallery/pro/activities/SettingsActivity.kt:162:13 Unresolved reference: launchChangeAppLanguageIntent
e: file:///home/leonardo/Workplace/Simple-Gallery/app/src/main/kotlin/com/simplemobiletools/gallery/pro/activities/SettingsActivity.kt:168:13 Unresolved reference: ChangeDateTimeFormatDialog
e: file:///home/leonardo/Workplace/Simple-Gallery/app/src/main/kotlin/com/simplemobiletools/gallery/pro/activities/SettingsActivity.kt:173:60 Unresolved reference: isRPlus
e: file:///home/leonardo/Workplace/Simple-Gallery/app/src/main/kotlin/com/simplemobiletools/gallery/pro/activities/SettingsActivity.kt:173:74 Unresolved reference: isExternalStorageManager
e: file:///home/leonardo/Workplace/Simple-Gallery/app/src/main/kotlin/com/simplemobiletools/gallery/pro/activities/SettingsActivity.kt:174:45 Variable expected
e: file:///home/leonardo/Workplace/Simple-Gallery/app/src/main/kotlin/com/simplemobiletools/gallery/pro/activities/SettingsActivity.kt:184:53 Variable expected
e: file:///home/leonardo/Workplace/Simple-Gallery/app/src/main/kotlin/com/simplemobiletools/gallery/pro/activities/SettingsActivity.kt:198:13 Unresolved reference: isRPlus
e: file:///home/leonardo/Workplace/Simple-Gallery/app/src/main/kotlin/com/simplemobiletools/gallery/pro/activities/SettingsActivity.kt:198:27 Unresolved reference: isExternalStorageManager
e: file:///home/leonardo/Workplace/Simple-Gallery/app/src/main/kotlin/com/simplemobiletools/gallery/pro/activities/SettingsActivity.kt:199:51 Variable expected
e: file:///home/leonardo/Workplace/Simple-Gallery/app/src/main/kotlin/com/simplemobiletools/gallery/pro/activities/SettingsActivity.kt:200:117 Unresolved reference: no_permission
e: file:///home/leonardo/Workplace/Simple-Gallery/app/src/main/kotlin/com/simplemobiletools/gallery/pro/activities/SettingsActivity.kt:206:17 Unresolved reference: isRPlus
e: file:///home/leonardo/Workplace/Simple-Gallery/app/src/main/kotlin/com/simplemobiletools/gallery/pro/activities/SettingsActivity.kt:206:31 Unresolved reference: isExternalStorageManager
e: file:///home/leonardo/Workplace/Simple-Gallery/app/src/main/kotlin/com/simplemobiletools/gallery/pro/activities/SettingsActivity.kt:223:60 Unresolved reference: isQPlus
e: file:///home/leonardo/Workplace/Simple-Gallery/app/src/main/kotlin/com/simplemobiletools/gallery/pro/activities/SettingsActivity.kt:232:13 Unresolved reference: isRPlus
e: file:///home/leonardo/Workplace/Simple-Gallery/app/src/main/kotlin/com/simplemobiletools/gallery/pro/activities/SettingsActivity.kt:232:27 Unresolved reference: isExternalStorageManager
e: file:///home/leonardo/Workplace/Simple-Gallery/app/src/main/kotlin/com/simplemobiletools/gallery/pro/activities/SettingsActivity.kt:233:45 Variable expected
e: file:///home/leonardo/Workplace/Simple-Gallery/app/src/main/kotlin/com/simplemobiletools/gallery/pro/activities/SettingsActivity.kt:234:141 Unresolved reference: no_permission
e: file:///home/leonardo/Workplace/Simple-Gallery/app/src/main/kotlin/com/simplemobiletools/gallery/pro/activities/SettingsActivity.kt:239:41 Variable expected
e: file:///home/leonardo/Workplace/Simple-Gallery/app/src/main/kotlin/com/simplemobiletools/gallery/pro/activities/SettingsActivity.kt:241:17 Unresolved reference: isRPlus
e: file:///home/leonardo/Workplace/Simple-Gallery/app/src/main/kotlin/com/simplemobiletools/gallery/pro/activities/SettingsActivity.kt:241:31 Unresolved reference: isExternalStorageManager
e: file:///home/leonardo/Workplace/Simple-Gallery/app/src/main/kotlin/com/simplemobiletools/gallery/pro/activities/SettingsActivity.kt:259:40 Variable expected
e: file:///home/leonardo/Workplace/Simple-Gallery/app/src/main/kotlin/com/simplemobiletools/gallery/pro/activities/SettingsActivity.kt:267:40 Variable expected
e: file:///home/leonardo/Workplace/Simple-Gallery/app/src/main/kotlin/com/simplemobiletools/gallery/pro/activities/SettingsActivity.kt:275:51 Variable expected
e: file:///home/leonardo/Workplace/Simple-Gallery/app/src/main/kotlin/com/simplemobiletools/gallery/pro/activities/SettingsActivity.kt:283:36 Variable expected
e: file:///home/leonardo/Workplace/Simple-Gallery/app/src/main/kotlin/com/simplemobiletools/gallery/pro/activities/SettingsActivity.kt:291:52 Variable expected
e: file:///home/leonardo/Workplace/Simple-Gallery/app/src/main/kotlin/com/simplemobiletools/gallery/pro/activities/SettingsActivity.kt:299:39 Variable expected
e: file:///home/leonardo/Workplace/Simple-Gallery/app/src/main/kotlin/com/simplemobiletools/gallery/pro/activities/SettingsActivity.kt:307:40 Variable expected
e: file:///home/leonardo/Workplace/Simple-Gallery/app/src/main/kotlin/com/simplemobiletools/gallery/pro/activities/SettingsActivity.kt:315:37 Variable expected
e: file:///home/leonardo/Workplace/Simple-Gallery/app/src/main/kotlin/com/simplemobiletools/gallery/pro/activities/SettingsActivity.kt:323:41 Variable expected
e: file:///home/leonardo/Workplace/Simple-Gallery/app/src/main/kotlin/com/simplemobiletools/gallery/pro/activities/SettingsActivity.kt:331:44 Variable expected
e: file:///home/leonardo/Workplace/Simple-Gallery/app/src/main/kotlin/com/simplemobiletools/gallery/pro/activities/SettingsActivity.kt:338:53 Variable expected
e: file:///home/leonardo/Workplace/Simple-Gallery/app/src/main/kotlin/com/simplemobiletools/gallery/pro/activities/SettingsActivity.kt:344:38 Variable expected
e: file:///home/leonardo/Workplace/Simple-Gallery/app/src/main/kotlin/com/simplemobiletools/gallery/pro/activities/SettingsActivity.kt:352:69 Unresolved reference: isRPlus
e: file:///home/leonardo/Workplace/Simple-Gallery/app/src/main/kotlin/com/simplemobiletools/gallery/pro/activities/SettingsActivity.kt:352:83 Unresolved reference: isExternalStorageManager
e: file:///home/leonardo/Workplace/Simple-Gallery/app/src/main/kotlin/com/simplemobiletools/gallery/pro/activities/SettingsActivity.kt:353:54 Variable expected
e: file:///home/leonardo/Workplace/Simple-Gallery/app/src/main/kotlin/com/simplemobiletools/gallery/pro/activities/SettingsActivity.kt:353:73 Unresolved reference: isHiddenPasswordProtectionOn
e: file:///home/leonardo/Workplace/Simple-Gallery/app/src/main/kotlin/com/simplemobiletools/gallery/pro/activities/SettingsActivity.kt:355:40 Unresolved reference: isHiddenPasswordProtectionOn
e: file:///home/leonardo/Workplace/Simple-Gallery/app/src/main/kotlin/com/simplemobiletools/gallery/pro/activities/SettingsActivity.kt:355:77 Unresolved reference: hiddenProtectionType
e: file:///home/leonardo/Workplace/Simple-Gallery/app/src/main/kotlin/com/simplemobiletools/gallery/pro/activities/SettingsActivity.kt:356:41 Unresolved reference: hiddenPasswordHash
e: file:///home/leonardo/Workplace/Simple-Gallery/app/src/main/kotlin/com/simplemobiletools/gallery/pro/activities/SettingsActivity.kt:358:56 Unresolved reference: isHiddenPasswordProtectionOn
e: file:///home/leonardo/Workplace/Simple-Gallery/app/src/main/kotlin/com/simplemobiletools/gallery/pro/activities/SettingsActivity.kt:359:66 Variable expected
e: file:///home/leonardo/Workplace/Simple-Gallery/app/src/main/kotlin/com/simplemobiletools/gallery/pro/activities/SettingsActivity.kt:360:28 Unresolved reference: isHiddenPasswordProtectionOn
e: file:///home/leonardo/Workplace/Simple-Gallery/app/src/main/kotlin/com/simplemobiletools/gallery/pro/activities/SettingsActivity.kt:361:28 Unresolved reference: hiddenPasswordHash
e: file:///home/leonardo/Workplace/Simple-Gallery/app/src/main/kotlin/com/simplemobiletools/gallery/pro/activities/SettingsActivity.kt:362:28 Unresolved reference: hiddenProtectionType
e: file:///home/leonardo/Workplace/Simple-Gallery/app/src/main/kotlin/com/simplemobiletools/gallery/pro/activities/SettingsActivity.kt:364:32 Unresolved reference: isHiddenPasswordProtectionOn
e: file:///home/leonardo/Workplace/Simple-Gallery/app/src/main/kotlin/com/simplemobiletools/gallery/pro/activities/SettingsActivity.kt:365:61 Unresolved reference: hiddenProtectionType
e: file:///home/leonardo/Workplace/Simple-Gallery/app/src/main/kotlin/com/simplemobiletools/gallery/pro/activities/SettingsActivity.kt:376:56 Variable expected
e: file:///home/leonardo/Workplace/Simple-Gallery/app/src/main/kotlin/com/simplemobiletools/gallery/pro/activities/SettingsActivity.kt:382:68 Variable expected
e: file:///home/leonardo/Workplace/Simple-Gallery/app/src/main/kotlin/com/simplemobiletools/gallery/pro/activities/SettingsActivity.kt:398:47 Variable expected
e: file:///home/leonardo/Workplace/Simple-Gallery/app/src/main/kotlin/com/simplemobiletools/gallery/pro/activities/SettingsActivity.kt:398:66 Unresolved reference: isAppPasswordProtectionOn
e: file:///home/leonardo/Workplace/Simple-Gallery/app/src/main/kotlin/com/simplemobiletools/gallery/pro/activities/SettingsActivity.kt:400:40 Unresolved reference: isAppPasswordProtectionOn
e: file:///home/leonardo/Workplace/Simple-Gallery/app/src/main/kotlin/com/simplemobiletools/gallery/pro/activities/SettingsActivity.kt:403:56 Unresolved reference: isAppPasswordProtectionOn
e: file:///home/leonardo/Workplace/Simple-Gallery/app/src/main/kotlin/com/simplemobiletools/gallery/pro/activities/SettingsActivity.kt:404:59 Variable expected
e: file:///home/leonardo/Workplace/Simple-Gallery/app/src/main/kotlin/com/simplemobiletools/gallery/pro/activities/SettingsActivity.kt:405:28 Unresolved reference: isAppPasswordProtectionOn
e: file:///home/leonardo/Workplace/Simple-Gallery/app/src/main/kotlin/com/simplemobiletools/gallery/pro/activities/SettingsActivity.kt:409:32 Unresolved reference: isAppPasswordProtectionOn
e: file:///home/leonardo/Workplace/Simple-Gallery/app/src/main/kotlin/com/simplemobiletools/gallery/pro/activities/SettingsActivity.kt:420:56 Variable expected
e: file:///home/leonardo/Workplace/Simple-Gallery/app/src/main/kotlin/com/simplemobiletools/gallery/pro/activities/SettingsActivity.kt:420:75 Unresolved reference: isDeletePasswordProtectionOn
e: file:///home/leonardo/Workplace/Simple-Gallery/app/src/main/kotlin/com/simplemobiletools/gallery/pro/activities/SettingsActivity.kt:422:40 Unresolved reference: isDeletePasswordProtectionOn
e: file:///home/leonardo/Workplace/Simple-Gallery/app/src/main/kotlin/com/simplemobiletools/gallery/pro/activities/SettingsActivity.kt:422:77 Unresolved reference: deleteProtectionType
e: file:///home/leonardo/Workplace/Simple-Gallery/app/src/main/kotlin/com/simplemobiletools/gallery/pro/activities/SettingsActivity.kt:423:41 Unresolved reference: deletePasswordHash
e: file:///home/leonardo/Workplace/Simple-Gallery/app/src/main/kotlin/com/simplemobiletools/gallery/pro/activities/SettingsActivity.kt:425:56 Unresolved reference: isDeletePasswordProtectionOn
e: file:///home/leonardo/Workplace/Simple-Gallery/app/src/main/kotlin/com/simplemobiletools/gallery/pro/activities/SettingsActivity.kt:426:68 Variable expected
e: file:///home/leonardo/Workplace/Simple-Gallery/app/src/main/kotlin/com/simplemobiletools/gallery/pro/activities/SettingsActivity.kt:427:28 Unresolved reference: isDeletePasswordProtectionOn
e: file:///home/leonardo/Workplace/Simple-Gallery/app/src/main/kotlin/com/simplemobiletools/gallery/pro/activities/SettingsActivity.kt:428:28 Unresolved reference: deletePasswordHash
e: file:///home/leonardo/Workplace/Simple-Gallery/app/src/main/kotlin/com/simplemobiletools/gallery/pro/activities/SettingsActivity.kt:429:28 Unresolved reference: deleteProtectionType
e: file:///home/leonardo/Workplace/Simple-Gallery/app/src/main/kotlin/com/simplemobiletools/gallery/pro/activities/SettingsActivity.kt:431:32 Unresolved reference: isDeletePasswordProtectionOn
e: file:///home/leonardo/Workplace/Simple-Gallery/app/src/main/kotlin/com/simplemobiletools/gallery/pro/activities/SettingsActivity.kt:432:61 Unresolved reference: deleteProtectionType
e: file:///home/leonardo/Workplace/Simple-Gallery/app/src/main/kotlin/com/simplemobiletools/gallery/pro/activities/SettingsActivity.kt:442:44 Variable expected
e: file:///home/leonardo/Workplace/Simple-Gallery/app/src/main/kotlin/com/simplemobiletools/gallery/pro/activities/SettingsActivity.kt:450:44 Variable expected
e: file:///home/leonardo/Workplace/Simple-Gallery/app/src/main/kotlin/com/simplemobiletools/gallery/pro/activities/SettingsActivity.kt:458:44 Variable expected
e: file:///home/leonardo/Workplace/Simple-Gallery/app/src/main/kotlin/com/simplemobiletools/gallery/pro/activities/SettingsActivity.kt:466:42 Variable expected
e: file:///home/leonardo/Workplace/Simple-Gallery/app/src/main/kotlin/com/simplemobiletools/gallery/pro/activities/SettingsActivity.kt:474:51 Variable expected
e: file:///home/leonardo/Workplace/Simple-Gallery/app/src/main/kotlin/com/simplemobiletools/gallery/pro/activities/SettingsActivity.kt:482:53 Unresolved reference: isPiePlus
e: file:///home/leonardo/Workplace/Simple-Gallery/app/src/main/kotlin/com/simplemobiletools/gallery/pro/activities/SettingsActivity.kt:483:35 Variable expected
e: file:///home/leonardo/Workplace/Simple-Gallery/app/src/main/kotlin/com/simplemobiletools/gallery/pro/activities/SettingsActivity.kt:497:46 Variable expected
e: file:///home/leonardo/Workplace/Simple-Gallery/app/src/main/kotlin/com/simplemobiletools/gallery/pro/activities/SettingsActivity.kt:500:54 Variable expected
e: file:///home/leonardo/Workplace/Simple-Gallery/app/src/main/kotlin/com/simplemobiletools/gallery/pro/activities/SettingsActivity.kt:513:42 Variable expected
e: file:///home/leonardo/Workplace/Simple-Gallery/app/src/main/kotlin/com/simplemobiletools/gallery/pro/activities/SettingsActivity.kt:523:45 Variable expected
e: file:///home/leonardo/Workplace/Simple-Gallery/app/src/main/kotlin/com/simplemobiletools/gallery/pro/activities/SettingsActivity.kt:531:44 Variable expected
e: file:///home/leonardo/Workplace/Simple-Gallery/app/src/main/kotlin/com/simplemobiletools/gallery/pro/activities/SettingsActivity.kt:547:44 Variable expected
e: file:///home/leonardo/Workplace/Simple-Gallery/app/src/main/kotlin/com/simplemobiletools/gallery/pro/activities/SettingsActivity.kt:555:43 Variable expected
e: file:///home/leonardo/Workplace/Simple-Gallery/app/src/main/kotlin/com/simplemobiletools/gallery/pro/activities/SettingsActivity.kt:563:44 Variable expected
e: file:///home/leonardo/Workplace/Simple-Gallery/app/src/main/kotlin/com/simplemobiletools/gallery/pro/activities/SettingsActivity.kt:571:45 Variable expected
e: file:///home/leonardo/Workplace/Simple-Gallery/app/src/main/kotlin/com/simplemobiletools/gallery/pro/activities/SettingsActivity.kt:581:45 Variable expected
e: file:///home/leonardo/Workplace/Simple-Gallery/app/src/main/kotlin/com/simplemobiletools/gallery/pro/activities/SettingsActivity.kt:604:48 Variable expected
e: file:///home/leonardo/Workplace/Simple-Gallery/app/src/main/kotlin/com/simplemobiletools/gallery/pro/activities/SettingsActivity.kt:612:40 Variable expected
e: file:///home/leonardo/Workplace/Simple-Gallery/app/src/main/kotlin/com/simplemobiletools/gallery/pro/activities/SettingsActivity.kt:622:48 Variable expected
e: file:///home/leonardo/Workplace/Simple-Gallery/app/src/main/kotlin/com/simplemobiletools/gallery/pro/activities/SettingsActivity.kt:636:47 Variable expected
e: file:///home/leonardo/Workplace/Simple-Gallery/app/src/main/kotlin/com/simplemobiletools/gallery/pro/activities/SettingsActivity.kt:659:39 Variable expected
e: file:///home/leonardo/Workplace/Simple-Gallery/app/src/main/kotlin/com/simplemobiletools/gallery/pro/activities/SettingsActivity.kt:668:40 Variable expected
e: file:///home/leonardo/Workplace/Simple-Gallery/app/src/main/kotlin/com/simplemobiletools/gallery/pro/activities/SettingsActivity.kt:677:44 Variable expected
e: file:///home/leonardo/Workplace/Simple-Gallery/app/src/main/kotlin/com/simplemobiletools/gallery/pro/activities/SettingsActivity.kt:694:9 Unresolved reference: ensureBackgroundThread
e: file:///home/leonardo/Workplace/Simple-Gallery/app/src/main/kotlin/com/simplemobiletools/gallery/pro/activities/SettingsActivity.kt:699:88 Unresolved reference: recycleBinPath
e: file:///home/leonardo/Workplace/Simple-Gallery/app/src/main/kotlin/com/simplemobiletools/gallery/pro/activities/SettingsActivity.kt:709:53 Variable expected
e: file:///home/leonardo/Workplace/Simple-Gallery/app/src/main/kotlin/com/simplemobiletools/gallery/pro/activities/SettingsActivity.kt:720:57 Variable expected
e: file:///home/leonardo/Workplace/Simple-Gallery/app/src/main/kotlin/com/simplemobiletools/gallery/pro/activities/SettingsActivity.kt:727:9 Unresolved reference: ensureBackgroundThread
e: file:///home/leonardo/Workplace/Simple-Gallery/app/src/main/kotlin/com/simplemobiletools/gallery/pro/activities/SettingsActivity.kt:730:48 Variable expected
e: file:///home/leonardo/Workplace/Simple-Gallery/app/src/main/kotlin/com/simplemobiletools/gallery/pro/activities/SettingsActivity.kt:735:13 Unresolved reference: ensureBackgroundThread
e: file:///home/leonardo/Workplace/Simple-Gallery/app/src/main/kotlin/com/simplemobiletools/gallery/pro/activities/SettingsActivity.kt:738:52 Variable expected
e: file:///home/leonardo/Workplace/Simple-Gallery/app/src/main/kotlin/com/simplemobiletools/gallery/pro/activities/SettingsActivity.kt:746:17 Unresolved reference: isQPlus
e: file:///home/leonardo/Workplace/Simple-Gallery/app/src/main/kotlin/com/simplemobiletools/gallery/pro/activities/SettingsActivity.kt:756:74 Unresolved reference: system_service_disabled
e: file:///home/leonardo/Workplace/Simple-Gallery/app/src/main/kotlin/com/simplemobiletools/gallery/pro/activities/SettingsActivity.kt:783:9 Unresolved reference: ensureBackgroundThread
e: file:///home/leonardo/Workplace/Simple-Gallery/app/src/main/kotlin/com/simplemobiletools/gallery/pro/activities/SettingsActivity.kt:806:17 Unresolved reference: isQPlus
e: file:///home/leonardo/Workplace/Simple-Gallery/app/src/main/kotlin/com/simplemobiletools/gallery/pro/activities/SettingsActivity.kt:816:29 Unresolved reference: ensureBackgroundThread
e: file:///home/leonardo/Workplace/Simple-Gallery/app/src/main/kotlin/com/simplemobiletools/gallery/pro/activities/SettingsActivity.kt:832:9 Unresolved reference: ensureBackgroundThread
e: file:///home/leonardo/Workplace/Simple-Gallery/app/src/main/kotlin/com/simplemobiletools/gallery/pro/activities/SettingsActivity.kt:849:146 Unresolved reference: no_entries_for_importing
e: file:///home/leonardo/Workplace/Simple-Gallery/app/src/main/kotlin/com/simplemobiletools/gallery/pro/activities/SettingsActivity.kt:860:21 Unresolved reference: ACCENT_COLOR
e: file:///home/leonardo/Workplace/Simple-Gallery/app/src/main/kotlin/com/simplemobiletools/gallery/pro/activities/SettingsActivity.kt:860:42 Unresolved reference: accentColor
e: file:///home/leonardo/Workplace/Simple-Gallery/app/src/main/kotlin/com/simplemobiletools/gallery/pro/activities/SettingsActivity.kt:866:21 Unresolved reference: DATE_FORMAT
e: file:///home/leonardo/Workplace/Simple-Gallery/app/src/main/kotlin/com/simplemobiletools/gallery/pro/activities/SettingsActivity.kt:866:41 Unresolved reference: dateFormat
e: file:///home/leonardo/Workplace/Simple-Gallery/app/src/main/kotlin/com/simplemobiletools/gallery/pro/activities/SettingsActivity.kt:943:13 Unresolved reference: exportSettings
e: file:///home/leonardo/Workplace/Simple-Gallery/app/src/main/kotlin/com/simplemobiletools/gallery/pro/activities/SettingsActivity.kt:949:17 Unresolved reference: isQPlus
e: file:///home/leonardo/Workplace/Simple-Gallery/app/src/main/kotlin/com/simplemobiletools/gallery/pro/activities/SettingsActivity.kt:959:29 Unresolved reference: ensureBackgroundThread
e: file:///home/leonardo/Workplace/Simple-Gallery/app/src/main/kotlin/com/simplemobiletools/gallery/pro/activities/SettingsActivity.kt:994:76 Unresolved reference. None of the following candidates is applicable because of receiver type mismatch: 
public inline fun String?.toBoolean(): Boolean defined in kotlin.text
e: file:///home/leonardo/Workplace/Simple-Gallery/app/src/main/kotlin/com/simplemobiletools/gallery/pro/activities/SettingsActivity.kt:995:56 Unresolved reference. None of the following candidates is applicable because of receiver type mismatch: 
public inline fun String.toInt(): Int defined in kotlin.text
public inline fun String.toInt(radix: Int): Int defined in kotlin.text
private fun Iterable<FlagEnum>.toInt(): Int defined in kotlin.text
e: file:///home/leonardo/Workplace/Simple-Gallery/app/src/main/kotlin/com/simplemobiletools/gallery/pro/activities/SettingsActivity.kt:996:68 Unresolved reference. None of the following candidates is applicable because of receiver type mismatch: 
public inline fun String.toInt(): Int defined in kotlin.text
public inline fun String.toInt(radix: Int): Int defined in kotlin.text
private fun Iterable<FlagEnum>.toInt(): Int defined in kotlin.text
e: file:///home/leonardo/Workplace/Simple-Gallery/app/src/main/kotlin/com/simplemobiletools/gallery/pro/activities/SettingsActivity.kt:997:62 Unresolved reference. None of the following candidates is applicable because of receiver type mismatch: 
public inline fun String.toInt(): Int defined in kotlin.text
public inline fun String.toInt(radix: Int): Int defined in kotlin.text
private fun Iterable<FlagEnum>.toInt(): Int defined in kotlin.text
e: file:///home/leonardo/Workplace/Simple-Gallery/app/src/main/kotlin/com/simplemobiletools/gallery/pro/activities/SettingsActivity.kt:998:17 Unresolved reference: ACCENT_COLOR
e: file:///home/leonardo/Workplace/Simple-Gallery/app/src/main/kotlin/com/simplemobiletools/gallery/pro/activities/SettingsActivity.kt:998:40 Unresolved reference: accentColor
e: file:///home/leonardo/Workplace/Simple-Gallery/app/src/main/kotlin/com/simplemobiletools/gallery/pro/activities/SettingsActivity.kt:998:60 Unresolved reference. None of the following candidates is applicable because of receiver type mismatch: 
public inline fun String.toInt(): Int defined in kotlin.text
public inline fun String.toInt(radix: Int): Int defined in kotlin.text
private fun Iterable<FlagEnum>.toInt(): Int defined in kotlin.text
e: file:///home/leonardo/Workplace/Simple-Gallery/app/src/main/kotlin/com/simplemobiletools/gallery/pro/activities/SettingsActivity.kt:1000:59 Unresolved reference. None of the following candidates is applicable because of receiver type mismatch: 
public inline fun String.toInt(): Int defined in kotlin.text
public inline fun String.toInt(radix: Int): Int defined in kotlin.text
private fun Iterable<FlagEnum>.toInt(): Int defined in kotlin.text
e: file:///home/leonardo/Workplace/Simple-Gallery/app/src/main/kotlin/com/simplemobiletools/gallery/pro/activities/SettingsActivity.kt:1001:53 Unresolved reference. None of the following candidates is applicable because of receiver type mismatch: 
public inline fun String.toInt(): Int defined in kotlin.text
public inline fun String.toInt(radix: Int): Int defined in kotlin.text
private fun Iterable<FlagEnum>.toInt(): Int defined in kotlin.text
e: file:///home/leonardo/Workplace/Simple-Gallery/app/src/main/kotlin/com/simplemobiletools/gallery/pro/activities/SettingsActivity.kt:1006:58 Unresolved reference. None of the following candidates is applicable because of receiver type mismatch: 
public inline fun String?.toBoolean(): Boolean defined in kotlin.text
e: file:///home/leonardo/Workplace/Simple-Gallery/app/src/main/kotlin/com/simplemobiletools/gallery/pro/activities/SettingsActivity.kt:1007:80 Unresolved reference. None of the following candidates is applicable because of receiver type mismatch: 
public inline fun String?.toBoolean(): Boolean defined in kotlin.text
e: file:///home/leonardo/Workplace/Simple-Gallery/app/src/main/kotlin/com/simplemobiletools/gallery/pro/activities/SettingsActivity.kt:1008:65 Unresolved reference. None of the following candidates is applicable because of receiver type mismatch: 
public inline fun String.toInt(): Int defined in kotlin.text
public inline fun String.toInt(radix: Int): Int defined in kotlin.text
private fun Iterable<FlagEnum>.toInt(): Int defined in kotlin.text
e: file:///home/leonardo/Workplace/Simple-Gallery/app/src/main/kotlin/com/simplemobiletools/gallery/pro/activities/SettingsActivity.kt:1009:69 Unresolved reference. None of the following candidates is applicable because of receiver type mismatch: 
public inline fun String.toInt(): Int defined in kotlin.text
public inline fun String.toInt(radix: Int): Int defined in kotlin.text
private fun Iterable<FlagEnum>.toInt(): Int defined in kotlin.text
e: file:///home/leonardo/Workplace/Simple-Gallery/app/src/main/kotlin/com/simplemobiletools/gallery/pro/activities/SettingsActivity.kt:1010:17 Unresolved reference: DATE_FORMAT
e: file:///home/leonardo/Workplace/Simple-Gallery/app/src/main/kotlin/com/simplemobiletools/gallery/pro/activities/SettingsActivity.kt:1010:39 Unresolved reference: dateFormat
e: file:///home/leonardo/Workplace/Simple-Gallery/app/src/main/kotlin/com/simplemobiletools/gallery/pro/activities/SettingsActivity.kt:1011:70 Unresolved reference. None of the following candidates is applicable because of receiver type mismatch: 
public inline fun String?.toBoolean(): Boolean defined in kotlin.text
e: file:///home/leonardo/Workplace/Simple-Gallery/app/src/main/kotlin/com/simplemobiletools/gallery/pro/activities/SettingsActivity.kt:1012:69 Unresolved reference: toStringSet
e: file:///home/leonardo/Workplace/Simple-Gallery/app/src/main/kotlin/com/simplemobiletools/gallery/pro/activities/SettingsActivity.kt:1013:69 Unresolved reference: toStringSet
e: file:///home/leonardo/Workplace/Simple-Gallery/app/src/main/kotlin/com/simplemobiletools/gallery/pro/activities/SettingsActivity.kt:1014:69 Unresolved reference. None of the following candidates is applicable because of receiver type mismatch: 
public inline fun String?.toBoolean(): Boolean defined in kotlin.text
e: file:///home/leonardo/Workplace/Simple-Gallery/app/src/main/kotlin/com/simplemobiletools/gallery/pro/activities/SettingsActivity.kt:1015:77 Unresolved reference. None of the following candidates is applicable because of receiver type mismatch: 
public inline fun String.toInt(): Int defined in kotlin.text
public inline fun String.toInt(radix: Int): Int defined in kotlin.text
private fun Iterable<FlagEnum>.toInt(): Int defined in kotlin.text
e: file:///home/leonardo/Workplace/Simple-Gallery/app/src/main/kotlin/com/simplemobiletools/gallery/pro/activities/SettingsActivity.kt:1016:66 Unresolved reference. None of the following candidates is applicable because of receiver type mismatch: 
public inline fun String?.toBoolean(): Boolean defined in kotlin.text
e: file:///home/leonardo/Workplace/Simple-Gallery/app/src/main/kotlin/com/simplemobiletools/gallery/pro/activities/SettingsActivity.kt:1017:90 Unresolved reference. None of the following candidates is applicable because of receiver type mismatch: 
public inline fun String?.toBoolean(): Boolean defined in kotlin.text
e: file:///home/leonardo/Workplace/Simple-Gallery/app/src/main/kotlin/com/simplemobiletools/gallery/pro/activities/SettingsActivity.kt:1018:58 Unresolved reference. None of the following candidates is applicable because of receiver type mismatch: 
public inline fun String?.toBoolean(): Boolean defined in kotlin.text
e: file:///home/leonardo/Workplace/Simple-Gallery/app/src/main/kotlin/com/simplemobiletools/gallery/pro/activities/SettingsActivity.kt:1019:93 Unresolved reference. None of the following candidates is applicable because of receiver type mismatch: 
public inline fun String?.toBoolean(): Boolean defined in kotlin.text
e: file:///home/leonardo/Workplace/Simple-Gallery/app/src/main/kotlin/com/simplemobiletools/gallery/pro/activities/SettingsActivity.kt:1020:75 Unresolved reference. None of the following candidates is applicable because of receiver type mismatch: 
public inline fun String?.toBoolean(): Boolean defined in kotlin.text
e: file:///home/leonardo/Workplace/Simple-Gallery/app/src/main/kotlin/com/simplemobiletools/gallery/pro/activities/SettingsActivity.kt:1021:60 Unresolved reference. None of the following candidates is applicable because of receiver type mismatch: 
public inline fun String?.toBoolean(): Boolean defined in kotlin.text
e: file:///home/leonardo/Workplace/Simple-Gallery/app/src/main/kotlin/com/simplemobiletools/gallery/pro/activities/SettingsActivity.kt:1022:66 Unresolved reference. None of the following candidates is applicable because of receiver type mismatch: 
public inline fun String?.toBoolean(): Boolean defined in kotlin.text
e: file:///home/leonardo/Workplace/Simple-Gallery/app/src/main/kotlin/com/simplemobiletools/gallery/pro/activities/SettingsActivity.kt:1023:92 Unresolved reference. None of the following candidates is applicable because of receiver type mismatch: 
public inline fun String?.toBoolean(): Boolean defined in kotlin.text
e: file:///home/leonardo/Workplace/Simple-Gallery/app/src/main/kotlin/com/simplemobiletools/gallery/pro/activities/SettingsActivity.kt:1024:84 Unresolved reference. None of the following candidates is applicable because of receiver type mismatch: 
public inline fun String?.toBoolean(): Boolean defined in kotlin.text
e: file:///home/leonardo/Workplace/Simple-Gallery/app/src/main/kotlin/com/simplemobiletools/gallery/pro/activities/SettingsActivity.kt:1025:73 Unresolved reference. None of the following candidates is applicable because of receiver type mismatch: 
public inline fun String?.toBoolean(): Boolean defined in kotlin.text
e: file:///home/leonardo/Workplace/Simple-Gallery/app/src/main/kotlin/com/simplemobiletools/gallery/pro/activities/SettingsActivity.kt:1026:74 Unresolved reference. None of the following candidates is applicable because of receiver type mismatch: 
public inline fun String?.toBoolean(): Boolean defined in kotlin.text
e: file:///home/leonardo/Workplace/Simple-Gallery/app/src/main/kotlin/com/simplemobiletools/gallery/pro/activities/SettingsActivity.kt:1027:78 Unresolved reference. None of the following candidates is applicable because of receiver type mismatch: 
public inline fun String?.toBoolean(): Boolean defined in kotlin.text
e: file:///home/leonardo/Workplace/Simple-Gallery/app/src/main/kotlin/com/simplemobiletools/gallery/pro/activities/SettingsActivity.kt:1028:64 Unresolved reference. None of the following candidates is applicable because of receiver type mismatch: 
public inline fun String?.toBoolean(): Boolean defined in kotlin.text
e: file:///home/leonardo/Workplace/Simple-Gallery/app/src/main/kotlin/com/simplemobiletools/gallery/pro/activities/SettingsActivity.kt:1029:68 Unresolved reference. None of the following candidates is applicable because of receiver type mismatch: 
public inline fun String?.toBoolean(): Boolean defined in kotlin.text
e: file:///home/leonardo/Workplace/Simple-Gallery/app/src/main/kotlin/com/simplemobiletools/gallery/pro/activities/SettingsActivity.kt:1030:63 Unresolved reference. None of the following candidates is applicable because of receiver type mismatch: 
public inline fun String?.toBoolean(): Boolean defined in kotlin.text
e: file:///home/leonardo/Workplace/Simple-Gallery/app/src/main/kotlin/com/simplemobiletools/gallery/pro/activities/SettingsActivity.kt:1031:75 Unresolved reference. None of the following candidates is applicable because of receiver type mismatch: 
public inline fun String?.toBoolean(): Boolean defined in kotlin.text
e: file:///home/leonardo/Workplace/Simple-Gallery/app/src/main/kotlin/com/simplemobiletools/gallery/pro/activities/SettingsActivity.kt:1032:75 Unresolved reference. None of the following candidates is applicable because of receiver type mismatch: 
public inline fun String?.toBoolean(): Boolean defined in kotlin.text
e: file:///home/leonardo/Workplace/Simple-Gallery/app/src/main/kotlin/com/simplemobiletools/gallery/pro/activities/SettingsActivity.kt:1033:71 Unresolved reference. None of the following candidates is applicable because of receiver type mismatch: 
public inline fun String?.toBoolean(): Boolean defined in kotlin.text
e: file:///home/leonardo/Workplace/Simple-Gallery/app/src/main/kotlin/com/simplemobiletools/gallery/pro/activities/SettingsActivity.kt:1034:90 Unresolved reference. None of the following candidates is applicable because of receiver type mismatch: 
public inline fun String?.toBoolean(): Boolean defined in kotlin.text
e: file:///home/leonardo/Workplace/Simple-Gallery/app/src/main/kotlin/com/simplemobiletools/gallery/pro/activities/SettingsActivity.kt:1035:56 Unresolved reference. None of the following candidates is applicable because of receiver type mismatch: 
public inline fun String?.toBoolean(): Boolean defined in kotlin.text
e: file:///home/leonardo/Workplace/Simple-Gallery/app/src/main/kotlin/com/simplemobiletools/gallery/pro/activities/SettingsActivity.kt:1036:66 Unresolved reference. None of the following candidates is applicable because of receiver type mismatch: 
public inline fun String.toInt(): Int defined in kotlin.text
public inline fun String.toInt(radix: Int): Int defined in kotlin.text
private fun Iterable<FlagEnum>.toInt(): Int defined in kotlin.text
e: file:///home/leonardo/Workplace/Simple-Gallery/app/src/main/kotlin/com/simplemobiletools/gallery/pro/activities/SettingsActivity.kt:1037:75 Unresolved reference. None of the following candidates is applicable because of receiver type mismatch: 
public inline fun String?.toBoolean(): Boolean defined in kotlin.text
e: file:///home/leonardo/Workplace/Simple-Gallery/app/src/main/kotlin/com/simplemobiletools/gallery/pro/activities/SettingsActivity.kt:1038:75 Unresolved reference. None of the following candidates is applicable because of receiver type mismatch: 
public inline fun String?.toBoolean(): Boolean defined in kotlin.text
e: file:///home/leonardo/Workplace/Simple-Gallery/app/src/main/kotlin/com/simplemobiletools/gallery/pro/activities/SettingsActivity.kt:1039:75 Unresolved reference. None of the following candidates is applicable because of receiver type mismatch: 
public inline fun String?.toBoolean(): Boolean defined in kotlin.text
e: file:///home/leonardo/Workplace/Simple-Gallery/app/src/main/kotlin/com/simplemobiletools/gallery/pro/activities/SettingsActivity.kt:1040:77 Unresolved reference. None of the following candidates is applicable because of receiver type mismatch: 
public inline fun String?.toBoolean(): Boolean defined in kotlin.text
e: file:///home/leonardo/Workplace/Simple-Gallery/app/src/main/kotlin/com/simplemobiletools/gallery/pro/activities/SettingsActivity.kt:1041:77 Unresolved reference. None of the following candidates is applicable because of receiver type mismatch: 
public inline fun String?.toBoolean(): Boolean defined in kotlin.text
e: file:///home/leonardo/Workplace/Simple-Gallery/app/src/main/kotlin/com/simplemobiletools/gallery/pro/activities/SettingsActivity.kt:1042:68 Unresolved reference. None of the following candidates is applicable because of receiver type mismatch: 
public inline fun String.toInt(): Int defined in kotlin.text
public inline fun String.toInt(radix: Int): Int defined in kotlin.text
private fun Iterable<FlagEnum>.toInt(): Int defined in kotlin.text
e: file:///home/leonardo/Workplace/Simple-Gallery/app/src/main/kotlin/com/simplemobiletools/gallery/pro/activities/SettingsActivity.kt:1043:75 Unresolved reference. None of the following candidates is applicable because of receiver type mismatch: 
public inline fun String?.toBoolean(): Boolean defined in kotlin.text
e: file:///home/leonardo/Workplace/Simple-Gallery/app/src/main/kotlin/com/simplemobiletools/gallery/pro/activities/SettingsActivity.kt:1044:71 Unresolved reference. None of the following candidates is applicable because of receiver type mismatch: 
public inline fun String?.toBoolean(): Boolean defined in kotlin.text
e: file:///home/leonardo/Workplace/Simple-Gallery/app/src/main/kotlin/com/simplemobiletools/gallery/pro/activities/SettingsActivity.kt:1045:83 Unresolved reference. None of the following candidates is applicable because of receiver type mismatch: 
public inline fun String?.toBoolean(): Boolean defined in kotlin.text
e: file:///home/leonardo/Workplace/Simple-Gallery/app/src/main/kotlin/com/simplemobiletools/gallery/pro/activities/SettingsActivity.kt:1046:64 Unresolved reference. None of the following candidates is applicable because of receiver type mismatch: 
public inline fun String?.toBoolean(): Boolean defined in kotlin.text
e: file:///home/leonardo/Workplace/Simple-Gallery/app/src/main/kotlin/com/simplemobiletools/gallery/pro/activities/SettingsActivity.kt:1047:79 Unresolved reference. None of the following candidates is applicable because of receiver type mismatch: 
public inline fun String.toInt(): Int defined in kotlin.text
public inline fun String.toInt(radix: Int): Int defined in kotlin.text
private fun Iterable<FlagEnum>.toInt(): Int defined in kotlin.text
e: file:///home/leonardo/Workplace/Simple-Gallery/app/src/main/kotlin/com/simplemobiletools/gallery/pro/activities/SettingsActivity.kt:1048:65 Unresolved reference. None of the following candidates is applicable because of receiver type mismatch: 
public inline fun String?.toBoolean(): Boolean defined in kotlin.text
e: file:///home/leonardo/Workplace/Simple-Gallery/app/src/main/kotlin/com/simplemobiletools/gallery/pro/activities/SettingsActivity.kt:1049:87 Unresolved reference. None of the following candidates is applicable because of receiver type mismatch: 
public inline fun String?.toBoolean(): Boolean defined in kotlin.text
e: file:///home/leonardo/Workplace/Simple-Gallery/app/src/main/kotlin/com/simplemobiletools/gallery/pro/activities/SettingsActivity.kt:1050:76 Unresolved reference. None of the following candidates is applicable because of receiver type mismatch: 
public inline fun String?.toBoolean(): Boolean defined in kotlin.text
e: file:///home/leonardo/Workplace/Simple-Gallery/app/src/main/kotlin/com/simplemobiletools/gallery/pro/activities/SettingsActivity.kt:1051:54 Unresolved reference. None of the following candidates is applicable because of receiver type mismatch: 
public inline fun String.toInt(): Int defined in kotlin.text
public inline fun String.toInt(radix: Int): Int defined in kotlin.text
private fun Iterable<FlagEnum>.toInt(): Int defined in kotlin.text
e: file:///home/leonardo/Workplace/Simple-Gallery/app/src/main/kotlin/com/simplemobiletools/gallery/pro/activities/SettingsActivity.kt:1052:73 Unresolved reference. None of the following candidates is applicable because of receiver type mismatch: 
public inline fun String.toInt(): Int defined in kotlin.text
public inline fun String.toInt(radix: Int): Int defined in kotlin.text
private fun Iterable<FlagEnum>.toInt(): Int defined in kotlin.text
e: file:///home/leonardo/Workplace/Simple-Gallery/app/src/main/kotlin/com/simplemobiletools/gallery/pro/activities/SettingsActivity.kt:1053:52 Unresolved reference. None of the following candidates is applicable because of receiver type mismatch: 
public inline fun String.toInt(): Int defined in kotlin.text
public inline fun String.toInt(radix: Int): Int defined in kotlin.text
private fun Iterable<FlagEnum>.toInt(): Int defined in kotlin.text
e: file:///home/leonardo/Workplace/Simple-Gallery/app/src/main/kotlin/com/simplemobiletools/gallery/pro/activities/SettingsActivity.kt:1054:81 Unresolved reference. None of the following candidates is applicable because of receiver type mismatch: 
public inline fun String?.toBoolean(): Boolean defined in kotlin.text
e: file:///home/leonardo/Workplace/Simple-Gallery/app/src/main/kotlin/com/simplemobiletools/gallery/pro/activities/SettingsActivity.kt:1055:65 Unresolved reference: toStringSet
e: file:///home/leonardo/Workplace/Simple-Gallery/app/src/main/kotlin/com/simplemobiletools/gallery/pro/activities/SettingsActivity.kt:1056:71 Unresolved reference. None of the following candidates is applicable because of receiver type mismatch: 
public inline fun String?.toBoolean(): Boolean defined in kotlin.text
e: file:///home/leonardo/Workplace/Simple-Gallery/app/src/main/kotlin/com/simplemobiletools/gallery/pro/activities/SettingsActivity.kt:1057:60 Unresolved reference. None of the following candidates is applicable because of receiver type mismatch: 
public inline fun String.toInt(): Int defined in kotlin.text
public inline fun String.toInt(radix: Int): Int defined in kotlin.text
private fun Iterable<FlagEnum>.toInt(): Int defined in kotlin.text
e: file:///home/leonardo/Workplace/Simple-Gallery/app/src/main/kotlin/com/simplemobiletools/gallery/pro/activities/SettingsActivity.kt:1058:63 Unresolved reference. None of the following candidates is applicable because of receiver type mismatch: 
public inline fun String.toInt(): Int defined in kotlin.text
public inline fun String.toInt(radix: Int): Int defined in kotlin.text
private fun Iterable<FlagEnum>.toInt(): Int defined in kotlin.text
e: file:///home/leonardo/Workplace/Simple-Gallery/app/src/main/kotlin/com/simplemobiletools/gallery/pro/activities/SettingsActivity.kt:1059:67 Unresolved reference. None of the following candidates is applicable because of receiver type mismatch: 
public inline fun String.toInt(): Int defined in kotlin.text
public inline fun String.toInt(radix: Int): Int defined in kotlin.text
private fun Iterable<FlagEnum>.toInt(): Int defined in kotlin.text
e: file:///home/leonardo/Workplace/Simple-Gallery/app/src/main/kotlin/com/simplemobiletools/gallery/pro/activities/SettingsActivity.kt:1060:52 Unresolved reference. None of the following candidates is applicable because of receiver type mismatch: 
public inline fun String?.toBoolean(): Boolean defined in kotlin.text
e: file:///home/leonardo/Workplace/Simple-Gallery/app/src/main/kotlin/com/simplemobiletools/gallery/pro/activities/SettingsActivity.kt:1061:80 Unresolved reference. None of the following candidates is applicable because of receiver type mismatch: 
public inline fun String?.toBoolean(): Boolean defined in kotlin.text
e: file:///home/leonardo/Workplace/Simple-Gallery/app/src/main/kotlin/com/simplemobiletools/gallery/pro/activities/SettingsActivity.kt:1062:65 Unresolved reference. None of the following candidates is applicable because of receiver type mismatch: 
public inline fun String.toInt(): Int defined in kotlin.text
public inline fun String.toInt(radix: Int): Int defined in kotlin.text
private fun Iterable<FlagEnum>.toInt(): Int defined in kotlin.text
e: file:///home/leonardo/Workplace/Simple-Gallery/app/src/main/kotlin/com/simplemobiletools/gallery/pro/activities/SettingsActivity.kt:1063:69 Unresolved reference. None of the following candidates is applicable because of receiver type mismatch: 
public inline fun String.toInt(): Int defined in kotlin.text
public inline fun String.toInt(radix: Int): Int defined in kotlin.text
private fun Iterable<FlagEnum>.toInt(): Int defined in kotlin.text
e: file:///home/leonardo/Workplace/Simple-Gallery/app/src/main/kotlin/com/simplemobiletools/gallery/pro/activities/SettingsActivity.kt:1064:72 Unresolved reference. None of the following candidates is applicable because of receiver type mismatch: 
public inline fun String.toInt(): Int defined in kotlin.text
public inline fun String.toInt(radix: Int): Int defined in kotlin.text
private fun Iterable<FlagEnum>.toInt(): Int defined in kotlin.text
e: file:///home/leonardo/Workplace/Simple-Gallery/app/src/main/kotlin/com/simplemobiletools/gallery/pro/activities/SettingsActivity.kt:1065:83 Unresolved reference. None of the following candidates is applicable because of receiver type mismatch: 
public inline fun String?.toBoolean(): Boolean defined in kotlin.text
e: file:///home/leonardo/Workplace/Simple-Gallery/app/src/main/kotlin/com/simplemobiletools/gallery/pro/activities/SettingsActivity.kt:1066:79 Unresolved reference. None of the following candidates is applicable because of receiver type mismatch: 
public inline fun String?.toBoolean(): Boolean defined in kotlin.text
e: file:///home/leonardo/Workplace/Simple-Gallery/app/src/main/kotlin/com/simplemobiletools/gallery/pro/activities/SettingsActivity.kt:1067:79 Unresolved reference. None of the following candidates is applicable because of receiver type mismatch: 
public inline fun String?.toBoolean(): Boolean defined in kotlin.text
e: file:///home/leonardo/Workplace/Simple-Gallery/app/src/main/kotlin/com/simplemobiletools/gallery/pro/activities/SettingsActivity.kt:1068:83 Unresolved reference. None of the following candidates is applicable because of receiver type mismatch: 
public inline fun String?.toBoolean(): Boolean defined in kotlin.text
e: file:///home/leonardo/Workplace/Simple-Gallery/app/src/main/kotlin/com/simplemobiletools/gallery/pro/activities/SettingsActivity.kt:1069:64 Unresolved reference. None of the following candidates is applicable because of receiver type mismatch: 
public inline fun String?.toBoolean(): Boolean defined in kotlin.text
e: file:///home/leonardo/Workplace/Simple-Gallery/app/src/main/kotlin/com/simplemobiletools/gallery/pro/activities/SettingsActivity.kt:1070:91 Unresolved reference. None of the following candidates is applicable because of receiver type mismatch: 
public inline fun String.toInt(): Int defined in kotlin.text
public inline fun String.toInt(radix: Int): Int defined in kotlin.text
private fun Iterable<FlagEnum>.toInt(): Int defined in kotlin.text
e: file:///home/leonardo/Workplace/Simple-Gallery/app/src/main/kotlin/com/simplemobiletools/gallery/pro/activities/SettingsActivity.kt:1073:83 Unresolved reference. None of the following candidates is applicable because of receiver type mismatch: 
public inline fun String.toInt(): Int defined in kotlin.text
public inline fun String.toInt(radix: Int): Int defined in kotlin.text
private fun Iterable<FlagEnum>.toInt(): Int defined in kotlin.text
e: file:///home/leonardo/Workplace/Simple-Gallery/app/src/main/kotlin/com/simplemobiletools/gallery/pro/activities/SettingsActivity.kt:1074:85 Unresolved reference. None of the following candidates is applicable because of receiver type mismatch: 
public inline fun String?.toBoolean(): Boolean defined in kotlin.text
e: file:///home/leonardo/Workplace/Simple-Gallery/app/src/main/kotlin/com/simplemobiletools/gallery/pro/activities/SettingsActivity.kt:1075:71 Unresolved reference. None of the following candidates is applicable because of receiver type mismatch: 
public inline fun String.toInt(): Int defined in kotlin.text
public inline fun String.toInt(radix: Int): Int defined in kotlin.text
private fun Iterable<FlagEnum>.toInt(): Int defined in kotlin.text
e: file:///home/leonardo/Workplace/Simple-Gallery/app/src/main/kotlin/com/simplemobiletools/gallery/pro/activities/SettingsActivity.kt:1078:70 Unresolved reference. None of the following candidates is applicable because of receiver type mismatch: 
public inline fun String.toInt(): Int defined in kotlin.text
public inline fun String.toInt(radix: Int): Int defined in kotlin.text
private fun Iterable<FlagEnum>.toInt(): Int defined in kotlin.text
e: file:///home/leonardo/Workplace/Simple-Gallery/app/src/main/kotlin/com/simplemobiletools/gallery/pro/activities/SettingsActivity.kt:1079:75 Unresolved reference. None of the following candidates is applicable because of receiver type mismatch: 
public inline fun String.toInt(): Int defined in kotlin.text
public inline fun String.toInt(radix: Int): Int defined in kotlin.text
private fun Iterable<FlagEnum>.toInt(): Int defined in kotlin.text
e: file:///home/leonardo/Workplace/Simple-Gallery/app/src/main/kotlin/com/simplemobiletools/gallery/pro/activities/SettingsActivity.kt:1080:71 Unresolved reference. None of the following candidates is applicable because of receiver type mismatch: 
public inline fun String?.toBoolean(): Boolean defined in kotlin.text
e: file:///home/leonardo/Workplace/Simple-Gallery/app/src/main/kotlin/com/simplemobiletools/gallery/pro/activities/SettingsActivity.kt:1081:70 Unresolved reference. None of the following candidates is applicable because of receiver type mismatch: 
public inline fun String.toInt(): Int defined in kotlin.text
public inline fun String.toInt(radix: Int): Int defined in kotlin.text
private fun Iterable<FlagEnum>.toInt(): Int defined in kotlin.text
e: file:///home/leonardo/Workplace/Simple-Gallery/app/src/main/kotlin/com/simplemobiletools/gallery/pro/activities/SettingsActivity.kt:1082:75 Unresolved reference. None of the following candidates is applicable because of receiver type mismatch: 
public inline fun String?.toBoolean(): Boolean defined in kotlin.text
e: file:///home/leonardo/Workplace/Simple-Gallery/app/src/main/kotlin/com/simplemobiletools/gallery/pro/activities/SettingsActivity.kt:1083:87 Unresolved reference. None of the following candidates is applicable because of receiver type mismatch: 
public inline fun String?.toBoolean(): Boolean defined in kotlin.text
e: file:///home/leonardo/Workplace/Simple-Gallery/app/src/main/kotlin/com/simplemobiletools/gallery/pro/activities/SettingsActivity.kt:1088:45 Unresolved reference: TypeToken
e: file:///home/leonardo/Workplace/Simple-Gallery/app/src/main/kotlin/com/simplemobiletools/gallery/pro/activities/SettingsActivity.kt:1088:78 Unresolved reference: type
e: file:///home/leonardo/Workplace/Simple-Gallery/app/src/main/kotlin/com/simplemobiletools/gallery/pro/activities/SettingsActivity.kt:1089:34 Unresolved reference: Gson
e: file:///home/leonardo/Workplace/Simple-Gallery/app/src/main/kotlin/com/simplemobiletools/gallery/pro/activities/SettingsActivity.kt:1089:104 Not enough information to infer type variable E
e: file:///home/leonardo/Workplace/Simple-Gallery/app/src/main/kotlin/com/simplemobiletools/gallery/pro/activities/SettingsActivity.kt:1090:69 Unresolved reference: path
e: file:///home/leonardo/Workplace/Simple-Gallery/app/src/main/kotlin/com/simplemobiletools/gallery/pro/activities/SettingsActivity.kt:1090:102 Unresolved reference: tmb
e: file:///home/leonardo/Workplace/Simple-Gallery/app/src/main/kotlin/com/simplemobiletools/gallery/pro/activities/SettingsActivity.kt:1090:109 Overload resolution ambiguity: 
public inline fun <T> Iterable<TypeVariable(T)>.forEach(action: (TypeVariable(T)) -> Unit): Unit defined in kotlin.collections
public inline fun <K, V> Map<out TypeVariable(K), TypeVariable(V)>.forEach(action: (Map.Entry<TypeVariable(K), TypeVariable(V)>) -> Unit): Unit defined in kotlin.collections
e: file:///home/leonardo/Workplace/Simple-Gallery/app/src/main/kotlin/com/simplemobiletools/gallery/pro/activities/SettingsActivity.kt:1091:44 Expression expected, but a package name found
e: file:///home/leonardo/Workplace/Simple-Gallery/app/src/main/kotlin/com/simplemobiletools/gallery/pro/activities/SettingsActivity.kt:1094:42 Unresolved reference: Gson
e: file:///home/leonardo/Workplace/Simple-Gallery/app/src/main/kotlin/com/simplemobiletools/gallery/pro/activities/SettingsActivity.kt:1099:9 None of the following functions can be called with the arguments supplied: 
public fun Activity.toast(id: Int, length: Int = ...): Unit defined in com.simplemobiletools.commons.extensions
public fun Activity.toast(msg: String, length: Int = ...): Unit defined in com.simplemobiletools.commons.extensions
public fun Context.toast(id: Int, length: Int = ...): Unit defined in com.simplemobiletools.commons.extensions
public fun Context.toast(msg: String, length: Int = ...): Unit defined in com.simplemobiletools.commons.extensions
e: file:///home/leonardo/Workplace/Simple-Gallery/app/src/main/kotlin/com/simplemobiletools/gallery/pro/activities/SettingsActivity.kt:1099:81 Unresolved reference: settings_imported_successfully
e: file:///home/leonardo/Workplace/Simple-Gallery/app/src/main/kotlin/com/simplemobiletools/gallery/pro/activities/SettingsActivity.kt:1099:156 Unresolved reference: no_entries_for_importing
e: file:///home/leonardo/Workplace/Simple-Gallery/app/src/main/kotlin/com/simplemobiletools/gallery/pro/activities/SimpleActivity.kt:13:46 Unresolved reference: ensureBackgroundThread
e: file:///home/leonardo/Workplace/Simple-Gallery/app/src/main/kotlin/com/simplemobiletools/gallery/pro/activities/SimpleActivity.kt:14:46 Unresolved reference: isPiePlus
e: file:///home/leonardo/Workplace/Simple-Gallery/app/src/main/kotlin/com/simplemobiletools/gallery/pro/activities/SimpleActivity.kt:59:13 Unresolved reference: isPiePlus
e: file:///home/leonardo/Workplace/Simple-Gallery/app/src/main/kotlin/com/simplemobiletools/gallery/pro/activities/SimpleActivity.kt:88:98 The boolean literal does not conform to the expected type (String) -> Unit
e: file:///home/leonardo/Workplace/Simple-Gallery/app/src/main/kotlin/com/simplemobiletools/gallery/pro/activities/SimpleActivity.kt:88:104 Too many arguments for public constructor FilePickerDialog(activity: BaseSimpleActivity, currPath: String = ..., pickFile: Boolean = ..., showHidden: Boolean = ..., showFAB: Boolean = ..., callback: (pickedPath: String) -> Unit) defined in com.simplemobiletools.commons.dialogs.FilePickerDialog
e: file:///home/leonardo/Workplace/Simple-Gallery/app/src/main/kotlin/com/simplemobiletools/gallery/pro/activities/SimpleActivity.kt:89:41 Expression expected, but a package name found
e: file:///home/leonardo/Workplace/Simple-Gallery/app/src/main/kotlin/com/simplemobiletools/gallery/pro/activities/SimpleActivity.kt:90:38 Expression expected, but a package name found
e: file:///home/leonardo/Workplace/Simple-Gallery/app/src/main/kotlin/com/simplemobiletools/gallery/pro/activities/SimpleActivity.kt:92:13 Unresolved reference: ensureBackgroundThread
e: file:///home/leonardo/Workplace/Simple-Gallery/app/src/main/kotlin/com/simplemobiletools/gallery/pro/activities/SimpleActivity.kt:93:37 Expression expected, but a package name found
e: file:///home/leonardo/Workplace/Simple-Gallery/app/src/main/kotlin/com/simplemobiletools/gallery/pro/activities/SplashActivity.kt:5:46 Unresolved reference: ensureBackgroundThread
e: file:///home/leonardo/Workplace/Simple-Gallery/app/src/main/kotlin/com/simplemobiletools/gallery/pro/activities/SplashActivity.kt:23:17 Unresolved reference: ensureBackgroundThread
e: file:///home/leonardo/Workplace/Simple-Gallery/app/src/main/kotlin/com/simplemobiletools/gallery/pro/activities/VideoPlayerActivity.kt:61:28 Unresolved reference: viewBinding
e: file:///home/leonardo/Workplace/Simple-Gallery/app/src/main/kotlin/com/simplemobiletools/gallery/pro/activities/VideoPlayerActivity.kt:64:9 Unresolved reference: showTransparentTop
e: file:///home/leonardo/Workplace/Simple-Gallery/app/src/main/kotlin/com/simplemobiletools/gallery/pro/activities/VideoPlayerActivity.kt:75:40 Variable expected
e: file:///home/leonardo/Workplace/Simple-Gallery/app/src/main/kotlin/com/simplemobiletools/gallery/pro/activities/VideoPlayerActivity.kt:75:49 Unresolved reference: statusBarHeight
e: file:///home/leonardo/Workplace/Simple-Gallery/app/src/main/kotlin/com/simplemobiletools/gallery/pro/activities/VideoPlayerActivity.kt:75:67 Unresolved reference: actionBarHeight
e: file:///home/leonardo/Workplace/Simple-Gallery/app/src/main/kotlin/com/simplemobiletools/gallery/pro/activities/VideoPlayerActivity.kt:79:39 Variable expected
e: file:///home/leonardo/Workplace/Simple-Gallery/app/src/main/kotlin/com/simplemobiletools/gallery/pro/activities/VideoPlayerActivity.kt:90:14 Unresolved reference: portrait
e: file:///home/leonardo/Workplace/Simple-Gallery/app/src/main/kotlin/com/simplemobiletools/gallery/pro/activities/VideoPlayerActivity.kt:90:26 Unresolved reference: navigationBarOnSide
e: file:///home/leonardo/Workplace/Simple-Gallery/app/src/main/kotlin/com/simplemobiletools/gallery/pro/activities/VideoPlayerActivity.kt:90:49 Unresolved reference: navigationBarWidth
e: file:///home/leonardo/Workplace/Simple-Gallery/app/src/main/kotlin/com/simplemobiletools/gallery/pro/activities/VideoPlayerActivity.kt:91:51 Unresolved reference: navigationBarWidth
e: file:///home/leonardo/Workplace/Simple-Gallery/app/src/main/kotlin/com/simplemobiletools/gallery/pro/activities/VideoPlayerActivity.kt:110:57 Variable expected
e: file:///home/leonardo/Workplace/Simple-Gallery/app/src/main/kotlin/com/simplemobiletools/gallery/pro/activities/VideoPlayerActivity.kt:112:56 Variable expected
e: file:///home/leonardo/Workplace/Simple-Gallery/app/src/main/kotlin/com/simplemobiletools/gallery/pro/activities/VideoPlayerActivity.kt:119:87 Unresolved reference: statusBarHeight
e: file:///home/leonardo/Workplace/Simple-Gallery/app/src/main/kotlin/com/simplemobiletools/gallery/pro/activities/VideoPlayerActivity.kt:121:13 Unresolved reference: setTitleTextColor
e: file:///home/leonardo/Workplace/Simple-Gallery/app/src/main/kotlin/com/simplemobiletools/gallery/pro/activities/VideoPlayerActivity.kt:122:13 Unresolved reference: overflowIcon
e: file:///home/leonardo/Workplace/Simple-Gallery/app/src/main/kotlin/com/simplemobiletools/gallery/pro/activities/VideoPlayerActivity.kt:122:107 Unresolved reference: ic_three_dots_vector
e: file:///home/leonardo/Workplace/Simple-Gallery/app/src/main/kotlin/com/simplemobiletools/gallery/pro/activities/VideoPlayerActivity.kt:123:13 Unresolved reference: navigationIcon
e: file:///home/leonardo/Workplace/Simple-Gallery/app/src/main/kotlin/com/simplemobiletools/gallery/pro/activities/VideoPlayerActivity.kt:123:109 Unresolved reference: ic_arrow_left_vector
e: file:///home/leonardo/Workplace/Simple-Gallery/app/src/main/kotlin/com/simplemobiletools/gallery/pro/activities/VideoPlayerActivity.kt:126:9 Unresolved reference: updateMenuItemColors
e: file:///home/leonardo/Workplace/Simple-Gallery/app/src/main/kotlin/com/simplemobiletools/gallery/pro/activities/VideoPlayerActivity.kt:127:59 Cannot infer a type for this parameter. Please specify it explicitly.
e: file:///home/leonardo/Workplace/Simple-Gallery/app/src/main/kotlin/com/simplemobiletools/gallery/pro/activities/VideoPlayerActivity.kt:150:40 Variable expected
e: file:///home/leonardo/Workplace/Simple-Gallery/app/src/main/kotlin/com/simplemobiletools/gallery/pro/activities/VideoPlayerActivity.kt:150:49 Unresolved reference: statusBarHeight
e: file:///home/leonardo/Workplace/Simple-Gallery/app/src/main/kotlin/com/simplemobiletools/gallery/pro/activities/VideoPlayerActivity.kt:150:67 Unresolved reference: actionBarHeight
e: file:///home/leonardo/Workplace/Simple-Gallery/app/src/main/kotlin/com/simplemobiletools/gallery/pro/activities/VideoPlayerActivity.kt:151:87 Unresolved reference: statusBarHeight
e: file:///home/leonardo/Workplace/Simple-Gallery/app/src/main/kotlin/com/simplemobiletools/gallery/pro/activities/VideoPlayerActivity.kt:152:14 Unresolved reference: portrait
e: file:///home/leonardo/Workplace/Simple-Gallery/app/src/main/kotlin/com/simplemobiletools/gallery/pro/activities/VideoPlayerActivity.kt:152:26 Unresolved reference: navigationBarOnSide
e: file:///home/leonardo/Workplace/Simple-Gallery/app/src/main/kotlin/com/simplemobiletools/gallery/pro/activities/VideoPlayerActivity.kt:152:49 Unresolved reference: navigationBarWidth
e: file:///home/leonardo/Workplace/Simple-Gallery/app/src/main/kotlin/com/simplemobiletools/gallery/pro/activities/VideoPlayerActivity.kt:153:51 Unresolved reference: navigationBarWidth
e: file:///home/leonardo/Workplace/Simple-Gallery/app/src/main/kotlin/com/simplemobiletools/gallery/pro/activities/VideoPlayerActivity.kt:171:30 Variable expected
e: file:///home/leonardo/Workplace/Simple-Gallery/app/src/main/kotlin/com/simplemobiletools/gallery/pro/activities/VideoPlayerActivity.kt:184:55 Variable expected
e: file:///home/leonardo/Workplace/Simple-Gallery/app/src/main/kotlin/com/simplemobiletools/gallery/pro/activities/VideoPlayerActivity.kt:199:56 Cannot infer a type for this parameter. Please specify it explicitly.
e: file:///home/leonardo/Workplace/Simple-Gallery/app/src/main/kotlin/com/simplemobiletools/gallery/pro/activities/VideoPlayerActivity.kt:199:62 Cannot infer a type for this parameter. Please specify it explicitly.
e: file:///home/leonardo/Workplace/Simple-Gallery/app/src/main/kotlin/com/simplemobiletools/gallery/pro/activities/VideoPlayerActivity.kt:206:30 Variable expected
e: file:///home/leonardo/Workplace/Simple-Gallery/app/src/main/kotlin/com/simplemobiletools/gallery/pro/activities/VideoPlayerActivity.kt:209:130 Cannot infer a type for this parameter. Please specify it explicitly.
e: file:///home/leonardo/Workplace/Simple-Gallery/app/src/main/kotlin/com/simplemobiletools/gallery/pro/activities/VideoPlayerActivity.kt:209:133 Cannot infer a type for this parameter. Please specify it explicitly.
e: file:///home/leonardo/Workplace/Simple-Gallery/app/src/main/kotlin/com/simplemobiletools/gallery/pro/activities/VideoPlayerActivity.kt:211:30 Cannot infer a type for this parameter. Please specify it explicitly.
e: file:///home/leonardo/Workplace/Simple-Gallery/app/src/main/kotlin/com/simplemobiletools/gallery/pro/activities/VideoPlayerActivity.kt:211:33 Cannot infer a type for this parameter. Please specify it explicitly.
e: file:///home/leonardo/Workplace/Simple-Gallery/app/src/main/kotlin/com/simplemobiletools/gallery/pro/activities/VideoPlayerActivity.kt:215:127 Cannot infer a type for this parameter. Please specify it explicitly.
e: file:///home/leonardo/Workplace/Simple-Gallery/app/src/main/kotlin/com/simplemobiletools/gallery/pro/activities/VideoPlayerActivity.kt:215:130 Cannot infer a type for this parameter. Please specify it explicitly.
e: file:///home/leonardo/Workplace/Simple-Gallery/app/src/main/kotlin/com/simplemobiletools/gallery/pro/activities/VideoPlayerActivity.kt:217:30 Cannot infer a type for this parameter. Please specify it explicitly.
e: file:///home/leonardo/Workplace/Simple-Gallery/app/src/main/kotlin/com/simplemobiletools/gallery/pro/activities/VideoPlayerActivity.kt:217:33 Cannot infer a type for this parameter. Please specify it explicitly.
e: file:///home/leonardo/Workplace/Simple-Gallery/app/src/main/kotlin/com/simplemobiletools/gallery/pro/activities/VideoPlayerActivity.kt:272:64 Variable expected
e: file:///home/leonardo/Workplace/Simple-Gallery/app/src/main/kotlin/com/simplemobiletools/gallery/pro/activities/VideoPlayerActivity.kt:273:65 Variable expected
e: file:///home/leonardo/Workplace/Simple-Gallery/app/src/main/kotlin/com/simplemobiletools/gallery/pro/activities/VideoPlayerActivity.kt:296:56 Variable expected
e: file:///home/leonardo/Workplace/Simple-Gallery/app/src/main/kotlin/com/simplemobiletools/gallery/pro/activities/VideoPlayerActivity.kt:297:57 Variable expected
e: file:///home/leonardo/Workplace/Simple-Gallery/app/src/main/kotlin/com/simplemobiletools/gallery/pro/activities/VideoPlayerActivity.kt:307:126 Unresolved reference: ic_play_outline_vector
e: file:///home/leonardo/Workplace/Simple-Gallery/app/src/main/kotlin/com/simplemobiletools/gallery/pro/activities/VideoPlayerActivity.kt:322:118 Unresolved reference: ic_pause_outline_vector
e: file:///home/leonardo/Workplace/Simple-Gallery/app/src/main/kotlin/com/simplemobiletools/gallery/pro/activities/VideoPlayerActivity.kt:339:118 Unresolved reference: ic_play_outline_vector
e: file:///home/leonardo/Workplace/Simple-Gallery/app/src/main/kotlin/com/simplemobiletools/gallery/pro/activities/VideoPlayerActivity.kt:363:52 Variable expected
e: file:///home/leonardo/Workplace/Simple-Gallery/app/src/main/kotlin/com/simplemobiletools/gallery/pro/activities/VideoPlayerActivity.kt:364:53 Variable expected
e: file:///home/leonardo/Workplace/Simple-Gallery/app/src/main/kotlin/com/simplemobiletools/gallery/pro/activities/VideoPlayerActivity.kt:381:52 Variable expected
e: file:///home/leonardo/Workplace/Simple-Gallery/app/src/main/kotlin/com/simplemobiletools/gallery/pro/activities/VideoPlayerActivity.kt:382:53 Variable expected
e: file:///home/leonardo/Workplace/Simple-Gallery/app/src/main/kotlin/com/simplemobiletools/gallery/pro/activities/VideoPlayerActivity.kt:417:17 Unresolved reference: width
e: file:///home/leonardo/Workplace/Simple-Gallery/app/src/main/kotlin/com/simplemobiletools/gallery/pro/activities/VideoPlayerActivity.kt:418:17 Unresolved reference: height
e: file:///home/leonardo/Workplace/Simple-Gallery/app/src/main/kotlin/com/simplemobiletools/gallery/pro/activities/VideoPlayerActivity.kt:420:17 Unresolved reference: width
e: file:///home/leonardo/Workplace/Simple-Gallery/app/src/main/kotlin/com/simplemobiletools/gallery/pro/activities/VideoPlayerActivity.kt:421:17 Unresolved reference: height
e: file:///home/leonardo/Workplace/Simple-Gallery/app/src/main/kotlin/com/simplemobiletools/gallery/pro/activities/VideoPlayerActivity.kt:423:34 Variable expected
e: file:///home/leonardo/Workplace/Simple-Gallery/app/src/main/kotlin/com/simplemobiletools/gallery/pro/activities/VideoPlayerActivity.kt:469:11 Overload resolution ambiguity: 
public inline fun <T> Iterable<TypeVariable(T)>.forEach(action: (TypeVariable(T)) -> Unit): Unit defined in kotlin.collections
public inline fun <K, V> Map<out TypeVariable(K), TypeVariable(V)>.forEach(action: (Map.Entry<TypeVariable(K), TypeVariable(V)>) -> Unit): Unit defined in kotlin.collections
e: file:///home/leonardo/Workplace/Simple-Gallery/app/src/main/kotlin/com/simplemobiletools/gallery/pro/activities/VideoPlayerActivity.kt:470:16 Unresolved reference: animate
e: file:///home/leonardo/Workplace/Simple-Gallery/app/src/main/kotlin/com/simplemobiletools/gallery/pro/activities/VideoPlayerActivity.kt:478:11 Overload resolution ambiguity: 
public inline fun <T> Iterable<TypeVariable(T)>.forEach(action: (TypeVariable(T)) -> Unit): Unit defined in kotlin.collections
public inline fun <K, V> Map<out TypeVariable(K), TypeVariable(V)>.forEach(action: (Map.Entry<TypeVariable(K), TypeVariable(V)>) -> Unit): Unit defined in kotlin.collections
e: file:///home/leonardo/Workplace/Simple-Gallery/app/src/main/kotlin/com/simplemobiletools/gallery/pro/activities/VideoPlayerActivity.kt:479:16 Unresolved reference: isClickable
e: file:///home/leonardo/Workplace/Simple-Gallery/app/src/main/kotlin/com/simplemobiletools/gallery/pro/activities/VideoPlayerActivity.kt:495:27 Unresolved reference: navigationBarHeight
e: file:///home/leonardo/Workplace/Simple-Gallery/app/src/main/kotlin/com/simplemobiletools/gallery/pro/activities/VideoPlayerActivity.kt:497:26 Unresolved reference: navigationBarWidth
e: file:///home/leonardo/Workplace/Simple-Gallery/app/src/main/kotlin/com/simplemobiletools/gallery/pro/activities/VideoPlayerActivity.kt:498:27 Unresolved reference: navigationBarHeight
e: file:///home/leonardo/Workplace/Simple-Gallery/app/src/main/kotlin/com/simplemobiletools/gallery/pro/activities/VideoPlayerActivity.kt:504:52 Variable expected
e: file:///home/leonardo/Workplace/Simple-Gallery/app/src/main/kotlin/com/simplemobiletools/gallery/pro/activities/VideoPlayerActivity.kt:505:53 Variable expected
e: file:///home/leonardo/Workplace/Simple-Gallery/app/src/main/kotlin/com/simplemobiletools/gallery/pro/activities/VideoPlayerActivity.kt:506:53 Variable expected
e: file:///home/leonardo/Workplace/Simple-Gallery/app/src/main/kotlin/com/simplemobiletools/gallery/pro/activities/VideoPlayerActivity.kt:515:64 Variable expected
e: file:///home/leonardo/Workplace/Simple-Gallery/app/src/main/kotlin/com/simplemobiletools/gallery/pro/activities/VideoPlayerActivity.kt:516:65 Variable expected
e: file:///home/leonardo/Workplace/Simple-Gallery/app/src/main/kotlin/com/simplemobiletools/gallery/pro/activities/VideoPlayerActivity.kt:559:27 Overload resolution ambiguity: 
public inline fun <T> Iterable<TypeVariable(T)>.forEach(action: (TypeVariable(T)) -> Unit): Unit defined in kotlin.collections
public inline fun <K, V> Map<out TypeVariable(K), TypeVariable(V)>.forEach(action: (Map.Entry<TypeVariable(K), TypeVariable(V)>) -> Unit): Unit defined in kotlin.collections
e: file:///home/leonardo/Workplace/Simple-Gallery/app/src/main/kotlin/com/simplemobiletools/gallery/pro/activities/VideoPlayerActivity.kt:560:32 Unresolved reference: animate
e: file:///home/leonardo/Workplace/Simple-Gallery/app/src/main/kotlin/com/simplemobiletools/gallery/pro/activities/VideoPlayerActivity.kt:596:27 Overload resolution ambiguity: 
public inline fun <T> Iterable<TypeVariable(T)>.forEach(action: (TypeVariable(T)) -> Unit): Unit defined in kotlin.collections
public inline fun <K, V> Map<out TypeVariable(K), TypeVariable(V)>.forEach(action: (Map.Entry<TypeVariable(K), TypeVariable(V)>) -> Unit): Unit defined in kotlin.collections
e: file:///home/leonardo/Workplace/Simple-Gallery/app/src/main/kotlin/com/simplemobiletools/gallery/pro/activities/VideoPlayerActivity.kt:597:32 Unresolved reference: animate
e: file:///home/leonardo/Workplace/Simple-Gallery/app/src/main/kotlin/com/simplemobiletools/gallery/pro/activities/ViewPagerActivity.kt:85:28 Unresolved reference: viewBinding
e: file:///home/leonardo/Workplace/Simple-Gallery/app/src/main/kotlin/com/simplemobiletools/gallery/pro/activities/ViewPagerActivity.kt:88:9 Unresolved reference: showTransparentTop
e: file:///home/leonardo/Workplace/Simple-Gallery/app/src/main/kotlin/com/simplemobiletools/gallery/pro/activities/ViewPagerActivity.kt:94:45 Unresolved reference: getProperBackgroundColor
e: file:///home/leonardo/Workplace/Simple-Gallery/app/src/main/kotlin/com/simplemobiletools/gallery/pro/activities/ViewPagerActivity.kt:95:40 Variable expected
e: file:///home/leonardo/Workplace/Simple-Gallery/app/src/main/kotlin/com/simplemobiletools/gallery/pro/activities/ViewPagerActivity.kt:95:49 Unresolved reference: statusBarHeight
e: file:///home/leonardo/Workplace/Simple-Gallery/app/src/main/kotlin/com/simplemobiletools/gallery/pro/activities/ViewPagerActivity.kt:95:67 Unresolved reference: actionBarHeight
e: file:///home/leonardo/Workplace/Simple-Gallery/app/src/main/kotlin/com/simplemobiletools/gallery/pro/activities/ViewPagerActivity.kt:136:37 Variable expected
e: file:///home/leonardo/Workplace/Simple-Gallery/app/src/main/kotlin/com/simplemobiletools/gallery/pro/activities/ViewPagerActivity.kt:167:17 Unresolved reference: findItem
e: file:///home/leonardo/Workplace/Simple-Gallery/app/src/main/kotlin/com/simplemobiletools/gallery/pro/activities/ViewPagerActivity.kt:167:49 Variable expected
e: file:///home/leonardo/Workplace/Simple-Gallery/app/src/main/kotlin/com/simplemobiletools/gallery/pro/activities/ViewPagerActivity.kt:168:17 Unresolved reference: findItem
e: file:///home/leonardo/Workplace/Simple-Gallery/app/src/main/kotlin/com/simplemobiletools/gallery/pro/activities/ViewPagerActivity.kt:168:47 Variable expected
e: file:///home/leonardo/Workplace/Simple-Gallery/app/src/main/kotlin/com/simplemobiletools/gallery/pro/activities/ViewPagerActivity.kt:169:17 Unresolved reference: findItem
e: file:///home/leonardo/Workplace/Simple-Gallery/app/src/main/kotlin/com/simplemobiletools/gallery/pro/activities/ViewPagerActivity.kt:169:48 Variable expected
e: file:///home/leonardo/Workplace/Simple-Gallery/app/src/main/kotlin/com/simplemobiletools/gallery/pro/activities/ViewPagerActivity.kt:170:17 Unresolved reference: findItem
e: file:///home/leonardo/Workplace/Simple-Gallery/app/src/main/kotlin/com/simplemobiletools/gallery/pro/activities/ViewPagerActivity.kt:170:44 Variable expected
e: file:///home/leonardo/Workplace/Simple-Gallery/app/src/main/kotlin/com/simplemobiletools/gallery/pro/activities/ViewPagerActivity.kt:171:17 Unresolved reference: findItem
e: file:///home/leonardo/Workplace/Simple-Gallery/app/src/main/kotlin/com/simplemobiletools/gallery/pro/activities/ViewPagerActivity.kt:171:43 Variable expected
e: file:///home/leonardo/Workplace/Simple-Gallery/app/src/main/kotlin/com/simplemobiletools/gallery/pro/activities/ViewPagerActivity.kt:172:17 Unresolved reference: findItem
e: file:///home/leonardo/Workplace/Simple-Gallery/app/src/main/kotlin/com/simplemobiletools/gallery/pro/activities/ViewPagerActivity.kt:172:42 Variable expected
e: file:///home/leonardo/Workplace/Simple-Gallery/app/src/main/kotlin/com/simplemobiletools/gallery/pro/activities/ViewPagerActivity.kt:173:17 Unresolved reference: findItem
e: file:///home/leonardo/Workplace/Simple-Gallery/app/src/main/kotlin/com/simplemobiletools/gallery/pro/activities/ViewPagerActivity.kt:173:44 Variable expected
e: file:///home/leonardo/Workplace/Simple-Gallery/app/src/main/kotlin/com/simplemobiletools/gallery/pro/activities/ViewPagerActivity.kt:174:17 Unresolved reference: findItem
e: file:///home/leonardo/Workplace/Simple-Gallery/app/src/main/kotlin/com/simplemobiletools/gallery/pro/activities/ViewPagerActivity.kt:174:44 Variable expected
e: file:///home/leonardo/Workplace/Simple-Gallery/app/src/main/kotlin/com/simplemobiletools/gallery/pro/activities/ViewPagerActivity.kt:175:17 Unresolved reference: findItem
e: file:///home/leonardo/Workplace/Simple-Gallery/app/src/main/kotlin/com/simplemobiletools/gallery/pro/activities/ViewPagerActivity.kt:175:44 Variable expected
e: file:///home/leonardo/Workplace/Simple-Gallery/app/src/main/kotlin/com/simplemobiletools/gallery/pro/activities/ViewPagerActivity.kt:176:17 Unresolved reference: findItem
e: file:///home/leonardo/Workplace/Simple-Gallery/app/src/main/kotlin/com/simplemobiletools/gallery/pro/activities/ViewPagerActivity.kt:176:45 Variable expected
e: file:///home/leonardo/Workplace/Simple-Gallery/app/src/main/kotlin/com/simplemobiletools/gallery/pro/activities/ViewPagerActivity.kt:177:17 Unresolved reference: findItem
e: file:///home/leonardo/Workplace/Simple-Gallery/app/src/main/kotlin/com/simplemobiletools/gallery/pro/activities/ViewPagerActivity.kt:177:45 Variable expected
e: file:///home/leonardo/Workplace/Simple-Gallery/app/src/main/kotlin/com/simplemobiletools/gallery/pro/activities/ViewPagerActivity.kt:178:17 Unresolved reference: findItem
e: file:///home/leonardo/Workplace/Simple-Gallery/app/src/main/kotlin/com/simplemobiletools/gallery/pro/activities/ViewPagerActivity.kt:178:45 Variable expected
e: file:///home/leonardo/Workplace/Simple-Gallery/app/src/main/kotlin/com/simplemobiletools/gallery/pro/activities/ViewPagerActivity.kt:179:17 Unresolved reference: findItem
e: file:///home/leonardo/Workplace/Simple-Gallery/app/src/main/kotlin/com/simplemobiletools/gallery/pro/activities/ViewPagerActivity.kt:179:43 Variable expected
e: file:///home/leonardo/Workplace/Simple-Gallery/app/src/main/kotlin/com/simplemobiletools/gallery/pro/activities/ViewPagerActivity.kt:180:17 Unresolved reference: findItem
e: file:///home/leonardo/Workplace/Simple-Gallery/app/src/main/kotlin/com/simplemobiletools/gallery/pro/activities/ViewPagerActivity.kt:180:44 Variable expected
e: file:///home/leonardo/Workplace/Simple-Gallery/app/src/main/kotlin/com/simplemobiletools/gallery/pro/activities/ViewPagerActivity.kt:181:17 Unresolved reference: findItem
e: file:///home/leonardo/Workplace/Simple-Gallery/app/src/main/kotlin/com/simplemobiletools/gallery/pro/activities/ViewPagerActivity.kt:181:42 Variable expected
e: file:///home/leonardo/Workplace/Simple-Gallery/app/src/main/kotlin/com/simplemobiletools/gallery/pro/activities/ViewPagerActivity.kt:182:23 Unresolved reference: isRPlus
e: file:///home/leonardo/Workplace/Simple-Gallery/app/src/main/kotlin/com/simplemobiletools/gallery/pro/activities/ViewPagerActivity.kt:182:36 Unresolved reference: isExternalStorageManager
e: file:///home/leonardo/Workplace/Simple-Gallery/app/src/main/kotlin/com/simplemobiletools/gallery/pro/activities/ViewPagerActivity.kt:184:17 Unresolved reference: findItem
e: file:///home/leonardo/Workplace/Simple-Gallery/app/src/main/kotlin/com/simplemobiletools/gallery/pro/activities/ViewPagerActivity.kt:184:44 Variable expected
e: file:///home/leonardo/Workplace/Simple-Gallery/app/src/main/kotlin/com/simplemobiletools/gallery/pro/activities/ViewPagerActivity.kt:185:23 Unresolved reference: isRPlus
e: file:///home/leonardo/Workplace/Simple-Gallery/app/src/main/kotlin/com/simplemobiletools/gallery/pro/activities/ViewPagerActivity.kt:185:36 Unresolved reference: isExternalStorageManager
e: file:///home/leonardo/Workplace/Simple-Gallery/app/src/main/kotlin/com/simplemobiletools/gallery/pro/activities/ViewPagerActivity.kt:187:17 Unresolved reference: findItem
e: file:///home/leonardo/Workplace/Simple-Gallery/app/src/main/kotlin/com/simplemobiletools/gallery/pro/activities/ViewPagerActivity.kt:187:54 Variable expected
e: file:///home/leonardo/Workplace/Simple-Gallery/app/src/main/kotlin/com/simplemobiletools/gallery/pro/activities/ViewPagerActivity.kt:190:17 Unresolved reference: findItem
e: file:///home/leonardo/Workplace/Simple-Gallery/app/src/main/kotlin/com/simplemobiletools/gallery/pro/activities/ViewPagerActivity.kt:190:59 Variable expected
e: file:///home/leonardo/Workplace/Simple-Gallery/app/src/main/kotlin/com/simplemobiletools/gallery/pro/activities/ViewPagerActivity.kt:193:17 Unresolved reference: findItem
e: file:///home/leonardo/Workplace/Simple-Gallery/app/src/main/kotlin/com/simplemobiletools/gallery/pro/activities/ViewPagerActivity.kt:193:50 Variable expected
e: file:///home/leonardo/Workplace/Simple-Gallery/app/src/main/kotlin/com/simplemobiletools/gallery/pro/activities/ViewPagerActivity.kt:193:92 Unresolved reference: recycleBinPath
e: file:///home/leonardo/Workplace/Simple-Gallery/app/src/main/kotlin/com/simplemobiletools/gallery/pro/activities/ViewPagerActivity.kt:194:17 Unresolved reference: findItem
e: file:///home/leonardo/Workplace/Simple-Gallery/app/src/main/kotlin/com/simplemobiletools/gallery/pro/activities/ViewPagerActivity.kt:194:53 Variable expected
e: file:///home/leonardo/Workplace/Simple-Gallery/app/src/main/kotlin/com/simplemobiletools/gallery/pro/activities/ViewPagerActivity.kt:195:17 Unresolved reference: findItem
e: file:///home/leonardo/Workplace/Simple-Gallery/app/src/main/kotlin/com/simplemobiletools/gallery/pro/activities/ViewPagerActivity.kt:195:56 Variable expected
e: file:///home/leonardo/Workplace/Simple-Gallery/app/src/main/kotlin/com/simplemobiletools/gallery/pro/activities/ViewPagerActivity.kt:196:17 Unresolved reference: findItem
e: file:///home/leonardo/Workplace/Simple-Gallery/app/src/main/kotlin/com/simplemobiletools/gallery/pro/activities/ViewPagerActivity.kt:196:56 Variable expected
e: file:///home/leonardo/Workplace/Simple-Gallery/app/src/main/kotlin/com/simplemobiletools/gallery/pro/activities/ViewPagerActivity.kt:197:17 Unresolved reference: findItem
e: file:///home/leonardo/Workplace/Simple-Gallery/app/src/main/kotlin/com/simplemobiletools/gallery/pro/activities/ViewPagerActivity.kt:213:94 Unresolved reference: statusBarHeight
e: file:///home/leonardo/Workplace/Simple-Gallery/app/src/main/kotlin/com/simplemobiletools/gallery/pro/activities/ViewPagerActivity.kt:215:13 Unresolved reference: setTitleTextColor
e: file:///home/leonardo/Workplace/Simple-Gallery/app/src/main/kotlin/com/simplemobiletools/gallery/pro/activities/ViewPagerActivity.kt:216:13 Unresolved reference: overflowIcon
e: file:///home/leonardo/Workplace/Simple-Gallery/app/src/main/kotlin/com/simplemobiletools/gallery/pro/activities/ViewPagerActivity.kt:216:107 Unresolved reference: ic_three_dots_vector
e: file:///home/leonardo/Workplace/Simple-Gallery/app/src/main/kotlin/com/simplemobiletools/gallery/pro/activities/ViewPagerActivity.kt:217:13 Unresolved reference: navigationIcon
e: file:///home/leonardo/Workplace/Simple-Gallery/app/src/main/kotlin/com/simplemobiletools/gallery/pro/activities/ViewPagerActivity.kt:217:109 Unresolved reference: ic_arrow_left_vector
e: file:///home/leonardo/Workplace/Simple-Gallery/app/src/main/kotlin/com/simplemobiletools/gallery/pro/activities/ViewPagerActivity.kt:220:9 Unresolved reference: updateMenuItemColors
e: file:///home/leonardo/Workplace/Simple-Gallery/app/src/main/kotlin/com/simplemobiletools/gallery/pro/activities/ViewPagerActivity.kt:221:66 Cannot infer a type for this parameter. Please specify it explicitly.
e: file:///home/leonardo/Workplace/Simple-Gallery/app/src/main/kotlin/com/simplemobiletools/gallery/pro/activities/ViewPagerActivity.kt:284:94 Unresolved reference: statusBarHeight
e: file:///home/leonardo/Workplace/Simple-Gallery/app/src/main/kotlin/com/simplemobiletools/gallery/pro/activities/ViewPagerActivity.kt:305:87 Unresolved reference: recycleBinPath
e: file:///home/leonardo/Workplace/Simple-Gallery/app/src/main/kotlin/com/simplemobiletools/gallery/pro/activities/ViewPagerActivity.kt:323:19 Unresolved reference: isPortrait
e: file:///home/leonardo/Workplace/Simple-Gallery/app/src/main/kotlin/com/simplemobiletools/gallery/pro/activities/ViewPagerActivity.kt:344:13 Unresolved reference: handleLockedFolderOpening
e: file:///home/leonardo/Workplace/Simple-Gallery/app/src/main/kotlin/com/simplemobiletools/gallery/pro/activities/ViewPagerActivity.kt:344:64 Cannot infer a type for this parameter. Please specify it explicitly.
e: file:///home/leonardo/Workplace/Simple-Gallery/app/src/main/kotlin/com/simplemobiletools/gallery/pro/activities/ViewPagerActivity.kt:357:29 Unresolved reference: isHiddenPasswordProtectionOn
e: file:///home/leonardo/Workplace/Simple-Gallery/app/src/main/kotlin/com/simplemobiletools/gallery/pro/activities/ViewPagerActivity.kt:368:35 Unresolved reference: FAVORITES
e: file:///home/leonardo/Workplace/Simple-Gallery/app/src/main/kotlin/com/simplemobiletools/gallery/pro/activities/ViewPagerActivity.kt:372:37 Variable expected
e: file:///home/leonardo/Workplace/Simple-Gallery/app/src/main/kotlin/com/simplemobiletools/gallery/pro/activities/ViewPagerActivity.kt:384:74 Unresolved reference: FAVORITES
e: file:///home/leonardo/Workplace/Simple-Gallery/app/src/main/kotlin/com/simplemobiletools/gallery/pro/activities/ViewPagerActivity.kt:394:27 Variable expected
e: file:///home/leonardo/Workplace/Simple-Gallery/app/src/main/kotlin/com/simplemobiletools/gallery/pro/activities/ViewPagerActivity.kt:397:31 Variable expected
e: file:///home/leonardo/Workplace/Simple-Gallery/app/src/main/kotlin/com/simplemobiletools/gallery/pro/activities/ViewPagerActivity.kt:422:13 Unresolved reference: ensureBackgroundThread
e: file:///home/leonardo/Workplace/Simple-Gallery/app/src/main/kotlin/com/simplemobiletools/gallery/pro/activities/ViewPagerActivity.kt:428:61 Unresolved reference. None of the following candidates is applicable because of receiver type mismatch: 
public fun String.getDuration(): String? defined in com.simplemobiletools.commons.extensions
e: file:///home/leonardo/Workplace/Simple-Gallery/app/src/main/kotlin/com/simplemobiletools/gallery/pro/activities/ViewPagerActivity.kt:441:18 Unresolved reference: isSvg
e: file:///home/leonardo/Workplace/Simple-Gallery/app/src/main/kotlin/com/simplemobiletools/gallery/pro/activities/ViewPagerActivity.kt:443:18 Unresolved reference: isPortrait
e: file:///home/leonardo/Workplace/Simple-Gallery/app/src/main/kotlin/com/simplemobiletools/gallery/pro/activities/ViewPagerActivity.kt:454:9 Unresolved reference: ensureBackgroundThread
e: file:///home/leonardo/Workplace/Simple-Gallery/app/src/main/kotlin/com/simplemobiletools/gallery/pro/activities/ViewPagerActivity.kt:475:17 Unresolved reference: removeOnPageChangeListener
e: file:///home/leonardo/Workplace/Simple-Gallery/app/src/main/kotlin/com/simplemobiletools/gallery/pro/activities/ViewPagerActivity.kt:476:17 Unresolved reference: adapter
e: file:///home/leonardo/Workplace/Simple-Gallery/app/src/main/kotlin/com/simplemobiletools/gallery/pro/activities/ViewPagerActivity.kt:478:17 Unresolved reference: addOnPageChangeListener
e: file:///home/leonardo/Workplace/Simple-Gallery/app/src/main/kotlin/com/simplemobiletools/gallery/pro/activities/ViewPagerActivity.kt:479:17 Unresolved reference: currentItem
e: file:///home/leonardo/Workplace/Simple-Gallery/app/src/main/kotlin/com/simplemobiletools/gallery/pro/activities/ViewPagerActivity.kt:655:9 Unresolved reference: handleDeletePasswordProtection
e: file:///home/leonardo/Workplace/Simple-Gallery/app/src/main/kotlin/com/simplemobiletools/gallery/pro/activities/ViewPagerActivity.kt:668:53 Unresolved reference: recycleBinPath
e: file:///home/leonardo/Workplace/Simple-Gallery/app/src/main/kotlin/com/simplemobiletools/gallery/pro/activities/ViewPagerActivity.kt:669:58 Unresolved reference: moving_recycle_bin_items_disabled
e: file:///home/leonardo/Workplace/Simple-Gallery/app/src/main/kotlin/com/simplemobiletools/gallery/pro/activities/ViewPagerActivity.kt:691:41 Variable expected
e: file:///home/leonardo/Workplace/Simple-Gallery/app/src/main/kotlin/com/simplemobiletools/gallery/pro/activities/ViewPagerActivity.kt:708:21 Expression expected, but a package name found
e: file:///home/leonardo/Workplace/Simple-Gallery/app/src/main/kotlin/com/simplemobiletools/gallery/pro/activities/ViewPagerActivity.kt:731:58 Unresolved reference: ic_orientation_portrait_vector
e: file:///home/leonardo/Workplace/Simple-Gallery/app/src/main/kotlin/com/simplemobiletools/gallery/pro/activities/ViewPagerActivity.kt:733:58 Unresolved reference: ic_orientation_landscape_vector
e: file:///home/leonardo/Workplace/Simple-Gallery/app/src/main/kotlin/com/simplemobiletools/gallery/pro/activities/ViewPagerActivity.kt:736:54 Unresolved reference: ic_orientation_auto_vector
e: file:///home/leonardo/Workplace/Simple-Gallery/app/src/main/kotlin/com/simplemobiletools/gallery/pro/activities/ViewPagerActivity.kt:745:21 Unresolved reference: !
e: file:///home/leonardo/Workplace/Simple-Gallery/app/src/main/kotlin/com/simplemobiletools/gallery/pro/activities/ViewPagerActivity.kt:750:17 Unresolved reference: ensureBackgroundThread
e: file:///home/leonardo/Workplace/Simple-Gallery/app/src/main/kotlin/com/simplemobiletools/gallery/pro/activities/ViewPagerActivity.kt:776:54 Unresolved reference: FAVORITES
e: file:///home/leonardo/Workplace/Simple-Gallery/app/src/main/kotlin/com/simplemobiletools/gallery/pro/activities/ViewPagerActivity.kt:784:61 Unresolved reference: convertToBitmap
e: file:///home/leonardo/Workplace/Simple-Gallery/app/src/main/kotlin/com/simplemobiletools/gallery/pro/activities/ViewPagerActivity.kt:805:55 Type mismatch: inferred type is Unit but Boolean was expected
e: file:///home/leonardo/Workplace/Simple-Gallery/app/src/main/kotlin/com/simplemobiletools/gallery/pro/activities/ViewPagerActivity.kt:805:71 Unresolved reference: NOMEDIA
e: file:///home/leonardo/Workplace/Simple-Gallery/app/src/main/kotlin/com/simplemobiletools/gallery/pro/activities/ViewPagerActivity.kt:827:49 Variable expected
e: file:///home/leonardo/Workplace/Simple-Gallery/app/src/main/kotlin/com/simplemobiletools/gallery/pro/activities/ViewPagerActivity.kt:827:122 Unresolved reference: navigationBarHeight
e: file:///home/leonardo/Workplace/Simple-Gallery/app/src/main/kotlin/com/simplemobiletools/gallery/pro/activities/ViewPagerActivity.kt:834:14 Unresolved reference: portrait
e: file:///home/leonardo/Workplace/Simple-Gallery/app/src/main/kotlin/com/simplemobiletools/gallery/pro/activities/ViewPagerActivity.kt:834:26 Unresolved reference: navigationBarOnSide
e: file:///home/leonardo/Workplace/Simple-Gallery/app/src/main/kotlin/com/simplemobiletools/gallery/pro/activities/ViewPagerActivity.kt:834:49 Unresolved reference: navigationBarWidth
e: file:///home/leonardo/Workplace/Simple-Gallery/app/src/main/kotlin/com/simplemobiletools/gallery/pro/activities/ViewPagerActivity.kt:835:58 Unresolved reference: navigationBarWidth
e: file:///home/leonardo/Workplace/Simple-Gallery/app/src/main/kotlin/com/simplemobiletools/gallery/pro/activities/ViewPagerActivity.kt:943:114 Unresolved reference: resize
e: file:///home/leonardo/Workplace/Simple-Gallery/app/src/main/kotlin/com/simplemobiletools/gallery/pro/activities/ViewPagerActivity.kt:955:77 Unresolved reference: ic_star_vector
e: file:///home/leonardo/Workplace/Simple-Gallery/app/src/main/kotlin/com/simplemobiletools/gallery/pro/activities/ViewPagerActivity.kt:955:138 Unresolved reference: ic_star_outline_vector
e: file:///home/leonardo/Workplace/Simple-Gallery/app/src/main/kotlin/com/simplemobiletools/gallery/pro/activities/ViewPagerActivity.kt:959:77 Unresolved reference: ic_unhide_vector
e: file:///home/leonardo/Workplace/Simple-Gallery/app/src/main/kotlin/com/simplemobiletools/gallery/pro/activities/ViewPagerActivity.kt:959:140 Unresolved reference: ic_hide_vector
e: file:///home/leonardo/Workplace/Simple-Gallery/app/src/main/kotlin/com/simplemobiletools/gallery/pro/activities/ViewPagerActivity.kt:969:9 Unresolved reference: ensureBackgroundThread
e: file:///home/leonardo/Workplace/Simple-Gallery/app/src/main/kotlin/com/simplemobiletools/gallery/pro/activities/ViewPagerActivity.kt:993:54 Too many arguments for public fun String.getImageResolution(): Point? defined in com.simplemobiletools.commons.extensions
e: file:///home/leonardo/Workplace/Simple-Gallery/app/src/main/kotlin/com/simplemobiletools/gallery/pro/activities/ViewPagerActivity.kt:1056:24 Unresolved reference: isDeletePasswordProtectionOn
e: file:///home/leonardo/Workplace/Simple-Gallery/app/src/main/kotlin/com/simplemobiletools/gallery/pro/activities/ViewPagerActivity.kt:1057:17 Unresolved reference: handleDeletePasswordProtection
e: file:///home/leonardo/Workplace/Simple-Gallery/app/src/main/kotlin/com/simplemobiletools/gallery/pro/activities/ViewPagerActivity.kt:1098:47 Unresolved reference: isMediaFile
e: file:///home/leonardo/Workplace/Simple-Gallery/app/src/main/kotlin/com/simplemobiletools/gallery/pro/activities/ViewPagerActivity.kt:1104:13 Unresolved reference: checkManageMediaOrHandleSAFDialogSdk30
e: file:///home/leonardo/Workplace/Simple-Gallery/app/src/main/kotlin/com/simplemobiletools/gallery/pro/activities/ViewPagerActivity.kt:1105:22 Expression expected, but a package name found
e: file:///home/leonardo/Workplace/Simple-Gallery/app/src/main/kotlin/com/simplemobiletools/gallery/pro/activities/ViewPagerActivity.kt:1141:9 Unresolved reference: checkManageMediaOrHandleSAFDialogSdk30
e: file:///home/leonardo/Workplace/Simple-Gallery/app/src/main/kotlin/com/simplemobiletools/gallery/pro/activities/ViewPagerActivity.kt:1142:18 Expression expected, but a package name found
e: file:///home/leonardo/Workplace/Simple-Gallery/app/src/main/kotlin/com/simplemobiletools/gallery/pro/activities/ViewPagerActivity.kt:1188:13 Unresolved reference: isRPlus
e: file:///home/leonardo/Workplace/Simple-Gallery/app/src/main/kotlin/com/simplemobiletools/gallery/pro/activities/ViewPagerActivity.kt:1188:50 Unresolved reference: isExternalStorageManager
e: file:///home/leonardo/Workplace/Simple-Gallery/app/src/main/kotlin/com/simplemobiletools/gallery/pro/activities/ViewPagerActivity.kt:1189:58 Unresolved reference: rename_in_sd_card_system_restriction
e: file:///home/leonardo/Workplace/Simple-Gallery/app/src/main/kotlin/com/simplemobiletools/gallery/pro/activities/ViewPagerActivity.kt:1199:13 Unresolved reference: ensureBackgroundThread
e: file:///home/leonardo/Workplace/Simple-Gallery/app/src/main/kotlin/com/simplemobiletools/gallery/pro/activities/ViewPagerActivity.kt:1207:38 Unresolved reference: getFolderSorting
e: file:///home/leonardo/Workplace/Simple-Gallery/app/src/main/kotlin/com/simplemobiletools/gallery/pro/activities/ViewPagerActivity.kt:1207:71 Unresolved reference: SORT_BY_RANDOM
e: file:///home/leonardo/Workplace/Simple-Gallery/app/src/main/kotlin/com/simplemobiletools/gallery/pro/activities/ViewPagerActivity.kt:1275:17 Unresolved reference: ensureBackgroundThread
e: file:///home/leonardo/Workplace/Simple-Gallery/app/src/main/kotlin/com/simplemobiletools/gallery/pro/activities/ViewPagerActivity.kt:1296:49 Unresolved reference. None of the following candidates is applicable because of receiver type mismatch: 
public fun String.getResolution(): Point? defined in com.simplemobiletools.commons.extensions
e: file:///home/leonardo/Workplace/Simple-Gallery/app/src/main/kotlin/com/simplemobiletools/gallery/pro/activities/ViewPagerActivity.kt:1334:9 Unresolved reference: ensureBackgroundThread
e: file:///home/leonardo/Workplace/Simple-Gallery/app/src/main/kotlin/com/simplemobiletools/gallery/pro/activities/ViewPagerActivity.kt:1370:14 Expression expected, but a package name found
e: file:///home/leonardo/Workplace/Simple-Gallery/app/src/main/kotlin/com/simplemobiletools/gallery/pro/activities/ViewPagerActivity.kt:1391:45 Variable expected
e: file:///home/leonardo/Workplace/Simple-Gallery/app/src/main/kotlin/com/simplemobiletools/gallery/pro/activities/WidgetConfigureActivity.kt:14:46 Unresolved reference: ensureBackgroundThread
e: file:///home/leonardo/Workplace/Simple-Gallery/app/src/main/kotlin/com/simplemobiletools/gallery/pro/activities/WidgetConfigureActivity.kt:33:28 Unresolved reference: viewBinding
e: file:///home/leonardo/Workplace/Simple-Gallery/app/src/main/kotlin/com/simplemobiletools/gallery/pro/activities/WidgetConfigureActivity.kt:55:28 Unresolved reference: getProperPrimaryColor
e: file:///home/leonardo/Workplace/Simple-Gallery/app/src/main/kotlin/com/simplemobiletools/gallery/pro/activities/WidgetConfigureActivity.kt:57:36 Variable expected
e: file:///home/leonardo/Workplace/Simple-Gallery/app/src/main/kotlin/com/simplemobiletools/gallery/pro/activities/WidgetConfigureActivity.kt:57:63 Unresolved reference: getProperBackgroundColor
e: file:///home/leonardo/Workplace/Simple-Gallery/app/src/main/kotlin/com/simplemobiletools/gallery/pro/activities/WidgetConfigureActivity.kt:59:44 Variable expected
e: file:///home/leonardo/Workplace/Simple-Gallery/app/src/main/kotlin/com/simplemobiletools/gallery/pro/activities/WidgetConfigureActivity.kt:81:13 Unresolved reference: progress
e: file:///home/leonardo/Workplace/Simple-Gallery/app/src/main/kotlin/com/simplemobiletools/gallery/pro/activities/WidgetConfigureActivity.kt:83:13 Unresolved reference: onSeekBarChangeListener
e: file:///home/leonardo/Workplace/Simple-Gallery/app/src/main/kotlin/com/simplemobiletools/gallery/pro/activities/WidgetConfigureActivity.kt:83:39 Cannot infer a type for this parameter. Please specify it explicitly.
e: file:///home/leonardo/Workplace/Simple-Gallery/app/src/main/kotlin/com/simplemobiletools/gallery/pro/activities/WidgetConfigureActivity.kt:91:84 Unresolved reference: default_widget_text_color
e: file:///home/leonardo/Workplace/Simple-Gallery/app/src/main/kotlin/com/simplemobiletools/gallery/pro/activities/WidgetConfigureActivity.kt:91:121 Unresolved reference: isUsingSystemTheme
e: file:///home/leonardo/Workplace/Simple-Gallery/app/src/main/kotlin/com/simplemobiletools/gallery/pro/activities/WidgetConfigureActivity.kt:92:83 Unresolved reference: you_primary_color
e: file:///home/leonardo/Workplace/Simple-Gallery/app/src/main/kotlin/com/simplemobiletools/gallery/pro/activities/WidgetConfigureActivity.kt:104:9 Unresolved reference: ensureBackgroundThread
e: file:///home/leonardo/Workplace/Simple-Gallery/app/src/main/kotlin/com/simplemobiletools/gallery/pro/activities/WidgetConfigureActivity.kt:135:41 Unresolved reference: getProperPrimaryColor
e: file:///home/leonardo/Workplace/Simple-Gallery/app/src/main/kotlin/com/simplemobiletools/gallery/pro/activities/WidgetConfigureActivity.kt:142:28 Variable expected
e: file:///home/leonardo/Workplace/Simple-Gallery/app/src/main/kotlin/com/simplemobiletools/gallery/pro/activities/WidgetConfigureActivity.kt:142:72 Unresolved reference: getProperPrimaryColor
e: file:///home/leonardo/Workplace/Simple-Gallery/app/src/main/kotlin/com/simplemobiletools/gallery/pro/activities/WidgetConfigureActivity.kt:172:39 Variable expected
e: file:///home/leonardo/Workplace/Simple-Gallery/app/src/main/kotlin/com/simplemobiletools/gallery/pro/activities/WidgetConfigureActivity.kt:173:38 Variable expected
e: file:///home/leonardo/Workplace/Simple-Gallery/app/src/main/kotlin/com/simplemobiletools/gallery/pro/activities/WidgetConfigureActivity.kt:176:9 Unresolved reference: ensureBackgroundThread
e: file:///home/leonardo/Workplace/Simple-Gallery/app/src/main/kotlin/com/simplemobiletools/gallery/pro/adapters/DirectoryAdapter.kt:20:19 Unresolved reference: gson
e: file:///home/leonardo/Workplace/Simple-Gallery/app/src/main/kotlin/com/simplemobiletools/gallery/pro/adapters/DirectoryAdapter.kt:21:12 Unresolved reference: qtalk
e: file:///home/leonardo/Workplace/Simple-Gallery/app/src/main/kotlin/com/simplemobiletools/gallery/pro/adapters/DirectoryAdapter.kt:27:49 Unresolved reference: ItemMoveCallback
e: file:///home/leonardo/Workplace/Simple-Gallery/app/src/main/kotlin/com/simplemobiletools/gallery/pro/adapters/DirectoryAdapter.kt:28:49 Unresolved reference: ItemTouchHelperContract
e: file:///home/leonardo/Workplace/Simple-Gallery/app/src/main/kotlin/com/simplemobiletools/gallery/pro/adapters/DirectoryAdapter.kt:29:49 Unresolved reference: StartReorderDragListener
e: file:///home/leonardo/Workplace/Simple-Gallery/app/src/main/kotlin/com/simplemobiletools/gallery/pro/adapters/DirectoryAdapter.kt:48:1 Class 'DirectoryAdapter' is not abstract and does not implement abstract base class member public abstract fun markViewHolderSelection(select: Boolean, viewHolder: MyRecyclerViewAdapter.ViewHolder?): Unit defined in com.simplemobiletools.commons.adapters.MyRecyclerViewAdapter
e: file:///home/leonardo/Workplace/Simple-Gallery/app/src/main/kotlin/com/simplemobiletools/gallery/pro/adapters/DirectoryAdapter.kt:52:51 Type mismatch: inferred type is (Any) -> Unit but FastScroller? was expected
e: file:///home/leonardo/Workplace/Simple-Gallery/app/src/main/kotlin/com/simplemobiletools/gallery/pro/adapters/DirectoryAdapter.kt:52:51 No value passed for parameter 'itemClick'
e: file:///home/leonardo/Workplace/Simple-Gallery/app/src/main/kotlin/com/simplemobiletools/gallery/pro/adapters/DirectoryAdapter.kt:52:63 Unresolved reference: ItemTouchHelperContract
e: file:///home/leonardo/Workplace/Simple-Gallery/app/src/main/kotlin/com/simplemobiletools/gallery/pro/adapters/DirectoryAdapter.kt:52:88 Unresolved reference: RecyclerViewFastScroller
e: file:///home/leonardo/Workplace/Simple-Gallery/app/src/main/kotlin/com/simplemobiletools/gallery/pro/adapters/DirectoryAdapter.kt:55:60 Unresolved reference: VIEW_TYPE_LIST
e: file:///home/leonardo/Workplace/Simple-Gallery/app/src/main/kotlin/com/simplemobiletools/gallery/pro/adapters/DirectoryAdapter.kt:64:43 Unresolved reference: StartReorderDragListener
e: file:///home/leonardo/Workplace/Simple-Gallery/app/src/main/kotlin/com/simplemobiletools/gallery/pro/adapters/DirectoryAdapter.kt:70:29 Unresolved reference: dateFormat
e: file:///home/leonardo/Workplace/Simple-Gallery/app/src/main/kotlin/com/simplemobiletools/gallery/pro/adapters/DirectoryAdapter.kt:71:31 Unresolved reference: getTimeFormat
e: file:///home/leonardo/Workplace/Simple-Gallery/app/src/main/kotlin/com/simplemobiletools/gallery/pro/adapters/DirectoryAdapter.kt:87:16 None of the following functions can be called with the arguments supplied: 
public final fun createViewHolder(p0: ViewGroup, p1: Int): MyRecyclerViewAdapter.ViewHolder defined in com.simplemobiletools.gallery.pro.adapters.DirectoryAdapter
protected final fun createViewHolder(layoutType: Int, parent: ViewGroup?): MyRecyclerViewAdapter.ViewHolder defined in com.simplemobiletools.gallery.pro.adapters.DirectoryAdapter
e: file:///home/leonardo/Workplace/Simple-Gallery/app/src/main/kotlin/com/simplemobiletools/gallery/pro/adapters/DirectoryAdapter.kt:92:16 Cannot access 'com.bignerdranch.android.multiselector.SwappingHolder' which is a supertype of 'com.simplemobiletools.commons.adapters.MyRecyclerViewAdapter.ViewHolder'. Check your module classpath for missing or conflicting dependencies
e: file:///home/leonardo/Workplace/Simple-Gallery/app/src/main/kotlin/com/simplemobiletools/gallery/pro/adapters/DirectoryAdapter.kt:95:9 None of the following functions can be called with the arguments supplied: 
public final fun bindViewHolder(p0: MyRecyclerViewAdapter.ViewHolder, p1: Int): Unit defined in com.simplemobiletools.gallery.pro.adapters.DirectoryAdapter
protected final fun bindViewHolder(holder: MyRecyclerViewAdapter.ViewHolder, position: Int, view: View): Unit defined in com.simplemobiletools.gallery.pro.adapters.DirectoryAdapter
e: file:///home/leonardo/Workplace/Simple-Gallery/app/src/main/kotlin/com/simplemobiletools/gallery/pro/adapters/DirectoryAdapter.kt:111:75 Unresolved reference: FAVORITES
e: file:///home/leonardo/Workplace/Simple-Gallery/app/src/main/kotlin/com/simplemobiletools/gallery/pro/adapters/DirectoryAdapter.kt:114:77 Unresolved reference: isFolderProtected
e: file:///home/leonardo/Workplace/Simple-Gallery/app/src/main/kotlin/com/simplemobiletools/gallery/pro/adapters/DirectoryAdapter.kt:115:69 Type mismatch: inferred type is Unit but Boolean was expected
e: file:///home/leonardo/Workplace/Simple-Gallery/app/src/main/kotlin/com/simplemobiletools/gallery/pro/adapters/DirectoryAdapter.kt:115:78 Unresolved reference: isFolderProtected
e: file:///home/leonardo/Workplace/Simple-Gallery/app/src/main/kotlin/com/simplemobiletools/gallery/pro/adapters/DirectoryAdapter.kt:131:13 Unresolved reference: selectedKeys
e: file:///home/leonardo/Workplace/Simple-Gallery/app/src/main/kotlin/com/simplemobiletools/gallery/pro/adapters/DirectoryAdapter.kt:166:5 'getItemSelectionKey' overrides nothing
e: file:///home/leonardo/Workplace/Simple-Gallery/app/src/main/kotlin/com/simplemobiletools/gallery/pro/adapters/DirectoryAdapter.kt:168:5 'getItemKeyPosition' overrides nothing
e: file:///home/leonardo/Workplace/Simple-Gallery/app/src/main/kotlin/com/simplemobiletools/gallery/pro/adapters/DirectoryAdapter.kt:170:5 'onActionModeCreated' overrides nothing
e: file:///home/leonardo/Workplace/Simple-Gallery/app/src/main/kotlin/com/simplemobiletools/gallery/pro/adapters/DirectoryAdapter.kt:172:5 'onActionModeDestroyed' overrides nothing
e: file:///home/leonardo/Workplace/Simple-Gallery/app/src/main/kotlin/com/simplemobiletools/gallery/pro/adapters/DirectoryAdapter.kt:178:39 Unresolved reference: SORT_BY_CUSTOM
e: file:///home/leonardo/Workplace/Simple-Gallery/app/src/main/kotlin/com/simplemobiletools/gallery/pro/adapters/DirectoryAdapter.kt:187:34 Overload resolution ambiguity: 
public open fun clear(p0: View): Unit defined in com.bumptech.glide.RequestManager
public open fun clear(p0: Target<*>?): Unit defined in com.bumptech.glide.RequestManager
e: file:///home/leonardo/Workplace/Simple-Gallery/app/src/main/kotlin/com/simplemobiletools/gallery/pro/adapters/DirectoryAdapter.kt:187:56 Cannot access 'com.bignerdranch.android.multiselector.SwappingHolder' which is a supertype of 'com.simplemobiletools.commons.adapters.MyRecyclerViewAdapter.ViewHolder'. Check your module classpath for missing or conflicting dependencies
e: file:///home/leonardo/Workplace/Simple-Gallery/app/src/main/kotlin/com/simplemobiletools/gallery/pro/adapters/DirectoryAdapter.kt:187:56 Unresolved reference: itemView
e: file:///home/leonardo/Workplace/Simple-Gallery/app/src/main/kotlin/com/simplemobiletools/gallery/pro/adapters/DirectoryAdapter.kt:193:15 Unresolved reference: isRPlus
e: file:///home/leonardo/Workplace/Simple-Gallery/app/src/main/kotlin/com/simplemobiletools/gallery/pro/adapters/DirectoryAdapter.kt:193:28 Unresolved reference: isExternalStorageManager
e: file:///home/leonardo/Workplace/Simple-Gallery/app/src/main/kotlin/com/simplemobiletools/gallery/pro/adapters/DirectoryAdapter.kt:193:83 Unresolved reference: doesThisOrParentHaveNoMedia
e: file:///home/leonardo/Workplace/Simple-Gallery/app/src/main/kotlin/com/simplemobiletools/gallery/pro/adapters/DirectoryAdapter.kt:196:15 Unresolved reference: isRPlus
e: file:///home/leonardo/Workplace/Simple-Gallery/app/src/main/kotlin/com/simplemobiletools/gallery/pro/adapters/DirectoryAdapter.kt:196:28 Unresolved reference: isExternalStorageManager
e: file:///home/leonardo/Workplace/Simple-Gallery/app/src/main/kotlin/com/simplemobiletools/gallery/pro/adapters/DirectoryAdapter.kt:196:77 Type mismatch: inferred type is Unit but Boolean was expected
e: file:///home/leonardo/Workplace/Simple-Gallery/app/src/main/kotlin/com/simplemobiletools/gallery/pro/adapters/DirectoryAdapter.kt:196:82 Unresolved reference: doesThisOrParentHaveNoMedia
e: file:///home/leonardo/Workplace/Simple-Gallery/app/src/main/kotlin/com/simplemobiletools/gallery/pro/adapters/DirectoryAdapter.kt:206:9 Unresolved reference: selectedKeys
e: file:///home/leonardo/Workplace/Simple-Gallery/app/src/main/kotlin/com/simplemobiletools/gallery/pro/adapters/DirectoryAdapter.kt:206:33 Overload resolution ambiguity: 
public inline fun <T> Iterable<TypeVariable(T)>.forEach(action: (TypeVariable(T)) -> Unit): Unit defined in kotlin.collections
public inline fun <K, V> Map<out TypeVariable(K), TypeVariable(V)>.forEach(action: (Map.Entry<TypeVariable(K), TypeVariable(V)>) -> Unit): Unit defined in kotlin.collections
e: file:///home/leonardo/Workplace/Simple-Gallery/app/src/main/kotlin/com/simplemobiletools/gallery/pro/adapters/DirectoryAdapter.kt:206:43 Cannot infer a type for this parameter. Please specify it explicitly.
e: file:///home/leonardo/Workplace/Simple-Gallery/app/src/main/kotlin/com/simplemobiletools/gallery/pro/adapters/DirectoryAdapter.kt:217:9 Unresolved reference: selectedKeys
e: file:///home/leonardo/Workplace/Simple-Gallery/app/src/main/kotlin/com/simplemobiletools/gallery/pro/adapters/DirectoryAdapter.kt:217:22 Overload resolution ambiguity: 
public inline fun <T> Iterable<TypeVariable(T)>.forEach(action: (TypeVariable(T)) -> Unit): Unit defined in kotlin.collections
public inline fun <K, V> Map<out TypeVariable(K), TypeVariable(V)>.forEach(action: (Map.Entry<TypeVariable(K), TypeVariable(V)>) -> Unit): Unit defined in kotlin.collections
e: file:///home/leonardo/Workplace/Simple-Gallery/app/src/main/kotlin/com/simplemobiletools/gallery/pro/adapters/DirectoryAdapter.kt:217:32 Cannot infer a type for this parameter. Please specify it explicitly.
e: file:///home/leonardo/Workplace/Simple-Gallery/app/src/main/kotlin/com/simplemobiletools/gallery/pro/adapters/DirectoryAdapter.kt:228:13 Unresolved reference: selectedKeys
e: file:///home/leonardo/Workplace/Simple-Gallery/app/src/main/kotlin/com/simplemobiletools/gallery/pro/adapters/DirectoryAdapter.kt:230:25 Unresolved reference: FAVORITES
e: file:///home/leonardo/Workplace/Simple-Gallery/app/src/main/kotlin/com/simplemobiletools/gallery/pro/adapters/DirectoryAdapter.kt:231:26 Unresolved reference: handleLockedFolderOpening
e: file:///home/leonardo/Workplace/Simple-Gallery/app/src/main/kotlin/com/simplemobiletools/gallery/pro/adapters/DirectoryAdapter.kt:231:60 Cannot infer a type for this parameter. Please specify it explicitly.
e: file:///home/leonardo/Workplace/Simple-Gallery/app/src/main/kotlin/com/simplemobiletools/gallery/pro/adapters/DirectoryAdapter.kt:239:23 Unresolved reference: FAVORITES
e: file:///home/leonardo/Workplace/Simple-Gallery/app/src/main/kotlin/com/simplemobiletools/gallery/pro/adapters/DirectoryAdapter.kt:239:65 Unresolved reference: isFolderProtected
e: file:///home/leonardo/Workplace/Simple-Gallery/app/src/main/kotlin/com/simplemobiletools/gallery/pro/adapters/DirectoryAdapter.kt:245:13 Unresolved reference: selectedKeys
e: file:///home/leonardo/Workplace/Simple-Gallery/app/src/main/kotlin/com/simplemobiletools/gallery/pro/adapters/DirectoryAdapter.kt:254:22 Unresolved reference: handleLockedFolderOpening
e: file:///home/leonardo/Workplace/Simple-Gallery/app/src/main/kotlin/com/simplemobiletools/gallery/pro/adapters/DirectoryAdapter.kt:254:62 Cannot infer a type for this parameter. Please specify it explicitly.
e: file:///home/leonardo/Workplace/Simple-Gallery/app/src/main/kotlin/com/simplemobiletools/gallery/pro/adapters/DirectoryAdapter.kt:264:29 Unresolved reference: ensureBackgroundThread
e: file:///home/leonardo/Workplace/Simple-Gallery/app/src/main/kotlin/com/simplemobiletools/gallery/pro/adapters/DirectoryAdapter.kt:277:99 Unresolved reference: isFolderProtected
e: file:///home/leonardo/Workplace/Simple-Gallery/app/src/main/kotlin/com/simplemobiletools/gallery/pro/adapters/DirectoryAdapter.kt:278:13 Unresolved reference: RenameItemsDialog
e: file:///home/leonardo/Workplace/Simple-Gallery/app/src/main/kotlin/com/simplemobiletools/gallery/pro/adapters/DirectoryAdapter.kt:309:42 Unresolved reference: FAVORITES
e: file:///home/leonardo/Workplace/Simple-Gallery/app/src/main/kotlin/com/simplemobiletools/gallery/pro/adapters/DirectoryAdapter.kt:309:112 Unresolved reference: isFolderProtected
e: file:///home/leonardo/Workplace/Simple-Gallery/app/src/main/kotlin/com/simplemobiletools/gallery/pro/adapters/DirectoryAdapter.kt:311:26 Unresolved reference: handleLockedFolderOpening
e: file:///home/leonardo/Workplace/Simple-Gallery/app/src/main/kotlin/com/simplemobiletools/gallery/pro/adapters/DirectoryAdapter.kt:311:60 Cannot infer a type for this parameter. Please specify it explicitly.
e: file:///home/leonardo/Workplace/Simple-Gallery/app/src/main/kotlin/com/simplemobiletools/gallery/pro/adapters/DirectoryAdapter.kt:313:34 Unresolved reference: containsNoMedia
e: file:///home/leonardo/Workplace/Simple-Gallery/app/src/main/kotlin/com/simplemobiletools/gallery/pro/adapters/DirectoryAdapter.kt:333:22 Unresolved reference: handleLockedFolderOpening
e: file:///home/leonardo/Workplace/Simple-Gallery/app/src/main/kotlin/com/simplemobiletools/gallery/pro/adapters/DirectoryAdapter.kt:333:56 Cannot infer a type for this parameter. Please specify it explicitly.
e: file:///home/leonardo/Workplace/Simple-Gallery/app/src/main/kotlin/com/simplemobiletools/gallery/pro/adapters/DirectoryAdapter.kt:352:18 Unresolved reference: handleLockedFolderOpening
e: file:///home/leonardo/Workplace/Simple-Gallery/app/src/main/kotlin/com/simplemobiletools/gallery/pro/adapters/DirectoryAdapter.kt:352:59 Cannot infer a type for this parameter. Please specify it explicitly.
e: file:///home/leonardo/Workplace/Simple-Gallery/app/src/main/kotlin/com/simplemobiletools/gallery/pro/adapters/DirectoryAdapter.kt:362:18 Unresolved reference: handleLockedFolderOpening
e: file:///home/leonardo/Workplace/Simple-Gallery/app/src/main/kotlin/com/simplemobiletools/gallery/pro/adapters/DirectoryAdapter.kt:362:59 Cannot infer a type for this parameter. Please specify it explicitly.
e: file:///home/leonardo/Workplace/Simple-Gallery/app/src/main/kotlin/com/simplemobiletools/gallery/pro/adapters/DirectoryAdapter.kt:393:52 Unresolved reference: doesThisOrParentHaveNoMedia
e: file:///home/leonardo/Workplace/Simple-Gallery/app/src/main/kotlin/com/simplemobiletools/gallery/pro/adapters/DirectoryAdapter.kt:418:13 Unresolved reference: ensureBackgroundThread
e: file:///home/leonardo/Workplace/Simple-Gallery/app/src/main/kotlin/com/simplemobiletools/gallery/pro/adapters/DirectoryAdapter.kt:446:13 Unresolved reference: ensureBackgroundThread
e: file:///home/leonardo/Workplace/Simple-Gallery/app/src/main/kotlin/com/simplemobiletools/gallery/pro/adapters/DirectoryAdapter.kt:473:85 Unresolved reference: FAVORITES
e: file:///home/leonardo/Workplace/Simple-Gallery/app/src/main/kotlin/com/simplemobiletools/gallery/pro/adapters/DirectoryAdapter.kt:495:20 Unresolved reference: wasFolderLockingNoticeShown
e: file:///home/leonardo/Workplace/Simple-Gallery/app/src/main/kotlin/com/simplemobiletools/gallery/pro/adapters/DirectoryAdapter.kt:498:13 Unresolved reference: FolderLockingNoticeDialog
e: file:///home/leonardo/Workplace/Simple-Gallery/app/src/main/kotlin/com/simplemobiletools/gallery/pro/adapters/DirectoryAdapter.kt:507:53 Unresolved reference: isFolderProtected
e: file:///home/leonardo/Workplace/Simple-Gallery/app/src/main/kotlin/com/simplemobiletools/gallery/pro/adapters/DirectoryAdapter.kt:508:28 Unresolved reference: addFolderProtection
e: file:///home/leonardo/Workplace/Simple-Gallery/app/src/main/kotlin/com/simplemobiletools/gallery/pro/adapters/DirectoryAdapter.kt:521:32 Unresolved reference: getFolderProtectionType
e: file:///home/leonardo/Workplace/Simple-Gallery/app/src/main/kotlin/com/simplemobiletools/gallery/pro/adapters/DirectoryAdapter.kt:522:34 Unresolved reference: getFolderProtectionHash
e: file:///home/leonardo/Workplace/Simple-Gallery/app/src/main/kotlin/com/simplemobiletools/gallery/pro/adapters/DirectoryAdapter.kt:525:39 Unresolved reference: isFolderProtected
e: file:///home/leonardo/Workplace/Simple-Gallery/app/src/main/kotlin/com/simplemobiletools/gallery/pro/adapters/DirectoryAdapter.kt:525:71 Unresolved reference: getFolderProtectionType
e: file:///home/leonardo/Workplace/Simple-Gallery/app/src/main/kotlin/com/simplemobiletools/gallery/pro/adapters/DirectoryAdapter.kt:525:122 Unresolved reference: getFolderProtectionHash
e: file:///home/leonardo/Workplace/Simple-Gallery/app/src/main/kotlin/com/simplemobiletools/gallery/pro/adapters/DirectoryAdapter.kt:527:32 Unresolved reference: removeFolderProtection
e: file:///home/leonardo/Workplace/Simple-Gallery/app/src/main/kotlin/com/simplemobiletools/gallery/pro/adapters/DirectoryAdapter.kt:552:9 Cannot access 'actMode': it is invisible (private in a supertype) in 'DirectoryAdapter'
e: file:///home/leonardo/Workplace/Simple-Gallery/app/src/main/kotlin/com/simplemobiletools/gallery/pro/adapters/DirectoryAdapter.kt:555:47 Unresolved reference: ItemMoveCallback
e: file:///home/leonardo/Workplace/Simple-Gallery/app/src/main/kotlin/com/simplemobiletools/gallery/pro/adapters/DirectoryAdapter.kt:558:49 Unresolved reference: StartReorderDragListener
e: file:///home/leonardo/Workplace/Simple-Gallery/app/src/main/kotlin/com/simplemobiletools/gallery/pro/adapters/DirectoryAdapter.kt:559:17 'requestDrag' overrides nothing
e: file:///home/leonardo/Workplace/Simple-Gallery/app/src/main/kotlin/com/simplemobiletools/gallery/pro/adapters/DirectoryAdapter.kt:573:18 Unresolved reference: handleDeletePasswordProtection
e: file:///home/leonardo/Workplace/Simple-Gallery/app/src/main/kotlin/com/simplemobiletools/gallery/pro/adapters/DirectoryAdapter.kt:587:37 Unresolved reference: isMediaFile
e: file:///home/leonardo/Workplace/Simple-Gallery/app/src/main/kotlin/com/simplemobiletools/gallery/pro/adapters/DirectoryAdapter.kt:592:29 Unresolved reference: isSvg
e: file:///home/leonardo/Workplace/Simple-Gallery/app/src/main/kotlin/com/simplemobiletools/gallery/pro/adapters/DirectoryAdapter.kt:615:18 Unresolved reference: handleLockedFolderOpening
e: file:///home/leonardo/Workplace/Simple-Gallery/app/src/main/kotlin/com/simplemobiletools/gallery/pro/adapters/DirectoryAdapter.kt:615:80 Cannot infer a type for this parameter. Please specify it explicitly.
e: file:///home/leonardo/Workplace/Simple-Gallery/app/src/main/kotlin/com/simplemobiletools/gallery/pro/adapters/DirectoryAdapter.kt:638:61 Unresolved reference: convertToBitmap
e: file:///home/leonardo/Workplace/Simple-Gallery/app/src/main/kotlin/com/simplemobiletools/gallery/pro/adapters/DirectoryAdapter.kt:649:20 Unresolved reference: isDeletePasswordProtectionOn
e: file:///home/leonardo/Workplace/Simple-Gallery/app/src/main/kotlin/com/simplemobiletools/gallery/pro/adapters/DirectoryAdapter.kt:649:61 Unresolved reference: handleDeletePasswordProtection
e: file:///home/leonardo/Workplace/Simple-Gallery/app/src/main/kotlin/com/simplemobiletools/gallery/pro/adapters/DirectoryAdapter.kt:655:32 Unresolved reference: selectedKeys
e: file:///home/leonardo/Workplace/Simple-Gallery/app/src/main/kotlin/com/simplemobiletools/gallery/pro/adapters/DirectoryAdapter.kt:693:13 Unresolved reference: selectedKeys
e: file:///home/leonardo/Workplace/Simple-Gallery/app/src/main/kotlin/com/simplemobiletools/gallery/pro/adapters/DirectoryAdapter.kt:700:18 Expression expected, but a package name found
e: file:///home/leonardo/Workplace/Simple-Gallery/app/src/main/kotlin/com/simplemobiletools/gallery/pro/adapters/DirectoryAdapter.kt:704:22 Unresolved reference: handleSAFDialogSdk30
e: file:///home/leonardo/Workplace/Simple-Gallery/app/src/main/kotlin/com/simplemobiletools/gallery/pro/adapters/DirectoryAdapter.kt:705:22 Expression expected, but a package name found
e: file:///home/leonardo/Workplace/Simple-Gallery/app/src/main/kotlin/com/simplemobiletools/gallery/pro/adapters/DirectoryAdapter.kt:709:55 Unresolved reference: selectedKeys
e: file:///home/leonardo/Workplace/Simple-Gallery/app/src/main/kotlin/com/simplemobiletools/gallery/pro/adapters/DirectoryAdapter.kt:715:29 Unresolved reference: ensureBackgroundThread
e: file:///home/leonardo/Workplace/Simple-Gallery/app/src/main/kotlin/com/simplemobiletools/gallery/pro/adapters/DirectoryAdapter.kt:722:29 Unresolved reference: selectedKeys
e: file:///home/leonardo/Workplace/Simple-Gallery/app/src/main/kotlin/com/simplemobiletools/gallery/pro/adapters/DirectoryAdapter.kt:730:78 Unresolved reference: absolutePath
e: file:///home/leonardo/Workplace/Simple-Gallery/app/src/main/kotlin/com/simplemobiletools/gallery/pro/adapters/DirectoryAdapter.kt:739:22 Unresolved reference: handleLockedFolderOpening
e: file:///home/leonardo/Workplace/Simple-Gallery/app/src/main/kotlin/com/simplemobiletools/gallery/pro/adapters/DirectoryAdapter.kt:739:67 Cannot infer a type for this parameter. Please specify it explicitly.
e: file:///home/leonardo/Workplace/Simple-Gallery/app/src/main/kotlin/com/simplemobiletools/gallery/pro/adapters/DirectoryAdapter.kt:745:53 Unresolved reference: isFolderProtected
e: file:///home/leonardo/Workplace/Simple-Gallery/app/src/main/kotlin/com/simplemobiletools/gallery/pro/adapters/DirectoryAdapter.kt:751:18 Unresolved reference: handleLockedFolderOpening
e: file:///home/leonardo/Workplace/Simple-Gallery/app/src/main/kotlin/com/simplemobiletools/gallery/pro/adapters/DirectoryAdapter.kt:751:80 Cannot infer a type for this parameter. Please specify it explicitly.
e: file:///home/leonardo/Workplace/Simple-Gallery/app/src/main/kotlin/com/simplemobiletools/gallery/pro/adapters/DirectoryAdapter.kt:759:13 Unresolved reference: selectedKeys
e: file:///home/leonardo/Workplace/Simple-Gallery/app/src/main/kotlin/com/simplemobiletools/gallery/pro/adapters/DirectoryAdapter.kt:788:30 Unresolved reference: Gson
e: file:///home/leonardo/Workplace/Simple-Gallery/app/src/main/kotlin/com/simplemobiletools/gallery/pro/adapters/DirectoryAdapter.kt:793:38 Unresolved reference: selectedKeys
e: file:///home/leonardo/Workplace/Simple-Gallery/app/src/main/kotlin/com/simplemobiletools/gallery/pro/adapters/DirectoryAdapter.kt:793:79 Expression expected, but a package name found
e: file:///home/leonardo/Workplace/Simple-Gallery/app/src/main/kotlin/com/simplemobiletools/gallery/pro/adapters/DirectoryAdapter.kt:797:57 Unresolved reference: selectedKeys
e: file:///home/leonardo/Workplace/Simple-Gallery/app/src/main/kotlin/com/simplemobiletools/gallery/pro/adapters/DirectoryAdapter.kt:805:37 Type mismatch: inferred type is Unit but Boolean was expected
e: file:///home/leonardo/Workplace/Simple-Gallery/app/src/main/kotlin/com/simplemobiletools/gallery/pro/adapters/DirectoryAdapter.kt:805:46 Unresolved reference: isFolderProtected
e: file:///home/leonardo/Workplace/Simple-Gallery/app/src/main/kotlin/com/simplemobiletools/gallery/pro/adapters/DirectoryAdapter.kt:832:26 Unresolved reference: selectedKeys
e: file:///home/leonardo/Workplace/Simple-Gallery/app/src/main/kotlin/com/simplemobiletools/gallery/pro/adapters/DirectoryAdapter.kt:839:31 Unresolved reference: isSvg
e: file:///home/leonardo/Workplace/Simple-Gallery/app/src/main/kotlin/com/simplemobiletools/gallery/pro/adapters/DirectoryAdapter.kt:845:55 Unresolved reference: properPrimaryColor
e: file:///home/leonardo/Workplace/Simple-Gallery/app/src/main/kotlin/com/simplemobiletools/gallery/pro/adapters/DirectoryAdapter.kt:846:43 Unresolved reference: contrastColor
e: file:///home/leonardo/Workplace/Simple-Gallery/app/src/main/kotlin/com/simplemobiletools/gallery/pro/adapters/DirectoryAdapter.kt:873:65 Unresolved reference: getProperBackgroundColor
e: file:///home/leonardo/Workplace/Simple-Gallery/app/src/main/kotlin/com/simplemobiletools/gallery/pro/adapters/DirectoryAdapter.kt:874:55 Unresolved reference: getProperBackgroundColor
e: file:///home/leonardo/Workplace/Simple-Gallery/app/src/main/kotlin/com/simplemobiletools/gallery/pro/adapters/DirectoryAdapter.kt:898:126 Unresolved reference: ic_sd_card_vector
e: file:///home/leonardo/Workplace/Simple-Gallery/app/src/main/kotlin/com/simplemobiletools/gallery/pro/adapters/DirectoryAdapter.kt:898:190 Unresolved reference: ic_usb_vector
e: file:///home/leonardo/Workplace/Simple-Gallery/app/src/main/kotlin/com/simplemobiletools/gallery/pro/adapters/DirectoryAdapter.kt:949:5 'onRowMoved' overrides nothing
e: file:///home/leonardo/Workplace/Simple-Gallery/app/src/main/kotlin/com/simplemobiletools/gallery/pro/adapters/DirectoryAdapter.kt:963:5 'onRowSelected' overrides nothing
e: file:///home/leonardo/Workplace/Simple-Gallery/app/src/main/kotlin/com/simplemobiletools/gallery/pro/adapters/DirectoryAdapter.kt:967:5 'onRowClear' overrides nothing
e: file:///home/leonardo/Workplace/Simple-Gallery/app/src/main/kotlin/com/simplemobiletools/gallery/pro/adapters/DirectoryAdapter.kt:971:5 'onChange' overrides nothing
e: file:///home/leonardo/Workplace/Simple-Gallery/app/src/main/kotlin/com/simplemobiletools/gallery/pro/adapters/DirectoryItemBinding.kt:6:44 Unresolved reference: MySquareImageView
e: file:///home/leonardo/Workplace/Simple-Gallery/app/src/main/kotlin/com/simplemobiletools/gallery/pro/adapters/DirectoryItemBinding.kt:13:23 Unresolved reference: MySquareImageView
e: file:///home/leonardo/Workplace/Simple-Gallery/app/src/main/kotlin/com/simplemobiletools/gallery/pro/adapters/DirectoryItemBinding.kt:28:32 Unresolved reference: MySquareImageView
e: file:///home/leonardo/Workplace/Simple-Gallery/app/src/main/kotlin/com/simplemobiletools/gallery/pro/adapters/DirectoryItemBinding.kt:28:60 Cannot access class 'MySquareImageView'. Check your module classpath for missing or conflicting dependencies
e: file:///home/leonardo/Workplace/Simple-Gallery/app/src/main/kotlin/com/simplemobiletools/gallery/pro/adapters/DirectoryItemBinding.kt:45:32 Unresolved reference: MySquareImageView
e: file:///home/leonardo/Workplace/Simple-Gallery/app/src/main/kotlin/com/simplemobiletools/gallery/pro/adapters/DirectoryItemBinding.kt:45:60 Cannot access class 'MySquareImageView'. Check your module classpath for missing or conflicting dependencies
e: file:///home/leonardo/Workplace/Simple-Gallery/app/src/main/kotlin/com/simplemobiletools/gallery/pro/adapters/DirectoryItemBinding.kt:62:32 Unresolved reference: MySquareImageView
e: file:///home/leonardo/Workplace/Simple-Gallery/app/src/main/kotlin/com/simplemobiletools/gallery/pro/adapters/DirectoryItemBinding.kt:62:60 Cannot access class 'MySquareImageView'. Check your module classpath for missing or conflicting dependencies
e: file:///home/leonardo/Workplace/Simple-Gallery/app/src/main/kotlin/com/simplemobiletools/gallery/pro/adapters/ManageFoldersAdapter.kt:7:49 Unresolved reference: getPopupMenuTheme
e: file:///home/leonardo/Workplace/Simple-Gallery/app/src/main/kotlin/com/simplemobiletools/gallery/pro/adapters/ManageFoldersAdapter.kt:8:49 Unresolved reference: getProperTextColor
e: file:///home/leonardo/Workplace/Simple-Gallery/app/src/main/kotlin/com/simplemobiletools/gallery/pro/adapters/ManageFoldersAdapter.kt:9:49 Unresolved reference: setupViewBackground
e: file:///home/leonardo/Workplace/Simple-Gallery/app/src/main/kotlin/com/simplemobiletools/gallery/pro/adapters/ManageFoldersAdapter.kt:15:19 Unresolved reference: gson
e: file:///home/leonardo/Workplace/Simple-Gallery/app/src/main/kotlin/com/simplemobiletools/gallery/pro/adapters/ManageFoldersAdapter.kt:17:1 Class 'ManageFoldersAdapter' is not abstract and does not implement abstract base class member public abstract fun markViewHolderSelection(select: Boolean, viewHolder: MyRecyclerViewAdapter.ViewHolder?): Unit defined in com.simplemobiletools.commons.adapters.MyRecyclerViewAdapter
e: file:///home/leonardo/Workplace/Simple-Gallery/app/src/main/kotlin/com/simplemobiletools/gallery/pro/adapters/ManageFoldersAdapter.kt:20:51 Type mismatch: inferred type is (Any) -> Unit but FastScroller? was expected
e: file:///home/leonardo/Workplace/Simple-Gallery/app/src/main/kotlin/com/simplemobiletools/gallery/pro/adapters/ManageFoldersAdapter.kt:20:51 No value passed for parameter 'itemClick'
e: file:///home/leonardo/Workplace/Simple-Gallery/app/src/main/kotlin/com/simplemobiletools/gallery/pro/adapters/ManageFoldersAdapter.kt:42:5 'getItemSelectionKey' overrides nothing
e: file:///home/leonardo/Workplace/Simple-Gallery/app/src/main/kotlin/com/simplemobiletools/gallery/pro/adapters/ManageFoldersAdapter.kt:44:5 'getItemKeyPosition' overrides nothing
e: file:///home/leonardo/Workplace/Simple-Gallery/app/src/main/kotlin/com/simplemobiletools/gallery/pro/adapters/ManageFoldersAdapter.kt:46:5 'onActionModeCreated' overrides nothing
e: file:///home/leonardo/Workplace/Simple-Gallery/app/src/main/kotlin/com/simplemobiletools/gallery/pro/adapters/ManageFoldersAdapter.kt:48:5 'onActionModeDestroyed' overrides nothing
e: file:///home/leonardo/Workplace/Simple-Gallery/app/src/main/kotlin/com/simplemobiletools/gallery/pro/adapters/ManageFoldersAdapter.kt:51:16 None of the following functions can be called with the arguments supplied: 
public final fun createViewHolder(p0: ViewGroup, p1: Int): MyRecyclerViewAdapter.ViewHolder defined in com.simplemobiletools.gallery.pro.adapters.ManageFoldersAdapter
protected final fun createViewHolder(layoutType: Int, parent: ViewGroup?): MyRecyclerViewAdapter.ViewHolder defined in com.simplemobiletools.gallery.pro.adapters.ManageFoldersAdapter
e: file:///home/leonardo/Workplace/Simple-Gallery/app/src/main/kotlin/com/simplemobiletools/gallery/pro/adapters/ManageFoldersAdapter.kt:56:16 Cannot access 'com.bignerdranch.android.multiselector.SwappingHolder' which is a supertype of 'com.simplemobiletools.commons.adapters.MyRecyclerViewAdapter.ViewHolder'. Check your module classpath for missing or conflicting dependencies
e: file:///home/leonardo/Workplace/Simple-Gallery/app/src/main/kotlin/com/simplemobiletools/gallery/pro/adapters/ManageFoldersAdapter.kt:59:9 None of the following functions can be called with the arguments supplied: 
public final fun bindViewHolder(p0: MyRecyclerViewAdapter.ViewHolder, p1: Int): Unit defined in com.simplemobiletools.gallery.pro.adapters.ManageFoldersAdapter
protected final fun bindViewHolder(holder: MyRecyclerViewAdapter.ViewHolder, position: Int, view: View): Unit defined in com.simplemobiletools.gallery.pro.adapters.ManageFoldersAdapter
e: file:///home/leonardo/Workplace/Simple-Gallery/app/src/main/kotlin/com/simplemobiletools/gallery/pro/adapters/ManageFoldersAdapter.kt:64:55 Unresolved reference: selectedKeys
e: file:///home/leonardo/Workplace/Simple-Gallery/app/src/main/kotlin/com/simplemobiletools/gallery/pro/adapters/ManageFoldersAdapter.kt:74:18 Unresolved reference: setupViewBackground
e: file:///home/leonardo/Workplace/Simple-Gallery/app/src/main/kotlin/com/simplemobiletools/gallery/pro/adapters/ManageFoldersAdapter.kt:75:45 Unresolved reference: selectedKeys
e: file:///home/leonardo/Workplace/Simple-Gallery/app/src/main/kotlin/com/simplemobiletools/gallery/pro/adapters/ManageFoldersAdapter.kt:78:38 Unresolved reference: getProperTextColor
e: file:///home/leonardo/Workplace/Simple-Gallery/app/src/main/kotlin/com/simplemobiletools/gallery/pro/adapters/ManageFoldersAdapter.kt:83:34 Unresolved reference: getProperTextColor
e: file:///home/leonardo/Workplace/Simple-Gallery/app/src/main/kotlin/com/simplemobiletools/gallery/pro/adapters/ManageFoldersAdapter.kt:94:30 Unresolved reference: getPopupMenuTheme
e: file:///home/leonardo/Workplace/Simple-Gallery/app/src/main/kotlin/com/simplemobiletools/gallery/pro/adapters/ManageFoldersAdapter.kt:95:28 Overload resolution ambiguity: 
public constructor ContextThemeWrapper(p0: Context!, p1: Resources.Theme!) defined in android.view.ContextThemeWrapper
public constructor ContextThemeWrapper(p0: Context!, p1: Int) defined in android.view.ContextThemeWrapper
e: file:///home/leonardo/Workplace/Simple-Gallery/app/src/main/kotlin/com/simplemobiletools/gallery/pro/adapters/ManageFoldersAdapter.kt:115:9 Unresolved reference: selectedKeys
e: file:///home/leonardo/Workplace/Simple-Gallery/app/src/main/kotlin/com/simplemobiletools/gallery/pro/adapters/ManageFoldersAdapter.kt:116:9 Unresolved reference: selectedKeys
e: file:///home/leonardo/Workplace/Simple-Gallery/app/src/main/kotlin/com/simplemobiletools/gallery/pro/adapters/ManageFoldersAdapter.kt:121:44 Unresolved reference: selectedKeys
e: file:///home/leonardo/Workplace/Simple-Gallery/app/src/main/kotlin/com/simplemobiletools/gallery/pro/adapters/ManageFoldersAdapter.kt:122:25 Unresolved reference: getSelectedItemPositions
e: file:///home/leonardo/Workplace/Simple-Gallery/app/src/main/kotlin/com/simplemobiletools/gallery/pro/adapters/ManageFoldersAdapter.kt:138:44 Unresolved reference: Gson
e: file:///home/leonardo/Workplace/Simple-Gallery/app/src/main/kotlin/com/simplemobiletools/gallery/pro/adapters/ManageFoldersAdapter.kt:144:29 Too many arguments for protected final fun removeSelectedItems(): Unit defined in com.simplemobiletools.gallery.pro.adapters.ManageFoldersAdapter
e: file:///home/leonardo/Workplace/Simple-Gallery/app/src/main/kotlin/com/simplemobiletools/gallery/pro/adapters/ManageHiddenFoldersAdapter.kt:8:49 Unresolved reference: getProperTextColor
e: file:///home/leonardo/Workplace/Simple-Gallery/app/src/main/kotlin/com/simplemobiletools/gallery/pro/adapters/ManageHiddenFoldersAdapter.kt:10:49 Unresolved reference: setupViewBackground
e: file:///home/leonardo/Workplace/Simple-Gallery/app/src/main/kotlin/com/simplemobiletools/gallery/pro/adapters/ManageHiddenFoldersAdapter.kt:17:1 Class 'ManageHiddenFoldersAdapter' is not abstract and does not implement abstract base class member public abstract fun markViewHolderSelection(select: Boolean, viewHolder: MyRecyclerViewAdapter.ViewHolder?): Unit defined in com.simplemobiletools.commons.adapters.MyRecyclerViewAdapter
e: file:///home/leonardo/Workplace/Simple-Gallery/app/src/main/kotlin/com/simplemobiletools/gallery/pro/adapters/ManageHiddenFoldersAdapter.kt:20:51 Type mismatch: inferred type is (Any) -> Unit but FastScroller? was expected
e: file:///home/leonardo/Workplace/Simple-Gallery/app/src/main/kotlin/com/simplemobiletools/gallery/pro/adapters/ManageHiddenFoldersAdapter.kt:20:51 No value passed for parameter 'itemClick'
e: file:///home/leonardo/Workplace/Simple-Gallery/app/src/main/kotlin/com/simplemobiletools/gallery/pro/adapters/ManageHiddenFoldersAdapter.kt:40:5 'getItemSelectionKey' overrides nothing
e: file:///home/leonardo/Workplace/Simple-Gallery/app/src/main/kotlin/com/simplemobiletools/gallery/pro/adapters/ManageHiddenFoldersAdapter.kt:42:5 'getItemKeyPosition' overrides nothing
e: file:///home/leonardo/Workplace/Simple-Gallery/app/src/main/kotlin/com/simplemobiletools/gallery/pro/adapters/ManageHiddenFoldersAdapter.kt:44:5 'onActionModeCreated' overrides nothing
e: file:///home/leonardo/Workplace/Simple-Gallery/app/src/main/kotlin/com/simplemobiletools/gallery/pro/adapters/ManageHiddenFoldersAdapter.kt:46:5 'onActionModeDestroyed' overrides nothing
e: file:///home/leonardo/Workplace/Simple-Gallery/app/src/main/kotlin/com/simplemobiletools/gallery/pro/adapters/ManageHiddenFoldersAdapter.kt:49:16 None of the following functions can be called with the arguments supplied: 
public final fun createViewHolder(p0: ViewGroup, p1: Int): MyRecyclerViewAdapter.ViewHolder defined in com.simplemobiletools.gallery.pro.adapters.ManageHiddenFoldersAdapter
protected final fun createViewHolder(layoutType: Int, parent: ViewGroup?): MyRecyclerViewAdapter.ViewHolder defined in com.simplemobiletools.gallery.pro.adapters.ManageHiddenFoldersAdapter
e: file:///home/leonardo/Workplace/Simple-Gallery/app/src/main/kotlin/com/simplemobiletools/gallery/pro/adapters/ManageHiddenFoldersAdapter.kt:54:16 Cannot access 'com.bignerdranch.android.multiselector.SwappingHolder' which is a supertype of 'com.simplemobiletools.commons.adapters.MyRecyclerViewAdapter.ViewHolder'. Check your module classpath for missing or conflicting dependencies
e: file:///home/leonardo/Workplace/Simple-Gallery/app/src/main/kotlin/com/simplemobiletools/gallery/pro/adapters/ManageHiddenFoldersAdapter.kt:57:9 None of the following functions can be called with the arguments supplied: 
public final fun bindViewHolder(p0: MyRecyclerViewAdapter.ViewHolder, p1: Int): Unit defined in com.simplemobiletools.gallery.pro.adapters.ManageHiddenFoldersAdapter
protected final fun bindViewHolder(holder: MyRecyclerViewAdapter.ViewHolder, position: Int, view: View): Unit defined in com.simplemobiletools.gallery.pro.adapters.ManageHiddenFoldersAdapter
e: file:///home/leonardo/Workplace/Simple-Gallery/app/src/main/kotlin/com/simplemobiletools/gallery/pro/adapters/ManageHiddenFoldersAdapter.kt:62:55 Unresolved reference: selectedKeys
e: file:///home/leonardo/Workplace/Simple-Gallery/app/src/main/kotlin/com/simplemobiletools/gallery/pro/adapters/ManageHiddenFoldersAdapter.kt:66:18 Unresolved reference: setupViewBackground
e: file:///home/leonardo/Workplace/Simple-Gallery/app/src/main/kotlin/com/simplemobiletools/gallery/pro/adapters/ManageHiddenFoldersAdapter.kt:67:45 Unresolved reference: selectedKeys
e: file:///home/leonardo/Workplace/Simple-Gallery/app/src/main/kotlin/com/simplemobiletools/gallery/pro/adapters/ManageHiddenFoldersAdapter.kt:70:38 Unresolved reference: getProperTextColor
e: file:///home/leonardo/Workplace/Simple-Gallery/app/src/main/kotlin/com/simplemobiletools/gallery/pro/adapters/ManageHiddenFoldersAdapter.kt:76:47 Unresolved reference: selectedKeys
e: file:///home/leonardo/Workplace/Simple-Gallery/app/src/main/kotlin/com/simplemobiletools/gallery/pro/adapters/ManageHiddenFoldersAdapter.kt:87:21 Expression expected, but a package name found
e: file:///home/leonardo/Workplace/Simple-Gallery/app/src/main/kotlin/com/simplemobiletools/gallery/pro/adapters/ManageHiddenFoldersAdapter.kt:97:24 Unresolved reference: getSelectedItemPositions
e: file:///home/leonardo/Workplace/Simple-Gallery/app/src/main/kotlin/com/simplemobiletools/gallery/pro/adapters/ManageHiddenFoldersAdapter.kt:104:29 Too many arguments for protected final fun removeSelectedItems(): Unit defined in com.simplemobiletools.gallery.pro.adapters.ManageHiddenFoldersAdapter
e: file:///home/leonardo/Workplace/Simple-Gallery/app/src/main/kotlin/com/simplemobiletools/gallery/pro/adapters/MediaAdapter.kt:15:12 Unresolved reference: qtalk
e: file:///home/leonardo/Workplace/Simple-Gallery/app/src/main/kotlin/com/simplemobiletools/gallery/pro/adapters/MediaAdapter.kt:19:46 Unresolved reference: RenameDialog
e: file:///home/leonardo/Workplace/Simple-Gallery/app/src/main/kotlin/com/simplemobiletools/gallery/pro/adapters/MediaAdapter.kt:36:1 Class 'MediaAdapter' is not abstract and does not implement abstract base class member public abstract fun markViewHolderSelection(select: Boolean, viewHolder: MyRecyclerViewAdapter.ViewHolder?): Unit defined in com.simplemobiletools.commons.adapters.MyRecyclerViewAdapter
e: file:///home/leonardo/Workplace/Simple-Gallery/app/src/main/kotlin/com/simplemobiletools/gallery/pro/adapters/MediaAdapter.kt:40:51 Type mismatch: inferred type is (Any) -> Unit but FastScroller? was expected
e: file:///home/leonardo/Workplace/Simple-Gallery/app/src/main/kotlin/com/simplemobiletools/gallery/pro/adapters/MediaAdapter.kt:40:51 No value passed for parameter 'itemClick'
e: file:///home/leonardo/Workplace/Simple-Gallery/app/src/main/kotlin/com/simplemobiletools/gallery/pro/adapters/MediaAdapter.kt:40:63 Unresolved reference: RecyclerViewFastScroller
e: file:///home/leonardo/Workplace/Simple-Gallery/app/src/main/kotlin/com/simplemobiletools/gallery/pro/adapters/MediaAdapter.kt:50:46 Unresolved reference: VIEW_TYPE_LIST
e: file:///home/leonardo/Workplace/Simple-Gallery/app/src/main/kotlin/com/simplemobiletools/gallery/pro/adapters/MediaAdapter.kt:64:26 Unresolved reference: getFolderSorting
e: file:///home/leonardo/Workplace/Simple-Gallery/app/src/main/kotlin/com/simplemobiletools/gallery/pro/adapters/MediaAdapter.kt:65:29 Unresolved reference: dateFormat
e: file:///home/leonardo/Workplace/Simple-Gallery/app/src/main/kotlin/com/simplemobiletools/gallery/pro/adapters/MediaAdapter.kt:66:31 Unresolved reference: getTimeFormat
e: file:///home/leonardo/Workplace/Simple-Gallery/app/src/main/kotlin/com/simplemobiletools/gallery/pro/adapters/MediaAdapter.kt:93:16 None of the following functions can be called with the arguments supplied: 
public final fun createViewHolder(p0: ViewGroup, p1: Int): MyRecyclerViewAdapter.ViewHolder defined in com.simplemobiletools.gallery.pro.adapters.MediaAdapter
protected final fun createViewHolder(layoutType: Int, parent: ViewGroup?): MyRecyclerViewAdapter.ViewHolder defined in com.simplemobiletools.gallery.pro.adapters.MediaAdapter
e: file:///home/leonardo/Workplace/Simple-Gallery/app/src/main/kotlin/com/simplemobiletools/gallery/pro/adapters/MediaAdapter.kt:103:16 Cannot access 'com.bignerdranch.android.multiselector.SwappingHolder' which is a supertype of 'com.simplemobiletools.commons.adapters.MyRecyclerViewAdapter.ViewHolder'. Check your module classpath for missing or conflicting dependencies
e: file:///home/leonardo/Workplace/Simple-Gallery/app/src/main/kotlin/com/simplemobiletools/gallery/pro/adapters/MediaAdapter.kt:110:9 None of the following functions can be called with the arguments supplied: 
public final fun bindViewHolder(p0: MyRecyclerViewAdapter.ViewHolder, p1: Int): Unit defined in com.simplemobiletools.gallery.pro.adapters.MediaAdapter
protected final fun bindViewHolder(holder: MyRecyclerViewAdapter.ViewHolder, position: Int, view: View): Unit defined in com.simplemobiletools.gallery.pro.adapters.MediaAdapter
e: file:///home/leonardo/Workplace/Simple-Gallery/app/src/main/kotlin/com/simplemobiletools/gallery/pro/adapters/MediaAdapter.kt:142:100 Unresolved reference: selectedKeys
e: file:///home/leonardo/Workplace/Simple-Gallery/app/src/main/kotlin/com/simplemobiletools/gallery/pro/adapters/MediaAdapter.kt:143:88 Type mismatch: inferred type is Unit but Boolean was expected
e: file:///home/leonardo/Workplace/Simple-Gallery/app/src/main/kotlin/com/simplemobiletools/gallery/pro/adapters/MediaAdapter.kt:143:113 Unresolved reference: recycleBinPath
e: file:///home/leonardo/Workplace/Simple-Gallery/app/src/main/kotlin/com/simplemobiletools/gallery/pro/adapters/MediaAdapter.kt:152:13 Unresolved reference: selectedKeys
e: file:///home/leonardo/Workplace/Simple-Gallery/app/src/main/kotlin/com/simplemobiletools/gallery/pro/adapters/MediaAdapter.kt:186:5 'getItemSelectionKey' overrides nothing
e: file:///home/leonardo/Workplace/Simple-Gallery/app/src/main/kotlin/com/simplemobiletools/gallery/pro/adapters/MediaAdapter.kt:188:5 'getItemKeyPosition' overrides nothing
e: file:///home/leonardo/Workplace/Simple-Gallery/app/src/main/kotlin/com/simplemobiletools/gallery/pro/adapters/MediaAdapter.kt:190:5 'onActionModeCreated' overrides nothing
e: file:///home/leonardo/Workplace/Simple-Gallery/app/src/main/kotlin/com/simplemobiletools/gallery/pro/adapters/MediaAdapter.kt:192:5 'onActionModeDestroyed' overrides nothing
e: file:///home/leonardo/Workplace/Simple-Gallery/app/src/main/kotlin/com/simplemobiletools/gallery/pro/adapters/MediaAdapter.kt:197:35 Cannot access 'com.bignerdranch.android.multiselector.SwappingHolder' which is a supertype of 'com.simplemobiletools.commons.adapters.MyRecyclerViewAdapter.ViewHolder'. Check your module classpath for missing or conflicting dependencies
e: file:///home/leonardo/Workplace/Simple-Gallery/app/src/main/kotlin/com/simplemobiletools/gallery/pro/adapters/MediaAdapter.kt:197:35 Unresolved reference: itemView
e: file:///home/leonardo/Workplace/Simple-Gallery/app/src/main/kotlin/com/simplemobiletools/gallery/pro/adapters/MediaAdapter.kt:198:72 Unresolved reference: id
e: file:///home/leonardo/Workplace/Simple-Gallery/app/src/main/kotlin/com/simplemobiletools/gallery/pro/adapters/MediaAdapter.kt:199:58 Unresolved reference: id
e: file:///home/leonardo/Workplace/Simple-Gallery/app/src/main/kotlin/com/simplemobiletools/gallery/pro/adapters/MediaAdapter.kt:201:38 Overload resolution ambiguity: 
public open fun clear(p0: View): Unit defined in com.bumptech.glide.RequestManager
public open fun clear(p0: Target<*>?): Unit defined in com.bumptech.glide.RequestManager
e: file:///home/leonardo/Workplace/Simple-Gallery/app/src/main/kotlin/com/simplemobiletools/gallery/pro/adapters/MediaAdapter.kt:210:52 Unresolved reference: isRPlus
e: file:///home/leonardo/Workplace/Simple-Gallery/app/src/main/kotlin/com/simplemobiletools/gallery/pro/adapters/MediaAdapter.kt:210:65 Unresolved reference: isExternalStorageManager
e: file:///home/leonardo/Workplace/Simple-Gallery/app/src/main/kotlin/com/simplemobiletools/gallery/pro/adapters/MediaAdapter.kt:211:54 Unresolved reference: isRPlus
e: file:///home/leonardo/Workplace/Simple-Gallery/app/src/main/kotlin/com/simplemobiletools/gallery/pro/adapters/MediaAdapter.kt:211:67 Unresolved reference: isExternalStorageManager
e: file:///home/leonardo/Workplace/Simple-Gallery/app/src/main/kotlin/com/simplemobiletools/gallery/pro/adapters/MediaAdapter.kt:224:13 Unresolved reference: selectedKeys
e: file:///home/leonardo/Workplace/Simple-Gallery/app/src/main/kotlin/com/simplemobiletools/gallery/pro/adapters/MediaAdapter.kt:243:13 Unresolved reference: isRPlus
e: file:///home/leonardo/Workplace/Simple-Gallery/app/src/main/kotlin/com/simplemobiletools/gallery/pro/adapters/MediaAdapter.kt:243:50 Unresolved reference: isExternalStorageManager
e: file:///home/leonardo/Workplace/Simple-Gallery/app/src/main/kotlin/com/simplemobiletools/gallery/pro/adapters/MediaAdapter.kt:244:67 Unresolved reference: rename_in_sd_card_system_restriction
e: file:///home/leonardo/Workplace/Simple-Gallery/app/src/main/kotlin/com/simplemobiletools/gallery/pro/adapters/MediaAdapter.kt:249:13 Unresolved reference: selectedKeys
e: file:///home/leonardo/Workplace/Simple-Gallery/app/src/main/kotlin/com/simplemobiletools/gallery/pro/adapters/MediaAdapter.kt:251:17 Unresolved reference: ensureBackgroundThread
e: file:///home/leonardo/Workplace/Simple-Gallery/app/src/main/kotlin/com/simplemobiletools/gallery/pro/adapters/MediaAdapter.kt:262:13 Unresolved reference: RenameDialog
e: file:///home/leonardo/Workplace/Simple-Gallery/app/src/main/kotlin/com/simplemobiletools/gallery/pro/adapters/MediaAdapter.kt:309:40 Unresolved reference: isRestrictedWithSAFSdk30
e: file:///home/leonardo/Workplace/Simple-Gallery/app/src/main/kotlin/com/simplemobiletools/gallery/pro/adapters/MediaAdapter.kt:310:16 Unresolved reference: isExternalStorageManager
e: file:///home/leonardo/Workplace/Simple-Gallery/app/src/main/kotlin/com/simplemobiletools/gallery/pro/adapters/MediaAdapter.kt:314:9 Unresolved reference: ensureBackgroundThread
e: file:///home/leonardo/Workplace/Simple-Gallery/app/src/main/kotlin/com/simplemobiletools/gallery/pro/adapters/MediaAdapter.kt:326:9 Unresolved reference: ensureBackgroundThread
e: file:///home/leonardo/Workplace/Simple-Gallery/app/src/main/kotlin/com/simplemobiletools/gallery/pro/adapters/MediaAdapter.kt:346:13 Unresolved reference: selectedKeys
e: file:///home/leonardo/Workplace/Simple-Gallery/app/src/main/kotlin/com/simplemobiletools/gallery/pro/adapters/MediaAdapter.kt:346:39 Unresolved reference: selectedKeys
e: file:///home/leonardo/Workplace/Simple-Gallery/app/src/main/kotlin/com/simplemobiletools/gallery/pro/adapters/MediaAdapter.kt:348:20 Unresolved reference: selectedKeys
e: file:///home/leonardo/Workplace/Simple-Gallery/app/src/main/kotlin/com/simplemobiletools/gallery/pro/adapters/MediaAdapter.kt:357:9 Unresolved reference: ensureBackgroundThread
e: file:///home/leonardo/Workplace/Simple-Gallery/app/src/main/kotlin/com/simplemobiletools/gallery/pro/adapters/MediaAdapter.kt:378:21 Expression expected, but a package name found
e: file:///home/leonardo/Workplace/Simple-Gallery/app/src/main/kotlin/com/simplemobiletools/gallery/pro/adapters/MediaAdapter.kt:388:18 Unresolved reference: handleDeletePasswordProtection
e: file:///home/leonardo/Workplace/Simple-Gallery/app/src/main/kotlin/com/simplemobiletools/gallery/pro/adapters/MediaAdapter.kt:402:39 Unresolved reference: recycleBinPath
e: file:///home/leonardo/Workplace/Simple-Gallery/app/src/main/kotlin/com/simplemobiletools/gallery/pro/adapters/MediaAdapter.kt:403:79 Overload resolution ambiguity: 
public fun CharSequence.startsWith(char: Char, ignoreCase: Boolean = ...): Boolean defined in kotlin.text
public fun CharSequence.startsWith(prefix: CharSequence, ignoreCase: Boolean = ...): Boolean defined in kotlin.text
public fun String.startsWith(prefix: String, ignoreCase: Boolean = ...): Boolean defined in kotlin.text
e: file:///home/leonardo/Workplace/Simple-Gallery/app/src/main/kotlin/com/simplemobiletools/gallery/pro/adapters/MediaAdapter.kt:407:43 Type mismatch: inferred type is Unit but Boolean was expected
e: file:///home/leonardo/Workplace/Simple-Gallery/app/src/main/kotlin/com/simplemobiletools/gallery/pro/adapters/MediaAdapter.kt:407:48 Overload resolution ambiguity: 
public fun CharSequence.startsWith(char: Char, ignoreCase: Boolean = ...): Boolean defined in kotlin.text
public fun CharSequence.startsWith(prefix: CharSequence, ignoreCase: Boolean = ...): Boolean defined in kotlin.text
public fun String.startsWith(prefix: String, ignoreCase: Boolean = ...): Boolean defined in kotlin.text
e: file:///home/leonardo/Workplace/Simple-Gallery/app/src/main/kotlin/com/simplemobiletools/gallery/pro/adapters/MediaAdapter.kt:408:67 Unresolved reference: moving_recycle_bin_items_disabled
e: file:///home/leonardo/Workplace/Simple-Gallery/app/src/main/kotlin/com/simplemobiletools/gallery/pro/adapters/MediaAdapter.kt:446:54 Unresolved reference: FAVORITES
e: file:///home/leonardo/Workplace/Simple-Gallery/app/src/main/kotlin/com/simplemobiletools/gallery/pro/adapters/MediaAdapter.kt:454:61 Unresolved reference: convertToBitmap
e: file:///home/leonardo/Workplace/Simple-Gallery/app/src/main/kotlin/com/simplemobiletools/gallery/pro/adapters/MediaAdapter.kt:464:9 Unresolved reference: ensureBackgroundThread
e: file:///home/leonardo/Workplace/Simple-Gallery/app/src/main/kotlin/com/simplemobiletools/gallery/pro/adapters/MediaAdapter.kt:474:24 Unresolved reference: isDeletePasswordProtectionOn
e: file:///home/leonardo/Workplace/Simple-Gallery/app/src/main/kotlin/com/simplemobiletools/gallery/pro/adapters/MediaAdapter.kt:475:26 Unresolved reference: handleDeletePasswordProtection
e: file:///home/leonardo/Workplace/Simple-Gallery/app/src/main/kotlin/com/simplemobiletools/gallery/pro/adapters/MediaAdapter.kt:487:24 Unresolved reference: selectedKeys
e: file:///home/leonardo/Workplace/Simple-Gallery/app/src/main/kotlin/com/simplemobiletools/gallery/pro/adapters/MediaAdapter.kt:493:25 Unresolved reference: mediaStoreId
e: file:///home/leonardo/Workplace/Simple-Gallery/app/src/main/kotlin/com/simplemobiletools/gallery/pro/adapters/MediaAdapter.kt:506:58 Unresolved reference: recycleBinPath
e: file:///home/leonardo/Workplace/Simple-Gallery/app/src/main/kotlin/com/simplemobiletools/gallery/pro/adapters/MediaAdapter.kt:524:13 Unresolved reference: selectedKeys
e: file:///home/leonardo/Workplace/Simple-Gallery/app/src/main/kotlin/com/simplemobiletools/gallery/pro/adapters/MediaAdapter.kt:532:18 Expression expected, but a package name found
e: file:///home/leonardo/Workplace/Simple-Gallery/app/src/main/kotlin/com/simplemobiletools/gallery/pro/adapters/MediaAdapter.kt:536:58 Type mismatch: inferred type is Unit but Boolean was expected
e: file:///home/leonardo/Workplace/Simple-Gallery/app/src/main/kotlin/com/simplemobiletools/gallery/pro/adapters/MediaAdapter.kt:536:69 Unresolved reference: isAccessibleWithSAFSdk30
e: file:///home/leonardo/Workplace/Simple-Gallery/app/src/main/kotlin/com/simplemobiletools/gallery/pro/adapters/MediaAdapter.kt:537:22 Unresolved reference: checkManageMediaOrHandleSAFDialogSdk30
e: file:///home/leonardo/Workplace/Simple-Gallery/app/src/main/kotlin/com/simplemobiletools/gallery/pro/adapters/MediaAdapter.kt:538:22 Expression expected, but a package name found
e: file:///home/leonardo/Workplace/Simple-Gallery/app/src/main/kotlin/com/simplemobiletools/gallery/pro/adapters/MediaAdapter.kt:542:59 Unresolved reference: selectedKeys
e: file:///home/leonardo/Workplace/Simple-Gallery/app/src/main/kotlin/com/simplemobiletools/gallery/pro/adapters/MediaAdapter.kt:543:53 Unresolved reference: selectedKeys
e: file:///home/leonardo/Workplace/Simple-Gallery/app/src/main/kotlin/com/simplemobiletools/gallery/pro/adapters/MediaAdapter.kt:544:33 Unresolved reference: getSelectedItemPositions
e: file:///home/leonardo/Workplace/Simple-Gallery/app/src/main/kotlin/com/simplemobiletools/gallery/pro/adapters/MediaAdapter.kt:554:37 Too many arguments for protected final fun removeSelectedItems(): Unit defined in com.simplemobiletools.gallery.pro.adapters.MediaAdapter
e: file:///home/leonardo/Workplace/Simple-Gallery/app/src/main/kotlin/com/simplemobiletools/gallery/pro/adapters/MediaAdapter.kt:560:38 Unresolved reference: selectedKeys
e: file:///home/leonardo/Workplace/Simple-Gallery/app/src/main/kotlin/com/simplemobiletools/gallery/pro/adapters/MediaAdapter.kt:560:79 Expression expected, but a package name found
e: file:///home/leonardo/Workplace/Simple-Gallery/app/src/main/kotlin/com/simplemobiletools/gallery/pro/adapters/MediaAdapter.kt:564:61 Unresolved reference: selectedKeys
e: file:///home/leonardo/Workplace/Simple-Gallery/app/src/main/kotlin/com/simplemobiletools/gallery/pro/adapters/MediaAdapter.kt:608:26 Unresolved reference: selectedKeys
e: file:///home/leonardo/Workplace/Simple-Gallery/app/src/main/kotlin/com/simplemobiletools/gallery/pro/adapters/MediaAdapter.kt:622:96 Unresolved reference: ic_play_outline_vector
e: file:///home/leonardo/Workplace/Simple-Gallery/app/src/main/kotlin/com/simplemobiletools/gallery/pro/adapters/MediaAdapter.kt:654:58 Unresolved reference: properPrimaryColor
e: file:///home/leonardo/Workplace/Simple-Gallery/app/src/main/kotlin/com/simplemobiletools/gallery/pro/adapters/MediaAdapter.kt:655:46 Unresolved reference: contrastColor
e: file:///home/leonardo/Workplace/Simple-Gallery/app/src/main/kotlin/com/simplemobiletools/gallery/pro/adapters/MediaAdapter.kt:663:49 Unresolved reference: isPathOnOTG
e: file:///home/leonardo/Workplace/Simple-Gallery/app/src/main/kotlin/com/simplemobiletools/gallery/pro/adapters/MediaAdapter.kt:679:33 Variable expected
e: file:///home/leonardo/Workplace/Simple-Gallery/app/src/main/kotlin/com/simplemobiletools/gallery/pro/adapters/MediaAdapter.kt:705:5 'onChange' overrides nothing
e: file:///home/leonardo/Workplace/Simple-Gallery/app/src/main/kotlin/com/simplemobiletools/gallery/pro/adapters/MediaItemBinding.kt:6:44 Unresolved reference: MySquareImageView
e: file:///home/leonardo/Workplace/Simple-Gallery/app/src/main/kotlin/com/simplemobiletools/gallery/pro/adapters/MediaItemBinding.kt:21:26 Unresolved reference: MySquareImageView
e: file:///home/leonardo/Workplace/Simple-Gallery/app/src/main/kotlin/com/simplemobiletools/gallery/pro/adapters/MediaItemBinding.kt:33:35 Unresolved reference: MySquareImageView
e: file:///home/leonardo/Workplace/Simple-Gallery/app/src/main/kotlin/com/simplemobiletools/gallery/pro/adapters/MediaItemBinding.kt:33:63 Cannot access class 'MySquareImageView'. Check your module classpath for missing or conflicting dependencies
e: file:///home/leonardo/Workplace/Simple-Gallery/app/src/main/kotlin/com/simplemobiletools/gallery/pro/adapters/MediaItemBinding.kt:47:35 Unresolved reference: MySquareImageView
e: file:///home/leonardo/Workplace/Simple-Gallery/app/src/main/kotlin/com/simplemobiletools/gallery/pro/adapters/MediaItemBinding.kt:47:63 Cannot access class 'MySquareImageView'. Check your module classpath for missing or conflicting dependencies
e: file:///home/leonardo/Workplace/Simple-Gallery/app/src/main/kotlin/com/simplemobiletools/gallery/pro/adapters/MediaItemBinding.kt:61:35 Unresolved reference: MySquareImageView
e: file:///home/leonardo/Workplace/Simple-Gallery/app/src/main/kotlin/com/simplemobiletools/gallery/pro/adapters/MediaItemBinding.kt:61:63 Cannot access class 'MySquareImageView'. Check your module classpath for missing or conflicting dependencies
e: file:///home/leonardo/Workplace/Simple-Gallery/app/src/main/kotlin/com/simplemobiletools/gallery/pro/adapters/MediaItemBinding.kt:75:35 Unresolved reference: MySquareImageView
e: file:///home/leonardo/Workplace/Simple-Gallery/app/src/main/kotlin/com/simplemobiletools/gallery/pro/adapters/MediaItemBinding.kt:75:63 Cannot access class 'MySquareImageView'. Check your module classpath for missing or conflicting dependencies
e: file:///home/leonardo/Workplace/Simple-Gallery/app/src/main/kotlin/com/simplemobiletools/gallery/pro/adapters/PortraitPhotosAdapter.kt:13:49 Unresolved reference: getFileKey
e: file:///home/leonardo/Workplace/Simple-Gallery/app/src/main/kotlin/com/simplemobiletools/gallery/pro/adapters/PortraitPhotosAdapter.kt:63:48 Unresolved reference: getFileKey
e: file:///home/leonardo/Workplace/Simple-Gallery/app/src/main/kotlin/com/simplemobiletools/gallery/pro/asynctasks/GetMediaAsynctask.kt:5:46 Unresolved reference: FAVORITES
e: file:///home/leonardo/Workplace/Simple-Gallery/app/src/main/kotlin/com/simplemobiletools/gallery/pro/asynctasks/GetMediaAsynctask.kt:25:44 Unresolved reference: getFolderSorting
e: file:///home/leonardo/Workplace/Simple-Gallery/app/src/main/kotlin/com/simplemobiletools/gallery/pro/asynctasks/GetMediaAsynctask.kt:41:101 Unresolved reference: FAVORITES
e: file:///home/leonardo/Workplace/Simple-Gallery/app/src/main/kotlin/com/simplemobiletools/gallery/pro/asynctasks/GetMediaAsynctask.kt:41:130 Unresolved reference: isFolderProtected
e: file:///home/leonardo/Workplace/Simple-Gallery/app/src/main/kotlin/com/simplemobiletools/gallery/pro/asynctasks/GetMediaAsynctask.kt:51:58 Unresolved reference: getFolderSorting
e: file:///home/leonardo/Workplace/Simple-Gallery/app/src/main/kotlin/com/simplemobiletools/gallery/pro/dialogs/AddRemoteServerDialog.kt:4:19 Unresolved reference: gson
e: file:///home/leonardo/Workplace/Simple-Gallery/app/src/main/kotlin/com/simplemobiletools/gallery/pro/dialogs/AddRemoteServerDialog.kt:6:49 Unresolved reference: getAlertDialogBuilder
e: file:///home/leonardo/Workplace/Simple-Gallery/app/src/main/kotlin/com/simplemobiletools/gallery/pro/dialogs/AddRemoteServerDialog.kt:23:18 Unresolved reference: getAlertDialogBuilder
e: file:///home/leonardo/Workplace/Simple-Gallery/app/src/main/kotlin/com/simplemobiletools/gallery/pro/dialogs/AddRemoteServerDialog.kt:24:41 Unresolved reference: ok
e: file:///home/leonardo/Workplace/Simple-Gallery/app/src/main/kotlin/com/simplemobiletools/gallery/pro/dialogs/AddRemoteServerDialog.kt:25:41 Unresolved reference: cancel
e: file:///home/leonardo/Workplace/Simple-Gallery/app/src/main/kotlin/com/simplemobiletools/gallery/pro/dialogs/AddRemoteServerDialog.kt:27:54 Type mismatch: inferred type is AddRemoteServerDialog but AlertDialog was expected
e: file:///home/leonardo/Workplace/Simple-Gallery/app/src/main/kotlin/com/simplemobiletools/gallery/pro/dialogs/AddRemoteServerDialog.kt:27:88 Type mismatch: inferred type is (Any?) -> Unit but (() -> Unit)? was expected
e: file:///home/leonardo/Workplace/Simple-Gallery/app/src/main/kotlin/com/simplemobiletools/gallery/pro/dialogs/AddRemoteServerDialog.kt:27:90 Cannot infer a type for this parameter. Please specify it explicitly.
e: file:///home/leonardo/Workplace/Simple-Gallery/app/src/main/kotlin/com/simplemobiletools/gallery/pro/dialogs/AddRemoteServerDialog.kt:27:90 Expected no parameters 
e: file:///home/leonardo/Workplace/Simple-Gallery/app/src/main/kotlin/com/simplemobiletools/gallery/pro/dialogs/AddRemoteServerDialog.kt:35:45 Cannot access class 'MyRadioButton'. Check your module classpath for missing or conflicting dependencies
e: file:///home/leonardo/Workplace/Simple-Gallery/app/src/main/kotlin/com/simplemobiletools/gallery/pro/dialogs/AddRemoteServerDialog.kt:35:53 Unresolved reference: isChecked
e: file:///home/leonardo/Workplace/Simple-Gallery/app/src/main/kotlin/com/simplemobiletools/gallery/pro/dialogs/AddRemoteServerDialog.kt:38:38 Unresolved reference: toast
e: file:///home/leonardo/Workplace/Simple-Gallery/app/src/main/kotlin/com/simplemobiletools/gallery/pro/dialogs/AddRemoteServerDialog.kt:47:57 Unresolved reference: Gson
e: file:///home/leonardo/Workplace/Simple-Gallery/app/src/main/kotlin/com/simplemobiletools/gallery/pro/dialogs/AllFilesPermissionDialog.kt:6:49 Unresolved reference: getAlertDialogBuilder
e: file:///home/leonardo/Workplace/Simple-Gallery/app/src/main/kotlin/com/simplemobiletools/gallery/pro/dialogs/AllFilesPermissionDialog.kt:19:18 Unresolved reference: getAlertDialogBuilder
e: file:///home/leonardo/Workplace/Simple-Gallery/app/src/main/kotlin/com/simplemobiletools/gallery/pro/dialogs/AllFilesPermissionDialog.kt:19:82 Cannot infer a type for this parameter. Please specify it explicitly.
e: file:///home/leonardo/Workplace/Simple-Gallery/app/src/main/kotlin/com/simplemobiletools/gallery/pro/dialogs/AllFilesPermissionDialog.kt:19:90 Cannot infer a type for this parameter. Please specify it explicitly.
e: file:///home/leonardo/Workplace/Simple-Gallery/app/src/main/kotlin/com/simplemobiletools/gallery/pro/dialogs/AllFilesPermissionDialog.kt:20:54 Cannot infer a type for this parameter. Please specify it explicitly.
e: file:///home/leonardo/Workplace/Simple-Gallery/app/src/main/kotlin/com/simplemobiletools/gallery/pro/dialogs/AllFilesPermissionDialog.kt:20:62 Cannot infer a type for this parameter. Please specify it explicitly.
e: file:///home/leonardo/Workplace/Simple-Gallery/app/src/main/kotlin/com/simplemobiletools/gallery/pro/dialogs/AllFilesPermissionDialog.kt:22:49 Type mismatch: inferred type is AllFilesPermissionDialog but AlertDialog was expected
e: file:///home/leonardo/Workplace/Simple-Gallery/app/src/main/kotlin/com/simplemobiletools/gallery/pro/dialogs/AllFilesPermissionDialog.kt:22:55 Type mismatch: inferred type is (Any?) -> Unit but (() -> Unit)? was expected
e: file:///home/leonardo/Workplace/Simple-Gallery/app/src/main/kotlin/com/simplemobiletools/gallery/pro/dialogs/AllFilesPermissionDialog.kt:22:57 Cannot infer a type for this parameter. Please specify it explicitly.
e: file:///home/leonardo/Workplace/Simple-Gallery/app/src/main/kotlin/com/simplemobiletools/gallery/pro/dialogs/AllFilesPermissionDialog.kt:22:57 Expected no parameters 
e: file:///home/leonardo/Workplace/Simple-Gallery/app/src/main/kotlin/com/simplemobiletools/gallery/pro/dialogs/ChangeFileThumbnailStyleDialog.kt:6:49 Unresolved reference: getAlertDialogBuilder
e: file:///home/leonardo/Workplace/Simple-Gallery/app/src/main/kotlin/com/simplemobiletools/gallery/pro/dialogs/ChangeFileThumbnailStyleDialog.kt:50:18 Unresolved reference: getAlertDialogBuilder
e: file:///home/leonardo/Workplace/Simple-Gallery/app/src/main/kotlin/com/simplemobiletools/gallery/pro/dialogs/ChangeFileThumbnailStyleDialog.kt:54:57 Type mismatch: inferred type is ChangeFileThumbnailStyleDialog but AlertDialog was expected
e: file:///home/leonardo/Workplace/Simple-Gallery/app/src/main/kotlin/com/simplemobiletools/gallery/pro/dialogs/ChangeFolderThumbnailStyleDialog.kt:26:18 Unresolved reference: getAlertDialogBuilder
e: file:///home/leonardo/Workplace/Simple-Gallery/app/src/main/kotlin/com/simplemobiletools/gallery/pro/dialogs/ChangeFolderThumbnailStyleDialog.kt:30:57 Type mismatch: inferred type is ChangeFolderThumbnailStyleDialog but AlertDialog was expected
e: file:///home/leonardo/Workplace/Simple-Gallery/app/src/main/kotlin/com/simplemobiletools/gallery/pro/dialogs/ChangeFolderThumbnailStyleDialog.kt:109:102 Unresolved reference: rounded_corner_radius_big
e: file:///home/leonardo/Workplace/Simple-Gallery/app/src/main/kotlin/com/simplemobiletools/gallery/pro/dialogs/ChangeFolderThumbnailStyleDialog.kt:111:61 Unresolved reference: getProperTextColor
e: file:///home/leonardo/Workplace/Simple-Gallery/app/src/main/kotlin/com/simplemobiletools/gallery/pro/dialogs/ChangeFolderThumbnailStyleDialog.kt:112:62 Unresolved reference: getProperTextColor
e: file:///home/leonardo/Workplace/Simple-Gallery/app/src/main/kotlin/com/simplemobiletools/gallery/pro/dialogs/ChangeGroupingDialog.kt:6:49 Unresolved reference: getAlertDialogBuilder
e: file:///home/leonardo/Workplace/Simple-Gallery/app/src/main/kotlin/com/simplemobiletools/gallery/pro/dialogs/ChangeGroupingDialog.kt:27:18 Unresolved reference: getAlertDialogBuilder
e: file:///home/leonardo/Workplace/Simple-Gallery/app/src/main/kotlin/com/simplemobiletools/gallery/pro/dialogs/ChangeGroupingDialog.kt:31:57 Type mismatch: inferred type is ChangeGroupingDialog but AlertDialog was expected
e: file:///home/leonardo/Workplace/Simple-Gallery/app/src/main/kotlin/com/simplemobiletools/gallery/pro/dialogs/ChangeSortingDialog.kt:23:83 Unresolved reference: getFolderSorting
e: file:///home/leonardo/Workplace/Simple-Gallery/app/src/main/kotlin/com/simplemobiletools/gallery/pro/dialogs/ChangeSortingDialog.kt:28:69 Unresolved reference: SORT_USE_NUMERIC_VALUE
e: file:///home/leonardo/Workplace/Simple-Gallery/app/src/main/kotlin/com/simplemobiletools/gallery/pro/dialogs/ChangeSortingDialog.kt:31:62 Unresolved reference: hasCustomSorting
e: file:///home/leonardo/Workplace/Simple-Gallery/app/src/main/kotlin/com/simplemobiletools/gallery/pro/dialogs/ChangeSortingDialog.kt:36:18 Unresolved reference: getAlertDialogBuilder
e: file:///home/leonardo/Workplace/Simple-Gallery/app/src/main/kotlin/com/simplemobiletools/gallery/pro/dialogs/ChangeSortingDialog.kt:40:57 Type mismatch: inferred type is ChangeSortingDialog but AlertDialog was expected
e: file:///home/leonardo/Workplace/Simple-Gallery/app/src/main/kotlin/com/simplemobiletools/gallery/pro/dialogs/ChangeSortingDialog.kt:64:29 Unresolved reference: SORT_BY_RANDOM
e: file:///home/leonardo/Workplace/Simple-Gallery/app/src/main/kotlin/com/simplemobiletools/gallery/pro/dialogs/ChangeSortingDialog.kt:65:29 Unresolved reference: SORT_BY_CUSTOM
e: file:///home/leonardo/Workplace/Simple-Gallery/app/src/main/kotlin/com/simplemobiletools/gallery/pro/dialogs/ChangeSortingDialog.kt:87:49 Unresolved reference: SORT_BY_RANDOM
e: file:///home/leonardo/Workplace/Simple-Gallery/app/src/main/kotlin/com/simplemobiletools/gallery/pro/dialogs/ChangeSortingDialog.kt:88:49 Unresolved reference: SORT_BY_CUSTOM
e: file:///home/leonardo/Workplace/Simple-Gallery/app/src/main/kotlin/com/simplemobiletools/gallery/pro/dialogs/ChangeSortingDialog.kt:97:34 Unresolved reference: SORT_USE_NUMERIC_VALUE
e: file:///home/leonardo/Workplace/Simple-Gallery/app/src/main/kotlin/com/simplemobiletools/gallery/pro/dialogs/ChangeSortingDialog.kt:104:24 Unresolved reference: saveCustomSorting
e: file:///home/leonardo/Workplace/Simple-Gallery/app/src/main/kotlin/com/simplemobiletools/gallery/pro/dialogs/ChangeSortingDialog.kt:106:24 Unresolved reference: removeCustomSorting
e: file:///home/leonardo/Workplace/Simple-Gallery/app/src/main/kotlin/com/simplemobiletools/gallery/pro/dialogs/ChangeViewTypeDialog.kt:5:49 Unresolved reference: getAlertDialogBuilder
e: file:///home/leonardo/Workplace/Simple-Gallery/app/src/main/kotlin/com/simplemobiletools/gallery/pro/dialogs/ChangeViewTypeDialog.kt:7:46 Unresolved reference: VIEW_TYPE_GRID
e: file:///home/leonardo/Workplace/Simple-Gallery/app/src/main/kotlin/com/simplemobiletools/gallery/pro/dialogs/ChangeViewTypeDialog.kt:8:46 Unresolved reference: VIEW_TYPE_LIST
e: file:///home/leonardo/Workplace/Simple-Gallery/app/src/main/kotlin/com/simplemobiletools/gallery/pro/dialogs/ChangeViewTypeDialog.kt:21:47 Unresolved reference: VIEW_TYPE_GRID
e: file:///home/leonardo/Workplace/Simple-Gallery/app/src/main/kotlin/com/simplemobiletools/gallery/pro/dialogs/ChangeViewTypeDialog.kt:28:37 Unresolved reference: VIEW_TYPE_GRID
e: file:///home/leonardo/Workplace/Simple-Gallery/app/src/main/kotlin/com/simplemobiletools/gallery/pro/dialogs/ChangeViewTypeDialog.kt:47:18 Unresolved reference: getAlertDialogBuilder
e: file:///home/leonardo/Workplace/Simple-Gallery/app/src/main/kotlin/com/simplemobiletools/gallery/pro/dialogs/ChangeViewTypeDialog.kt:48:77 Cannot infer a type for this parameter. Please specify it explicitly.
e: file:///home/leonardo/Workplace/Simple-Gallery/app/src/main/kotlin/com/simplemobiletools/gallery/pro/dialogs/ChangeViewTypeDialog.kt:48:85 Cannot infer a type for this parameter. Please specify it explicitly.
e: file:///home/leonardo/Workplace/Simple-Gallery/app/src/main/kotlin/com/simplemobiletools/gallery/pro/dialogs/ChangeViewTypeDialog.kt:51:57 Type mismatch: inferred type is ChangeViewTypeDialog but AlertDialog was expected
e: file:///home/leonardo/Workplace/Simple-Gallery/app/src/main/kotlin/com/simplemobiletools/gallery/pro/dialogs/ChangeViewTypeDialog.kt:57:13 Unresolved reference: VIEW_TYPE_GRID
e: file:///home/leonardo/Workplace/Simple-Gallery/app/src/main/kotlin/com/simplemobiletools/gallery/pro/dialogs/ChangeViewTypeDialog.kt:59:13 Unresolved reference: VIEW_TYPE_LIST
e: file:///home/leonardo/Workplace/Simple-Gallery/app/src/main/kotlin/com/simplemobiletools/gallery/pro/dialogs/ConfirmDeleteFolderDialog.kt:5:49 Unresolved reference: getAlertDialogBuilder
e: file:///home/leonardo/Workplace/Simple-Gallery/app/src/main/kotlin/com/simplemobiletools/gallery/pro/dialogs/ConfirmDeleteFolderDialog.kt:17:18 Unresolved reference: getAlertDialogBuilder
e: file:///home/leonardo/Workplace/Simple-Gallery/app/src/main/kotlin/com/simplemobiletools/gallery/pro/dialogs/ConfirmDeleteFolderDialog.kt:18:78 Cannot infer a type for this parameter. Please specify it explicitly.
e: file:///home/leonardo/Workplace/Simple-Gallery/app/src/main/kotlin/com/simplemobiletools/gallery/pro/dialogs/ConfirmDeleteFolderDialog.kt:18:86 Cannot infer a type for this parameter. Please specify it explicitly.
e: file:///home/leonardo/Workplace/Simple-Gallery/app/src/main/kotlin/com/simplemobiletools/gallery/pro/dialogs/ConfirmDeleteFolderDialog.kt:21:57 Type mismatch: inferred type is ConfirmDeleteFolderDialog but AlertDialog was expected
e: file:///home/leonardo/Workplace/Simple-Gallery/app/src/main/kotlin/com/simplemobiletools/gallery/pro/dialogs/ConfirmDeleteFolderDialog.kt:21:63 Type mismatch: inferred type is (Any?) -> Unit but (() -> Unit)? was expected
e: file:///home/leonardo/Workplace/Simple-Gallery/app/src/main/kotlin/com/simplemobiletools/gallery/pro/dialogs/ConfirmDeleteFolderDialog.kt:21:65 Cannot infer a type for this parameter. Please specify it explicitly.
e: file:///home/leonardo/Workplace/Simple-Gallery/app/src/main/kotlin/com/simplemobiletools/gallery/pro/dialogs/ConfirmDeleteFolderDialog.kt:21:65 Expected no parameters 
e: file:///home/leonardo/Workplace/Simple-Gallery/app/src/main/kotlin/com/simplemobiletools/gallery/pro/dialogs/CustomAspectRatioDialog.kt:6:49 Unresolved reference: getAlertDialogBuilder
e: file:///home/leonardo/Workplace/Simple-Gallery/app/src/main/kotlin/com/simplemobiletools/gallery/pro/dialogs/CustomAspectRatioDialog.kt:21:18 Unresolved reference: getAlertDialogBuilder
e: file:///home/leonardo/Workplace/Simple-Gallery/app/src/main/kotlin/com/simplemobiletools/gallery/pro/dialogs/CustomAspectRatioDialog.kt:25:57 Type mismatch: inferred type is CustomAspectRatioDialog but AlertDialog was expected
e: file:///home/leonardo/Workplace/Simple-Gallery/app/src/main/kotlin/com/simplemobiletools/gallery/pro/dialogs/CustomAspectRatioDialog.kt:25:63 Type mismatch: inferred type is (Any?) -> Unit but (() -> Unit)? was expected
e: file:///home/leonardo/Workplace/Simple-Gallery/app/src/main/kotlin/com/simplemobiletools/gallery/pro/dialogs/CustomAspectRatioDialog.kt:25:65 Cannot infer a type for this parameter. Please specify it explicitly.
e: file:///home/leonardo/Workplace/Simple-Gallery/app/src/main/kotlin/com/simplemobiletools/gallery/pro/dialogs/CustomAspectRatioDialog.kt:25:65 Expected no parameters 
e: file:///home/leonardo/Workplace/Simple-Gallery/app/src/main/kotlin/com/simplemobiletools/gallery/pro/dialogs/DeleteWithRememberDialog.kt:6:49 Unresolved reference: getAlertDialogBuilder
e: file:///home/leonardo/Workplace/Simple-Gallery/app/src/main/kotlin/com/simplemobiletools/gallery/pro/dialogs/DeleteWithRememberDialog.kt:23:18 Unresolved reference: getAlertDialogBuilder
e: file:///home/leonardo/Workplace/Simple-Gallery/app/src/main/kotlin/com/simplemobiletools/gallery/pro/dialogs/DeleteWithRememberDialog.kt:24:78 Cannot infer a type for this parameter. Please specify it explicitly.
e: file:///home/leonardo/Workplace/Simple-Gallery/app/src/main/kotlin/com/simplemobiletools/gallery/pro/dialogs/DeleteWithRememberDialog.kt:24:86 Cannot infer a type for this parameter. Please specify it explicitly.
e: file:///home/leonardo/Workplace/Simple-Gallery/app/src/main/kotlin/com/simplemobiletools/gallery/pro/dialogs/DeleteWithRememberDialog.kt:27:57 Type mismatch: inferred type is DeleteWithRememberDialog but AlertDialog was expected
e: file:///home/leonardo/Workplace/Simple-Gallery/app/src/main/kotlin/com/simplemobiletools/gallery/pro/dialogs/DeleteWithRememberDialog.kt:27:63 Type mismatch: inferred type is (Any?) -> Unit but (() -> Unit)? was expected
e: file:///home/leonardo/Workplace/Simple-Gallery/app/src/main/kotlin/com/simplemobiletools/gallery/pro/dialogs/DeleteWithRememberDialog.kt:27:65 Cannot infer a type for this parameter. Please specify it explicitly.
e: file:///home/leonardo/Workplace/Simple-Gallery/app/src/main/kotlin/com/simplemobiletools/gallery/pro/dialogs/DeleteWithRememberDialog.kt:27:65 Expected no parameters 
e: file:///home/leonardo/Workplace/Simple-Gallery/app/src/main/kotlin/com/simplemobiletools/gallery/pro/dialogs/ExcludeFolderDialog.kt:6:38 Unresolved reference: databinding
e: file:///home/leonardo/Workplace/Simple-Gallery/app/src/main/kotlin/com/simplemobiletools/gallery/pro/dialogs/ExcludeFolderDialog.kt:8:49 Unresolved reference: getAlertDialogBuilder
e: file:///home/leonardo/Workplace/Simple-Gallery/app/src/main/kotlin/com/simplemobiletools/gallery/pro/dialogs/ExcludeFolderDialog.kt:27:31 Unresolved reference: RadioButtonBinding
e: file:///home/leonardo/Workplace/Simple-Gallery/app/src/main/kotlin/com/simplemobiletools/gallery/pro/dialogs/ExcludeFolderDialog.kt:28:17 Unresolved reference: text
e: file:///home/leonardo/Workplace/Simple-Gallery/app/src/main/kotlin/com/simplemobiletools/gallery/pro/dialogs/ExcludeFolderDialog.kt:29:17 Unresolved reference: isChecked
e: file:///home/leonardo/Workplace/Simple-Gallery/app/src/main/kotlin/com/simplemobiletools/gallery/pro/dialogs/ExcludeFolderDialog.kt:30:17 Unresolved reference: id
e: file:///home/leonardo/Workplace/Simple-Gallery/app/src/main/kotlin/com/simplemobiletools/gallery/pro/dialogs/ExcludeFolderDialog.kt:35:18 Unresolved reference: getAlertDialogBuilder
e: file:///home/leonardo/Workplace/Simple-Gallery/app/src/main/kotlin/com/simplemobiletools/gallery/pro/dialogs/ExcludeFolderDialog.kt:36:77 Cannot infer a type for this parameter. Please specify it explicitly.
e: file:///home/leonardo/Workplace/Simple-Gallery/app/src/main/kotlin/com/simplemobiletools/gallery/pro/dialogs/ExcludeFolderDialog.kt:36:85 Cannot infer a type for this parameter. Please specify it explicitly.
e: file:///home/leonardo/Workplace/Simple-Gallery/app/src/main/kotlin/com/simplemobiletools/gallery/pro/dialogs/ExcludeFolderDialog.kt:39:57 Type mismatch: inferred type is ExcludeFolderDialog but AlertDialog was expected
e: file:///home/leonardo/Workplace/Simple-Gallery/app/src/main/kotlin/com/simplemobiletools/gallery/pro/dialogs/ExportFavoritesDialog.kt:41:18 Unresolved reference: getAlertDialogBuilder
e: file:///home/leonardo/Workplace/Simple-Gallery/app/src/main/kotlin/com/simplemobiletools/gallery/pro/dialogs/ExportFavoritesDialog.kt:45:57 Type mismatch: inferred type is ExportFavoritesDialog but AlertDialog was expected
e: file:///home/leonardo/Workplace/Simple-Gallery/app/src/main/kotlin/com/simplemobiletools/gallery/pro/dialogs/ExportFavoritesDialog.kt:45:95 Type mismatch: inferred type is (Any?) -> Unit but (() -> Unit)? was expected
e: file:///home/leonardo/Workplace/Simple-Gallery/app/src/main/kotlin/com/simplemobiletools/gallery/pro/dialogs/ExportFavoritesDialog.kt:45:97 Cannot infer a type for this parameter. Please specify it explicitly.
e: file:///home/leonardo/Workplace/Simple-Gallery/app/src/main/kotlin/com/simplemobiletools/gallery/pro/dialogs/ExportFavoritesDialog.kt:45:97 Expected no parameters 
e: file:///home/leonardo/Workplace/Simple-Gallery/app/src/main/kotlin/com/simplemobiletools/gallery/pro/dialogs/FilterMediaDialog.kt:4:49 Unresolved reference: getAlertDialogBuilder
e: file:///home/leonardo/Workplace/Simple-Gallery/app/src/main/kotlin/com/simplemobiletools/gallery/pro/dialogs/FilterMediaDialog.kt:25:18 Unresolved reference: getAlertDialogBuilder
e: file:///home/leonardo/Workplace/Simple-Gallery/app/src/main/kotlin/com/simplemobiletools/gallery/pro/dialogs/FilterMediaDialog.kt:26:77 Cannot infer a type for this parameter. Please specify it explicitly.
e: file:///home/leonardo/Workplace/Simple-Gallery/app/src/main/kotlin/com/simplemobiletools/gallery/pro/dialogs/FilterMediaDialog.kt:26:85 Cannot infer a type for this parameter. Please specify it explicitly.
e: file:///home/leonardo/Workplace/Simple-Gallery/app/src/main/kotlin/com/simplemobiletools/gallery/pro/dialogs/FilterMediaDialog.kt:29:57 Type mismatch: inferred type is FilterMediaDialog but AlertDialog was expected
e: file:///home/leonardo/Workplace/Simple-Gallery/app/src/main/kotlin/com/simplemobiletools/gallery/pro/dialogs/GrantAllFilesDialog.kt:5:49 Unresolved reference: getAlertDialogBuilder
e: file:///home/leonardo/Workplace/Simple-Gallery/app/src/main/kotlin/com/simplemobiletools/gallery/pro/dialogs/GrantAllFilesDialog.kt:6:49 Unresolved reference: getProperTextColor
e: file:///home/leonardo/Workplace/Simple-Gallery/app/src/main/kotlin/com/simplemobiletools/gallery/pro/dialogs/GrantAllFilesDialog.kt:14:62 Unresolved reference: getProperTextColor
e: file:///home/leonardo/Workplace/Simple-Gallery/app/src/main/kotlin/com/simplemobiletools/gallery/pro/dialogs/GrantAllFilesDialog.kt:16:18 Unresolved reference: getAlertDialogBuilder
e: file:///home/leonardo/Workplace/Simple-Gallery/app/src/main/kotlin/com/simplemobiletools/gallery/pro/dialogs/GrantAllFilesDialog.kt:17:77 Cannot infer a type for this parameter. Please specify it explicitly.
e: file:///home/leonardo/Workplace/Simple-Gallery/app/src/main/kotlin/com/simplemobiletools/gallery/pro/dialogs/GrantAllFilesDialog.kt:17:85 Cannot infer a type for this parameter. Please specify it explicitly.
e: file:///home/leonardo/Workplace/Simple-Gallery/app/src/main/kotlin/com/simplemobiletools/gallery/pro/dialogs/GrantAllFilesDialog.kt:20:57 Type mismatch: inferred type is GrantAllFilesDialog but AlertDialog was expected
e: file:///home/leonardo/Workplace/Simple-Gallery/app/src/main/kotlin/com/simplemobiletools/gallery/pro/dialogs/GrantAllFilesDialog.kt:20:63 Type mismatch: inferred type is (Any?) -> Unit but (() -> Unit)? was expected
e: file:///home/leonardo/Workplace/Simple-Gallery/app/src/main/kotlin/com/simplemobiletools/gallery/pro/dialogs/GrantAllFilesDialog.kt:20:65 Cannot infer a type for this parameter. Please specify it explicitly.
e: file:///home/leonardo/Workplace/Simple-Gallery/app/src/main/kotlin/com/simplemobiletools/gallery/pro/dialogs/GrantAllFilesDialog.kt:20:65 Expected no parameters 
e: file:///home/leonardo/Workplace/Simple-Gallery/app/src/main/kotlin/com/simplemobiletools/gallery/pro/dialogs/ManageBottomActionsDialog.kt:4:49 Unresolved reference: getAlertDialogBuilder
e: file:///home/leonardo/Workplace/Simple-Gallery/app/src/main/kotlin/com/simplemobiletools/gallery/pro/dialogs/ManageBottomActionsDialog.kt:33:18 Unresolved reference: getAlertDialogBuilder
e: file:///home/leonardo/Workplace/Simple-Gallery/app/src/main/kotlin/com/simplemobiletools/gallery/pro/dialogs/ManageBottomActionsDialog.kt:34:77 Cannot infer a type for this parameter. Please specify it explicitly.
e: file:///home/leonardo/Workplace/Simple-Gallery/app/src/main/kotlin/com/simplemobiletools/gallery/pro/dialogs/ManageBottomActionsDialog.kt:34:85 Cannot infer a type for this parameter. Please specify it explicitly.
e: file:///home/leonardo/Workplace/Simple-Gallery/app/src/main/kotlin/com/simplemobiletools/gallery/pro/dialogs/ManageBottomActionsDialog.kt:37:57 Type mismatch: inferred type is ManageBottomActionsDialog but AlertDialog was expected
e: file:///home/leonardo/Workplace/Simple-Gallery/app/src/main/kotlin/com/simplemobiletools/gallery/pro/dialogs/ManageExtendedDetailsDialog.kt:4:49 Unresolved reference: getAlertDialogBuilder
e: file:///home/leonardo/Workplace/Simple-Gallery/app/src/main/kotlin/com/simplemobiletools/gallery/pro/dialogs/ManageExtendedDetailsDialog.kt:27:18 Unresolved reference: getAlertDialogBuilder
e: file:///home/leonardo/Workplace/Simple-Gallery/app/src/main/kotlin/com/simplemobiletools/gallery/pro/dialogs/ManageExtendedDetailsDialog.kt:28:77 Cannot infer a type for this parameter. Please specify it explicitly.
e: file:///home/leonardo/Workplace/Simple-Gallery/app/src/main/kotlin/com/simplemobiletools/gallery/pro/dialogs/ManageExtendedDetailsDialog.kt:28:85 Cannot infer a type for this parameter. Please specify it explicitly.
e: file:///home/leonardo/Workplace/Simple-Gallery/app/src/main/kotlin/com/simplemobiletools/gallery/pro/dialogs/ManageExtendedDetailsDialog.kt:31:57 Type mismatch: inferred type is ManageExtendedDetailsDialog but AlertDialog was expected
e: file:///home/leonardo/Workplace/Simple-Gallery/app/src/main/kotlin/com/simplemobiletools/gallery/pro/dialogs/OtherAspectRatioDialog.kt:5:49 Unresolved reference: getAlertDialogBuilder
e: file:///home/leonardo/Workplace/Simple-Gallery/app/src/main/kotlin/com/simplemobiletools/gallery/pro/dialogs/OtherAspectRatioDialog.kt:60:18 Unresolved reference: getAlertDialogBuilder
e: file:///home/leonardo/Workplace/Simple-Gallery/app/src/main/kotlin/com/simplemobiletools/gallery/pro/dialogs/OtherAspectRatioDialog.kt:63:57 Type mismatch: inferred type is OtherAspectRatioDialog but AlertDialog was expected
e: file:///home/leonardo/Workplace/Simple-Gallery/app/src/main/kotlin/com/simplemobiletools/gallery/pro/dialogs/OtherAspectRatioDialog.kt:63:63 Type mismatch: inferred type is (Any?) -> Unit but (() -> Unit)? was expected
e: file:///home/leonardo/Workplace/Simple-Gallery/app/src/main/kotlin/com/simplemobiletools/gallery/pro/dialogs/OtherAspectRatioDialog.kt:63:65 Cannot infer a type for this parameter. Please specify it explicitly.
e: file:///home/leonardo/Workplace/Simple-Gallery/app/src/main/kotlin/com/simplemobiletools/gallery/pro/dialogs/OtherAspectRatioDialog.kt:63:65 Expected no parameters 
e: file:///home/leonardo/Workplace/Simple-Gallery/app/src/main/kotlin/com/simplemobiletools/gallery/pro/dialogs/PickDirectoryDialog.kt:12:46 Unresolved reference: VIEW_TYPE_GRID
e: file:///home/leonardo/Workplace/Simple-Gallery/app/src/main/kotlin/com/simplemobiletools/gallery/pro/dialogs/PickDirectoryDialog.kt:14:44 Unresolved reference: MySearchMenu
e: file:///home/leonardo/Workplace/Simple-Gallery/app/src/main/kotlin/com/simplemobiletools/gallery/pro/dialogs/PickDirectoryDialog.kt:35:69 Unresolved reference: VIEW_TYPE_GRID
e: file:///home/leonardo/Workplace/Simple-Gallery/app/src/main/kotlin/com/simplemobiletools/gallery/pro/dialogs/PickDirectoryDialog.kt:39:38 Cannot access class 'MySearchMenu'. Check your module classpath for missing or conflicting dependencies
e: file:///home/leonardo/Workplace/Simple-Gallery/app/src/main/kotlin/com/simplemobiletools/gallery/pro/dialogs/PickDirectoryDialog.kt:40:34 Cannot access class 'MySearchMenu'. Check your module classpath for missing or conflicting dependencies
e: file:///home/leonardo/Workplace/Simple-Gallery/app/src/main/kotlin/com/simplemobiletools/gallery/pro/dialogs/PickDirectoryDialog.kt:40:45 Unresolved reference: binding
e: file:///home/leonardo/Workplace/Simple-Gallery/app/src/main/kotlin/com/simplemobiletools/gallery/pro/dialogs/PickDirectoryDialog.kt:41:42 Cannot access class 'MySearchMenu'. Check your module classpath for missing or conflicting dependencies
e: file:///home/leonardo/Workplace/Simple-Gallery/app/src/main/kotlin/com/simplemobiletools/gallery/pro/dialogs/PickDirectoryDialog.kt:41:53 Unresolved reference: binding
e: file:///home/leonardo/Workplace/Simple-Gallery/app/src/main/kotlin/com/simplemobiletools/gallery/pro/dialogs/PickDirectoryDialog.kt:49:17 Cannot access class 'RecyclerViewFastScroller'. Check your module classpath for missing or conflicting dependencies
e: file:///home/leonardo/Workplace/Simple-Gallery/app/src/main/kotlin/com/simplemobiletools/gallery/pro/dialogs/PickDirectoryDialog.kt:49:41 Unresolved reference: updateColors
e: file:///home/leonardo/Workplace/Simple-Gallery/app/src/main/kotlin/com/simplemobiletools/gallery/pro/dialogs/PickDirectoryDialog.kt:49:63 Unresolved reference: getProperPrimaryColor
e: file:///home/leonardo/Workplace/Simple-Gallery/app/src/main/kotlin/com/simplemobiletools/gallery/pro/dialogs/PickDirectoryDialog.kt:53:32 Unresolved reference: getAlertDialogBuilder
e: file:///home/leonardo/Workplace/Simple-Gallery/app/src/main/kotlin/com/simplemobiletools/gallery/pro/dialogs/PickDirectoryDialog.kt:56:33 Cannot infer a type for this parameter. Please specify it explicitly.
e: file:///home/leonardo/Workplace/Simple-Gallery/app/src/main/kotlin/com/simplemobiletools/gallery/pro/dialogs/PickDirectoryDialog.kt:56:50 Cannot infer a type for this parameter. Please specify it explicitly.
e: file:///home/leonardo/Workplace/Simple-Gallery/app/src/main/kotlin/com/simplemobiletools/gallery/pro/dialogs/PickDirectoryDialog.kt:56:53 Cannot infer a type for this parameter. Please specify it explicitly.
e: file:///home/leonardo/Workplace/Simple-Gallery/app/src/main/kotlin/com/simplemobiletools/gallery/pro/dialogs/PickDirectoryDialog.kt:64:63 Cannot infer a type for this parameter. Please specify it explicitly.
e: file:///home/leonardo/Workplace/Simple-Gallery/app/src/main/kotlin/com/simplemobiletools/gallery/pro/dialogs/PickDirectoryDialog.kt:64:80 Cannot infer a type for this parameter. Please specify it explicitly.
e: file:///home/leonardo/Workplace/Simple-Gallery/app/src/main/kotlin/com/simplemobiletools/gallery/pro/dialogs/PickDirectoryDialog.kt:68:53 Type mismatch: inferred type is PickDirectoryDialog but AlertDialog was expected
e: file:///home/leonardo/Workplace/Simple-Gallery/app/src/main/kotlin/com/simplemobiletools/gallery/pro/dialogs/PickDirectoryDialog.kt:68:118 Type mismatch: inferred type is (Any?) -> Unit but (() -> Unit)? was expected
e: file:///home/leonardo/Workplace/Simple-Gallery/app/src/main/kotlin/com/simplemobiletools/gallery/pro/dialogs/PickDirectoryDialog.kt:68:120 Cannot infer a type for this parameter. Please specify it explicitly.
e: file:///home/leonardo/Workplace/Simple-Gallery/app/src/main/kotlin/com/simplemobiletools/gallery/pro/dialogs/PickDirectoryDialog.kt:68:120 Expected no parameters 
e: file:///home/leonardo/Workplace/Simple-Gallery/app/src/main/kotlin/com/simplemobiletools/gallery/pro/dialogs/PickDirectoryDialog.kt:70:60 Unresolved reference: context
e: file:///home/leonardo/Workplace/Simple-Gallery/app/src/main/kotlin/com/simplemobiletools/gallery/pro/dialogs/PickDirectoryDialog.kt:84:41 Cannot access class 'MySearchMenu'. Check your module classpath for missing or conflicting dependencies
e: file:///home/leonardo/Workplace/Simple-Gallery/app/src/main/kotlin/com/simplemobiletools/gallery/pro/dialogs/PickDirectoryDialog.kt:84:46 Cannot access class 'MySearchMenu'. Check your module classpath for missing or conflicting dependencies
e: file:///home/leonardo/Workplace/Simple-Gallery/app/src/main/kotlin/com/simplemobiletools/gallery/pro/dialogs/PickDirectoryDialog.kt:85:9 Unresolved reference: updateHintText
e: file:///home/leonardo/Workplace/Simple-Gallery/app/src/main/kotlin/com/simplemobiletools/gallery/pro/dialogs/PickDirectoryDialog.kt:85:24 Unresolved reference: context
e: file:///home/leonardo/Workplace/Simple-Gallery/app/src/main/kotlin/com/simplemobiletools/gallery/pro/dialogs/PickDirectoryDialog.kt:85:81 Unresolved reference: search_folders
e: file:///home/leonardo/Workplace/Simple-Gallery/app/src/main/kotlin/com/simplemobiletools/gallery/pro/dialogs/PickDirectoryDialog.kt:86:24 Variable expected
e: file:///home/leonardo/Workplace/Simple-Gallery/app/src/main/kotlin/com/simplemobiletools/gallery/pro/dialogs/PickDirectoryDialog.kt:88:9 Unresolved reference: toggleHideOnScroll
e: file:///home/leonardo/Workplace/Simple-Gallery/app/src/main/kotlin/com/simplemobiletools/gallery/pro/dialogs/PickDirectoryDialog.kt:89:9 Unresolved reference: setupMenu
e: file:///home/leonardo/Workplace/Simple-Gallery/app/src/main/kotlin/com/simplemobiletools/gallery/pro/dialogs/PickDirectoryDialog.kt:94:17 Unresolved reference: MySearchMenu
e: file:///home/leonardo/Workplace/Simple-Gallery/app/src/main/kotlin/com/simplemobiletools/gallery/pro/dialogs/PickDirectoryDialog.kt:101:17 Unresolved reference: MySearchMenu
e: file:///home/leonardo/Workplace/Simple-Gallery/app/src/main/kotlin/com/simplemobiletools/gallery/pro/dialogs/PickDirectoryDialog.kt:102:9 Variable expected
e: file:///home/leonardo/Workplace/Simple-Gallery/app/src/main/kotlin/com/simplemobiletools/gallery/pro/dialogs/PickDirectoryDialog.kt:106:9 Variable expected
e: file:///home/leonardo/Workplace/Simple-Gallery/app/src/main/kotlin/com/simplemobiletools/gallery/pro/dialogs/PickDirectoryDialog.kt:112:9 Variable expected
e: file:///home/leonardo/Workplace/Simple-Gallery/app/src/main/kotlin/com/simplemobiletools/gallery/pro/dialogs/PickDirectoryDialog.kt:112:41 Cannot infer a type for this parameter. Please specify it explicitly.
e: file:///home/leonardo/Workplace/Simple-Gallery/app/src/main/kotlin/com/simplemobiletools/gallery/pro/dialogs/PickDirectoryDialog.kt:117:60 Not enough information to infer type variable R
e: file:///home/leonardo/Workplace/Simple-Gallery/app/src/main/kotlin/com/simplemobiletools/gallery/pro/dialogs/PickDirectoryDialog.kt:117:65 Cannot access class 'MySearchMenu'. Check your module classpath for missing or conflicting dependencies
e: file:///home/leonardo/Workplace/Simple-Gallery/app/src/main/kotlin/com/simplemobiletools/gallery/pro/dialogs/PickDirectoryDialog.kt:117:76 Unresolved reference: binding
e: file:///home/leonardo/Workplace/Simple-Gallery/app/src/main/kotlin/com/simplemobiletools/gallery/pro/dialogs/PickDirectoryDialog.kt:147:13 Cannot access class 'MySearchMenu'. Check your module classpath for missing or conflicting dependencies
e: file:///home/leonardo/Workplace/Simple-Gallery/app/src/main/kotlin/com/simplemobiletools/gallery/pro/dialogs/PickDirectoryDialog.kt:147:30 Unresolved reference: isSearchOpen
e: file:///home/leonardo/Workplace/Simple-Gallery/app/src/main/kotlin/com/simplemobiletools/gallery/pro/dialogs/PickDirectoryDialog.kt:151:9 Cannot access class 'RecyclerViewFastScroller'. Check your module classpath for missing or conflicting dependencies
e: file:///home/leonardo/Workplace/Simple-Gallery/app/src/main/kotlin/com/simplemobiletools/gallery/pro/dialogs/PickDirectoryDialog.kt:151:33 Unresolved reference. None of the following candidates is applicable because of receiver type mismatch: 
public fun View.beVisibleIf(beVisible: Boolean): Unit defined in com.simplemobiletools.commons.extensions
e: file:///home/leonardo/Workplace/Simple-Gallery/app/src/main/kotlin/com/simplemobiletools/gallery/pro/dialogs/PickDirectoryDialog.kt:172:22 Unresolved reference: getDefaultCopyDestinationPath
e: file:///home/leonardo/Workplace/Simple-Gallery/app/src/main/kotlin/com/simplemobiletools/gallery/pro/dialogs/PickDirectoryDialog.kt:176:13 The boolean literal does not conform to the expected type (String) -> Unit
e: file:///home/leonardo/Workplace/Simple-Gallery/app/src/main/kotlin/com/simplemobiletools/gallery/pro/dialogs/PickDirectoryDialog.kt:177:11 Too many arguments for public constructor FilePickerDialog(activity: BaseSimpleActivity, currPath: String = ..., pickFile: Boolean = ..., showHidden: Boolean = ..., showFAB: Boolean = ..., callback: (pickedPath: String) -> Unit) defined in com.simplemobiletools.commons.dialogs.FilePickerDialog
e: file:///home/leonardo/Workplace/Simple-Gallery/app/src/main/kotlin/com/simplemobiletools/gallery/pro/dialogs/PickDirectoryDialog.kt:178:20 Unresolved reference: lastCopyPath
e: file:///home/leonardo/Workplace/Simple-Gallery/app/src/main/kotlin/com/simplemobiletools/gallery/pro/dialogs/PickDirectoryDialog.kt:178:35 Expression expected, but a package name found
e: file:///home/leonardo/Workplace/Simple-Gallery/app/src/main/kotlin/com/simplemobiletools/gallery/pro/dialogs/PickDirectoryDialog.kt:179:22 Unresolved reference: handleLockedFolderOpening
e: file:///home/leonardo/Workplace/Simple-Gallery/app/src/main/kotlin/com/simplemobiletools/gallery/pro/dialogs/PickDirectoryDialog.kt:179:48 Expression expected, but a package name found
e: file:///home/leonardo/Workplace/Simple-Gallery/app/src/main/kotlin/com/simplemobiletools/gallery/pro/dialogs/PickDirectoryDialog.kt:179:54 Cannot infer a type for this parameter. Please specify it explicitly.
e: file:///home/leonardo/Workplace/Simple-Gallery/app/src/main/kotlin/com/simplemobiletools/gallery/pro/dialogs/PickDirectoryDialog.kt:181:30 Expression expected, but a package name found
e: file:///home/leonardo/Workplace/Simple-Gallery/app/src/main/kotlin/com/simplemobiletools/gallery/pro/dialogs/PickDirectoryDialog.kt:208:69 Unresolved reference: isRestrictedWithSAFSdk30
e: file:///home/leonardo/Workplace/Simple-Gallery/app/src/main/kotlin/com/simplemobiletools/gallery/pro/dialogs/PickDirectoryDialog.kt:208:113 Unresolved reference: isInDownloadDir
e: file:///home/leonardo/Workplace/Simple-Gallery/app/src/main/kotlin/com/simplemobiletools/gallery/pro/dialogs/PickDirectoryDialog.kt:209:75 Unresolved reference: system_folder_copy_restriction
e: file:///home/leonardo/Workplace/Simple-Gallery/app/src/main/kotlin/com/simplemobiletools/gallery/pro/dialogs/PickDirectoryDialog.kt:212:30 Unresolved reference: handleLockedFolderOpening
e: file:///home/leonardo/Workplace/Simple-Gallery/app/src/main/kotlin/com/simplemobiletools/gallery/pro/dialogs/PickDirectoryDialog.kt:212:64 Cannot infer a type for this parameter. Please specify it explicitly.
e: file:///home/leonardo/Workplace/Simple-Gallery/app/src/main/kotlin/com/simplemobiletools/gallery/pro/dialogs/PickDirectoryDialog.kt:229:13 Cannot access class 'RecyclerViewFastScroller'. Check your module classpath for missing or conflicting dependencies
e: file:///home/leonardo/Workplace/Simple-Gallery/app/src/main/kotlin/com/simplemobiletools/gallery/pro/dialogs/PickDirectoryDialog.kt:229:37 Unresolved reference: setScrollVertically
e: file:///home/leonardo/Workplace/Simple-Gallery/app/src/main/kotlin/com/simplemobiletools/gallery/pro/dialogs/PickDirectoryDialog.kt:234:13 Cannot access class 'MySearchMenu'. Check your module classpath for missing or conflicting dependencies
e: file:///home/leonardo/Workplace/Simple-Gallery/app/src/main/kotlin/com/simplemobiletools/gallery/pro/dialogs/PickDirectoryDialog.kt:234:24 Unresolved reference: isSearchOpen
e: file:///home/leonardo/Workplace/Simple-Gallery/app/src/main/kotlin/com/simplemobiletools/gallery/pro/dialogs/PickDirectoryDialog.kt:235:13 Cannot access class 'MySearchMenu'. Check your module classpath for missing or conflicting dependencies
e: file:///home/leonardo/Workplace/Simple-Gallery/app/src/main/kotlin/com/simplemobiletools/gallery/pro/dialogs/PickDirectoryDialog.kt:235:24 Unresolved reference: closeSearch
e: file:///home/leonardo/Workplace/Simple-Gallery/app/src/main/kotlin/com/simplemobiletools/gallery/pro/dialogs/PickMediumDialog.kt:6:49 Unresolved reference: getAlertDialogBuilder
e: file:///home/leonardo/Workplace/Simple-Gallery/app/src/main/kotlin/com/simplemobiletools/gallery/pro/dialogs/PickMediumDialog.kt:7:49 Unresolved reference: getProperPrimaryColor
e: file:///home/leonardo/Workplace/Simple-Gallery/app/src/main/kotlin/com/simplemobiletools/gallery/pro/dialogs/PickMediumDialog.kt:9:46 Unresolved reference: VIEW_TYPE_GRID
e: file:///home/leonardo/Workplace/Simple-Gallery/app/src/main/kotlin/com/simplemobiletools/gallery/pro/dialogs/PickMediumDialog.kt:29:46 Unresolved reference: VIEW_TYPE_GRID
e: file:///home/leonardo/Workplace/Simple-Gallery/app/src/main/kotlin/com/simplemobiletools/gallery/pro/dialogs/PickMediumDialog.kt:37:17 Cannot access class 'RecyclerViewFastScroller'. Check your module classpath for missing or conflicting dependencies
e: file:///home/leonardo/Workplace/Simple-Gallery/app/src/main/kotlin/com/simplemobiletools/gallery/pro/dialogs/PickMediumDialog.kt:37:35 Unresolved reference: updateColors
e: file:///home/leonardo/Workplace/Simple-Gallery/app/src/main/kotlin/com/simplemobiletools/gallery/pro/dialogs/PickMediumDialog.kt:37:57 Unresolved reference: getProperPrimaryColor
e: file:///home/leonardo/Workplace/Simple-Gallery/app/src/main/kotlin/com/simplemobiletools/gallery/pro/dialogs/PickMediumDialog.kt:39:18 Unresolved reference: getAlertDialogBuilder
e: file:///home/leonardo/Workplace/Simple-Gallery/app/src/main/kotlin/com/simplemobiletools/gallery/pro/dialogs/PickMediumDialog.kt:42:56 Cannot infer a type for this parameter. Please specify it explicitly.
e: file:///home/leonardo/Workplace/Simple-Gallery/app/src/main/kotlin/com/simplemobiletools/gallery/pro/dialogs/PickMediumDialog.kt:42:73 Cannot infer a type for this parameter. Please specify it explicitly.
e: file:///home/leonardo/Workplace/Simple-Gallery/app/src/main/kotlin/com/simplemobiletools/gallery/pro/dialogs/PickMediumDialog.kt:44:57 Type mismatch: inferred type is PickMediumDialog but AlertDialog was expected
e: file:///home/leonardo/Workplace/Simple-Gallery/app/src/main/kotlin/com/simplemobiletools/gallery/pro/dialogs/PickMediumDialog.kt:44:102 Unresolved reference: select_photo
e: file:///home/leonardo/Workplace/Simple-Gallery/app/src/main/kotlin/com/simplemobiletools/gallery/pro/dialogs/PickMediumDialog.kt:44:116 Type mismatch: inferred type is (Any?) -> Unit but (() -> Unit)? was expected
e: file:///home/leonardo/Workplace/Simple-Gallery/app/src/main/kotlin/com/simplemobiletools/gallery/pro/dialogs/PickMediumDialog.kt:44:118 Cannot infer a type for this parameter. Please specify it explicitly.
e: file:///home/leonardo/Workplace/Simple-Gallery/app/src/main/kotlin/com/simplemobiletools/gallery/pro/dialogs/PickMediumDialog.kt:44:118 Expected no parameters 
e: file:///home/leonardo/Workplace/Simple-Gallery/app/src/main/kotlin/com/simplemobiletools/gallery/pro/dialogs/PickMediumDialog.kt:85:13 Cannot access class 'RecyclerViewFastScroller'. Check your module classpath for missing or conflicting dependencies
e: file:///home/leonardo/Workplace/Simple-Gallery/app/src/main/kotlin/com/simplemobiletools/gallery/pro/dialogs/PickMediumDialog.kt:85:31 Unresolved reference: setScrollVertically
e: file:///home/leonardo/Workplace/Simple-Gallery/app/src/main/kotlin/com/simplemobiletools/gallery/pro/dialogs/ResizeDialog.kt:22:19 Unresolved reference: onTextChangeListener
e: file:///home/leonardo/Workplace/Simple-Gallery/app/src/main/kotlin/com/simplemobiletools/gallery/pro/dialogs/ResizeDialog.kt:36:20 Unresolved reference: onTextChangeListener
e: file:///home/leonardo/Workplace/Simple-Gallery/app/src/main/kotlin/com/simplemobiletools/gallery/pro/dialogs/ResizeDialog.kt:50:18 Unresolved reference: getAlertDialogBuilder
e: file:///home/leonardo/Workplace/Simple-Gallery/app/src/main/kotlin/com/simplemobiletools/gallery/pro/dialogs/ResizeDialog.kt:54:57 Type mismatch: inferred type is ResizeDialog but AlertDialog was expected
e: file:///home/leonardo/Workplace/Simple-Gallery/app/src/main/kotlin/com/simplemobiletools/gallery/pro/dialogs/ResizeDialog.kt:54:89 Type mismatch: inferred type is (Any?) -> Unit but (() -> Unit)? was expected
e: file:///home/leonardo/Workplace/Simple-Gallery/app/src/main/kotlin/com/simplemobiletools/gallery/pro/dialogs/ResizeDialog.kt:54:91 Cannot infer a type for this parameter. Please specify it explicitly.
e: file:///home/leonardo/Workplace/Simple-Gallery/app/src/main/kotlin/com/simplemobiletools/gallery/pro/dialogs/ResizeDialog.kt:54:91 Expected no parameters 
e: file:///home/leonardo/Workplace/Simple-Gallery/app/src/main/kotlin/com/simplemobiletools/gallery/pro/dialogs/ResizeMultipleImagesDialog.kt:7:46 Unresolved reference: ensureBackgroundThread
e: file:///home/leonardo/Workplace/Simple-Gallery/app/src/main/kotlin/com/simplemobiletools/gallery/pro/dialogs/ResizeMultipleImagesDialog.kt:27:40 Cannot access class 'LinearProgressIndicator'. Check your module classpath for missing or conflicting dependencies
e: file:///home/leonardo/Workplace/Simple-Gallery/app/src/main/kotlin/com/simplemobiletools/gallery/pro/dialogs/ResizeMultipleImagesDialog.kt:32:9 Cannot access class 'LinearProgressIndicator'. Check your module classpath for missing or conflicting dependencies
e: file:///home/leonardo/Workplace/Simple-Gallery/app/src/main/kotlin/com/simplemobiletools/gallery/pro/dialogs/ResizeMultipleImagesDialog.kt:32:22 Cannot access class 'LinearProgressIndicator'. Check your module classpath for missing or conflicting dependencies
e: file:///home/leonardo/Workplace/Simple-Gallery/app/src/main/kotlin/com/simplemobiletools/gallery/pro/dialogs/ResizeMultipleImagesDialog.kt:33:13 Function invocation 'max(...)' expected
e: file:///home/leonardo/Workplace/Simple-Gallery/app/src/main/kotlin/com/simplemobiletools/gallery/pro/dialogs/ResizeMultipleImagesDialog.kt:33:13 Unresolved reference. None of the following candidates is applicable because of receiver type mismatch: 
public fun <T : Comparable<TypeVariable(T)>> Array<out TypeVariable(T)>.max(): TypeVariable(T) defined in kotlin.collections
public fun Array<out Double>.max(): Double defined in kotlin.collections
public fun Array<out Float>.max(): Float defined in kotlin.collections
public fun ByteArray.max(): Byte defined in kotlin.collections
public fun CharArray.max(): Char defined in kotlin.collections
public fun CharSequence.max(): Char defined in kotlin.text
public fun DoubleArray.max(): Double defined in kotlin.collections
public fun FloatArray.max(): Float defined in kotlin.collections
public fun IntArray.max(): Int defined in kotlin.collections
public fun LongArray.max(): Long defined in kotlin.collections
public fun ShortArray.max(): Short defined in kotlin.collections
public fun UByteArray.max(): UByte defined in kotlin.collections
public fun UIntArray.max(): UInt defined in kotlin.collections
public fun ULongArray.max(): ULong defined in kotlin.collections
public fun UShortArray.max(): UShort defined in kotlin.collections
public fun <T : Comparable<TypeVariable(T)>> Iterable<TypeVariable(T)>.max(): TypeVariable(T) defined in kotlin.collections
public fun Iterable<Double>.max(): Double defined in kotlin.collections
public fun Iterable<Float>.max(): Float defined in kotlin.collections
public fun <T : Comparable<TypeVariable(T)>> Sequence<TypeVariable(T)>.max(): TypeVariable(T) defined in kotlin.sequences
public fun Sequence<Double>.max(): Double defined in kotlin.sequences
public fun Sequence<Float>.max(): Float defined in kotlin.sequences
e: file:///home/leonardo/Workplace/Simple-Gallery/app/src/main/kotlin/com/simplemobiletools/gallery/pro/dialogs/ResizeMultipleImagesDialog.kt:34:13 Unresolved reference: setIndicatorColor
e: file:///home/leonardo/Workplace/Simple-Gallery/app/src/main/kotlin/com/simplemobiletools/gallery/pro/dialogs/ResizeMultipleImagesDialog.kt:34:40 Unresolved reference: getProperPrimaryColor
e: file:///home/leonardo/Workplace/Simple-Gallery/app/src/main/kotlin/com/simplemobiletools/gallery/pro/dialogs/ResizeMultipleImagesDialog.kt:37:18 Unresolved reference: getAlertDialogBuilder
e: file:///home/leonardo/Workplace/Simple-Gallery/app/src/main/kotlin/com/simplemobiletools/gallery/pro/dialogs/ResizeMultipleImagesDialog.kt:41:57 Type mismatch: inferred type is ResizeMultipleImagesDialog but AlertDialog was expected
e: file:///home/leonardo/Workplace/Simple-Gallery/app/src/main/kotlin/com/simplemobiletools/gallery/pro/dialogs/ResizeMultipleImagesDialog.kt:41:96 Type mismatch: inferred type is (Any?) -> Unit but (() -> Unit)? was expected
e: file:///home/leonardo/Workplace/Simple-Gallery/app/src/main/kotlin/com/simplemobiletools/gallery/pro/dialogs/ResizeMultipleImagesDialog.kt:41:98 Cannot infer a type for this parameter. Please specify it explicitly.
e: file:///home/leonardo/Workplace/Simple-Gallery/app/src/main/kotlin/com/simplemobiletools/gallery/pro/dialogs/ResizeMultipleImagesDialog.kt:41:98 Expected no parameters 
e: file:///home/leonardo/Workplace/Simple-Gallery/app/src/main/kotlin/com/simplemobiletools/gallery/pro/dialogs/ResizeMultipleImagesDialog.kt:57:41 Cannot access class 'MyTextInputLayout'. Check your module classpath for missing or conflicting dependencies
e: file:///home/leonardo/Workplace/Simple-Gallery/app/src/main/kotlin/com/simplemobiletools/gallery/pro/dialogs/ResizeMultipleImagesDialog.kt:58:29 Cannot access class 'MyTextInputLayout'. Check your module classpath for missing or conflicting dependencies
e: file:///home/leonardo/Workplace/Simple-Gallery/app/src/main/kotlin/com/simplemobiletools/gallery/pro/dialogs/ResizeMultipleImagesDialog.kt:58:32 Unresolved reference: isEnabled
e: file:///home/leonardo/Workplace/Simple-Gallery/app/src/main/kotlin/com/simplemobiletools/gallery/pro/dialogs/ResizeMultipleImagesDialog.kt:59:29 Cannot access class 'MyTextInputLayout'. Check your module classpath for missing or conflicting dependencies
e: file:///home/leonardo/Workplace/Simple-Gallery/app/src/main/kotlin/com/simplemobiletools/gallery/pro/dialogs/ResizeMultipleImagesDialog.kt:59:32 Unresolved reference: alpha
e: file:///home/leonardo/Workplace/Simple-Gallery/app/src/main/kotlin/com/simplemobiletools/gallery/pro/dialogs/ResizeMultipleImagesDialog.kt:68:9 Cannot access class 'LinearProgressIndicator'. Check your module classpath for missing or conflicting dependencies
e: file:///home/leonardo/Workplace/Simple-Gallery/app/src/main/kotlin/com/simplemobiletools/gallery/pro/dialogs/ResizeMultipleImagesDialog.kt:68:22 Unresolved reference: show
e: file:///home/leonardo/Workplace/Simple-Gallery/app/src/main/kotlin/com/simplemobiletools/gallery/pro/dialogs/ResizeMultipleImagesDialog.kt:81:17 Unresolved reference: ensureBackgroundThread
e: file:///home/leonardo/Workplace/Simple-Gallery/app/src/main/kotlin/com/simplemobiletools/gallery/pro/dialogs/ResizeMultipleImagesDialog.kt:93:41 Cannot access class 'LinearProgressIndicator'. Check your module classpath for missing or conflicting dependencies
e: file:///home/leonardo/Workplace/Simple-Gallery/app/src/main/kotlin/com/simplemobiletools/gallery/pro/dialogs/ResizeMultipleImagesDialog.kt:93:54 Unresolved reference: progress
e: file:///home/leonardo/Workplace/Simple-Gallery/app/src/main/kotlin/com/simplemobiletools/gallery/pro/dialogs/ResizeWithPathDialog.kt:32:101 The boolean literal does not conform to the expected type (String) -> Unit
e: file:///home/leonardo/Workplace/Simple-Gallery/app/src/main/kotlin/com/simplemobiletools/gallery/pro/dialogs/ResizeWithPathDialog.kt:32:107 Too many arguments for public constructor FilePickerDialog(activity: BaseSimpleActivity, currPath: String = ..., pickFile: Boolean = ..., showHidden: Boolean = ..., showFAB: Boolean = ..., callback: (pickedPath: String) -> Unit) defined in com.simplemobiletools.commons.dialogs.FilePickerDialog
e: file:///home/leonardo/Workplace/Simple-Gallery/app/src/main/kotlin/com/simplemobiletools/gallery/pro/dialogs/ResizeWithPathDialog.kt:33:58 Type mismatch: inferred type is View! but String was expected
e: file:///home/leonardo/Workplace/Simple-Gallery/app/src/main/kotlin/com/simplemobiletools/gallery/pro/dialogs/ResizeWithPathDialog.kt:34:32 Type mismatch: inferred type is View! but String was expected
e: file:///home/leonardo/Workplace/Simple-Gallery/app/src/main/kotlin/com/simplemobiletools/gallery/pro/dialogs/ResizeWithPathDialog.kt:47:19 Unresolved reference: onTextChangeListener
e: file:///home/leonardo/Workplace/Simple-Gallery/app/src/main/kotlin/com/simplemobiletools/gallery/pro/dialogs/ResizeWithPathDialog.kt:59:20 Unresolved reference: onTextChangeListener
e: file:///home/leonardo/Workplace/Simple-Gallery/app/src/main/kotlin/com/simplemobiletools/gallery/pro/dialogs/ResizeWithPathDialog.kt:71:18 Unresolved reference: getAlertDialogBuilder
e: file:///home/leonardo/Workplace/Simple-Gallery/app/src/main/kotlin/com/simplemobiletools/gallery/pro/dialogs/ResizeWithPathDialog.kt:75:57 Type mismatch: inferred type is ResizeWithPathDialog but AlertDialog was expected
e: file:///home/leonardo/Workplace/Simple-Gallery/app/src/main/kotlin/com/simplemobiletools/gallery/pro/dialogs/ResizeWithPathDialog.kt:75:63 Type mismatch: inferred type is (Any?) -> Unit but (() -> Unit)? was expected
e: file:///home/leonardo/Workplace/Simple-Gallery/app/src/main/kotlin/com/simplemobiletools/gallery/pro/dialogs/ResizeWithPathDialog.kt:75:65 Cannot infer a type for this parameter. Please specify it explicitly.
e: file:///home/leonardo/Workplace/Simple-Gallery/app/src/main/kotlin/com/simplemobiletools/gallery/pro/dialogs/ResizeWithPathDialog.kt:75:65 Expected no parameters 
e: file:///home/leonardo/Workplace/Simple-Gallery/app/src/main/kotlin/com/simplemobiletools/gallery/pro/dialogs/SaveAsDialog.kt:8:46 Unresolved reference: isRPlus
e: file:///home/leonardo/Workplace/Simple-Gallery/app/src/main/kotlin/com/simplemobiletools/gallery/pro/dialogs/SaveAsDialog.kt:18:22 Unresolved reference: isRestrictedWithSAFSdk30
e: file:///home/leonardo/Workplace/Simple-Gallery/app/src/main/kotlin/com/simplemobiletools/gallery/pro/dialogs/SaveAsDialog.kt:18:70 Unresolved reference: isInDownloadDir
e: file:///home/leonardo/Workplace/Simple-Gallery/app/src/main/kotlin/com/simplemobiletools/gallery/pro/dialogs/SaveAsDialog.kt:19:33 Unresolved reference: getPicturesDirectoryPath
e: file:///home/leonardo/Workplace/Simple-Gallery/app/src/main/kotlin/com/simplemobiletools/gallery/pro/dialogs/SaveAsDialog.kt:42:74 The boolean literal does not conform to the expected type (String) -> Unit
e: file:///home/leonardo/Workplace/Simple-Gallery/app/src/main/kotlin/com/simplemobiletools/gallery/pro/dialogs/SaveAsDialog.kt:42:80 Too many arguments for public constructor FilePickerDialog(activity: BaseSimpleActivity, currPath: String = ..., pickFile: Boolean = ..., showHidden: Boolean = ..., showFAB: Boolean = ..., callback: (pickedPath: String) -> Unit) defined in com.simplemobiletools.commons.dialogs.FilePickerDialog
e: file:///home/leonardo/Workplace/Simple-Gallery/app/src/main/kotlin/com/simplemobiletools/gallery/pro/dialogs/SaveAsDialog.kt:43:63 Type mismatch: inferred type is View! but String was expected
e: file:///home/leonardo/Workplace/Simple-Gallery/app/src/main/kotlin/com/simplemobiletools/gallery/pro/dialogs/SaveAsDialog.kt:44:32 Type mismatch: inferred type is View! but String was expected
e: file:///home/leonardo/Workplace/Simple-Gallery/app/src/main/kotlin/com/simplemobiletools/gallery/pro/dialogs/SaveAsDialog.kt:49:18 Unresolved reference: getAlertDialogBuilder
e: file:///home/leonardo/Workplace/Simple-Gallery/app/src/main/kotlin/com/simplemobiletools/gallery/pro/dialogs/SaveAsDialog.kt:51:81 Cannot infer a type for this parameter. Please specify it explicitly.
e: file:///home/leonardo/Workplace/Simple-Gallery/app/src/main/kotlin/com/simplemobiletools/gallery/pro/dialogs/SaveAsDialog.kt:51:89 Cannot infer a type for this parameter. Please specify it explicitly.
e: file:///home/leonardo/Workplace/Simple-Gallery/app/src/main/kotlin/com/simplemobiletools/gallery/pro/dialogs/SaveAsDialog.kt:54:57 Type mismatch: inferred type is SaveAsDialog but AlertDialog was expected
e: file:///home/leonardo/Workplace/Simple-Gallery/app/src/main/kotlin/com/simplemobiletools/gallery/pro/dialogs/SaveAsDialog.kt:54:111 Type mismatch: inferred type is (Any?) -> Unit but (() -> Unit)? was expected
e: file:///home/leonardo/Workplace/Simple-Gallery/app/src/main/kotlin/com/simplemobiletools/gallery/pro/dialogs/SaveAsDialog.kt:54:113 Cannot infer a type for this parameter. Please specify it explicitly.
e: file:///home/leonardo/Workplace/Simple-Gallery/app/src/main/kotlin/com/simplemobiletools/gallery/pro/dialogs/SaveAsDialog.kt:54:113 Expected no parameters 
e: file:///home/leonardo/Workplace/Simple-Gallery/app/src/main/kotlin/com/simplemobiletools/gallery/pro/dialogs/SaveAsDialog.kt:80:38 Unresolved reference: isRPlus
e: file:///home/leonardo/Workplace/Simple-Gallery/app/src/main/kotlin/com/simplemobiletools/gallery/pro/dialogs/SaveAsDialog.kt:80:52 Unresolved reference: isExternalStorageManager
e: file:///home/leonardo/Workplace/Simple-Gallery/app/src/main/kotlin/com/simplemobiletools/gallery/pro/dialogs/SaveAsDialog.kt:82:61 Unresolved reference: getFileUrisFromFileDirItems
e: file:///home/leonardo/Workplace/Simple-Gallery/app/src/main/kotlin/com/simplemobiletools/gallery/pro/dialogs/SaveAsDialog.kt:83:46 Unresolved reference: updateSDK30Uris
e: file:///home/leonardo/Workplace/Simple-Gallery/app/src/main/kotlin/com/simplemobiletools/gallery/pro/dialogs/SaveAsDialog.kt:83:74 Cannot infer a type for this parameter. Please specify it explicitly.
e: file:///home/leonardo/Workplace/Simple-Gallery/app/src/main/kotlin/com/simplemobiletools/gallery/pro/dialogs/SaveAsDialog.kt:101:18 Unresolved reference: handleSAFDialogSdk30
e: file:///home/leonardo/Workplace/Simple-Gallery/app/src/main/kotlin/com/simplemobiletools/gallery/pro/dialogs/SaveAsDialog.kt:102:18 Expression expected, but a package name found
e: file:///home/leonardo/Workplace/Simple-Gallery/app/src/main/kotlin/com/simplemobiletools/gallery/pro/dialogs/SlideshowDialog.kt:6:49 Unresolved reference: getAlertDialogBuilder
e: file:///home/leonardo/Workplace/Simple-Gallery/app/src/main/kotlin/com/simplemobiletools/gallery/pro/dialogs/SlideshowDialog.kt:24:13 Cannot access class 'MyTextInputLayout'. Check your module classpath for missing or conflicting dependencies
e: file:///home/leonardo/Workplace/Simple-Gallery/app/src/main/kotlin/com/simplemobiletools/gallery/pro/dialogs/SlideshowDialog.kt:24:26 Unresolved reference: hint
e: file:///home/leonardo/Workplace/Simple-Gallery/app/src/main/kotlin/com/simplemobiletools/gallery/pro/dialogs/SlideshowDialog.kt:74:18 Unresolved reference: getAlertDialogBuilder
e: file:///home/leonardo/Workplace/Simple-Gallery/app/src/main/kotlin/com/simplemobiletools/gallery/pro/dialogs/SlideshowDialog.kt:78:57 Type mismatch: inferred type is SlideshowDialog but AlertDialog was expected
e: file:///home/leonardo/Workplace/Simple-Gallery/app/src/main/kotlin/com/simplemobiletools/gallery/pro/dialogs/SlideshowDialog.kt:78:63 Type mismatch: inferred type is (Any?) -> Unit but (() -> Unit)? was expected
e: file:///home/leonardo/Workplace/Simple-Gallery/app/src/main/kotlin/com/simplemobiletools/gallery/pro/dialogs/SlideshowDialog.kt:78:65 Cannot infer a type for this parameter. Please specify it explicitly.
e: file:///home/leonardo/Workplace/Simple-Gallery/app/src/main/kotlin/com/simplemobiletools/gallery/pro/dialogs/SlideshowDialog.kt:78:65 Expected no parameters 
e: file:///home/leonardo/Workplace/Simple-Gallery/app/src/main/kotlin/com/simplemobiletools/gallery/pro/extensions/Activity.kt:75:68 Cannot find a parameter with this name: extras
e: file:///home/leonardo/Workplace/Simple-Gallery/app/src/main/kotlin/com/simplemobiletools/gallery/pro/extensions/Activity.kt:80:31 Type mismatch: inferred type is Boolean but String was expected
e: file:///home/leonardo/Workplace/Simple-Gallery/app/src/main/kotlin/com/simplemobiletools/gallery/pro/extensions/Activity.kt:80:45 Too many arguments for public fun Activity.openEditorIntent(path: String, applicationId: String): Unit defined in com.simplemobiletools.commons.extensions
e: file:///home/leonardo/Workplace/Simple-Gallery/app/src/main/kotlin/com/simplemobiletools/gallery/pro/extensions/Activity.kt:85:5 Unresolved reference: launchActivityIntent
e: file:///home/leonardo/Workplace/Simple-Gallery/app/src/main/kotlin/com/simplemobiletools/gallery/pro/extensions/Activity.kt:95:113 Unresolved reference: LICENSE_GESTURE_VIEWS
e: file:///home/leonardo/Workplace/Simple-Gallery/app/src/main/kotlin/com/simplemobiletools/gallery/pro/extensions/Activity.kt:95:138 Unresolved reference: LICENSE_APNG
e: file:///home/leonardo/Workplace/Simple-Gallery/app/src/main/kotlin/com/simplemobiletools/gallery/pro/extensions/Activity.kt:114:56 Unresolved reference: faq_9_title_commons
e: file:///home/leonardo/Workplace/Simple-Gallery/app/src/main/kotlin/com/simplemobiletools/gallery/pro/extensions/Activity.kt:114:116 Unresolved reference: faq_9_text_commons
e: file:///home/leonardo/Workplace/Simple-Gallery/app/src/main/kotlin/com/simplemobiletools/gallery/pro/extensions/Activity.kt:117:68 Unresolved reference: hide_google_relations
e: file:///home/leonardo/Workplace/Simple-Gallery/app/src/main/kotlin/com/simplemobiletools/gallery/pro/extensions/Activity.kt:119:69 Unresolved reference: faq_6_title_commons
e: file:///home/leonardo/Workplace/Simple-Gallery/app/src/main/kotlin/com/simplemobiletools/gallery/pro/extensions/Activity.kt:119:129 Unresolved reference: faq_6_text_commons
e: file:///home/leonardo/Workplace/Simple-Gallery/app/src/main/kotlin/com/simplemobiletools/gallery/pro/extensions/Activity.kt:120:69 Unresolved reference: faq_7_title_commons
e: file:///home/leonardo/Workplace/Simple-Gallery/app/src/main/kotlin/com/simplemobiletools/gallery/pro/extensions/Activity.kt:120:129 Unresolved reference: faq_7_text_commons
e: file:///home/leonardo/Workplace/Simple-Gallery/app/src/main/kotlin/com/simplemobiletools/gallery/pro/extensions/Activity.kt:121:69 Unresolved reference: faq_10_title_commons
e: file:///home/leonardo/Workplace/Simple-Gallery/app/src/main/kotlin/com/simplemobiletools/gallery/pro/extensions/Activity.kt:121:130 Unresolved reference: faq_10_text_commons
e: file:///home/leonardo/Workplace/Simple-Gallery/app/src/main/kotlin/com/simplemobiletools/gallery/pro/extensions/Activity.kt:124:9 Unresolved reference: isRPlus
e: file:///home/leonardo/Workplace/Simple-Gallery/app/src/main/kotlin/com/simplemobiletools/gallery/pro/extensions/Activity.kt:124:23 Unresolved reference: isExternalStorageManager
e: file:///home/leonardo/Workplace/Simple-Gallery/app/src/main/kotlin/com/simplemobiletools/gallery/pro/extensions/Activity.kt:136:9 Unresolved reference: canManageMedia
e: file:///home/leonardo/Workplace/Simple-Gallery/app/src/main/kotlin/com/simplemobiletools/gallery/pro/extensions/Activity.kt:136:29 Unresolved reference: isExternalStorageManager
e: file:///home/leonardo/Workplace/Simple-Gallery/app/src/main/kotlin/com/simplemobiletools/gallery/pro/extensions/Activity.kt:138:16 Unresolved reference: isRPlus
e: file:///home/leonardo/Workplace/Simple-Gallery/app/src/main/kotlin/com/simplemobiletools/gallery/pro/extensions/Activity.kt:142:82 Unresolved reference: access_storage_prompt
e: file:///home/leonardo/Workplace/Simple-Gallery/app/src/main/kotlin/com/simplemobiletools/gallery/pro/extensions/Activity.kt:143:34 Unresolved reference: isSPlus
e: file:///home/leonardo/Workplace/Simple-Gallery/app/src/main/kotlin/com/simplemobiletools/gallery/pro/extensions/Activity.kt:154:21 Unresolved reference: isSPlus
e: file:///home/leonardo/Workplace/Simple-Gallery/app/src/main/kotlin/com/simplemobiletools/gallery/pro/extensions/Activity.kt:155:21 Unresolved reference: launchMediaManagementIntent
e: file:///home/leonardo/Workplace/Simple-Gallery/app/src/main/kotlin/com/simplemobiletools/gallery/pro/extensions/Activity.kt:200:27 Unresolved reference: NOMEDIA
e: file:///home/leonardo/Workplace/Simple-Gallery/app/src/main/kotlin/com/simplemobiletools/gallery/pro/extensions/Activity.kt:208:18 Expression expected, but a package name found
e: file:///home/leonardo/Workplace/Simple-Gallery/app/src/main/kotlin/com/simplemobiletools/gallery/pro/extensions/Activity.kt:214:45 Unresolved reference: NOMEDIA
e: file:///home/leonardo/Workplace/Simple-Gallery/app/src/main/kotlin/com/simplemobiletools/gallery/pro/extensions/Activity.kt:225:17 Unresolved reference: ensureBackgroundThread
e: file:///home/leonardo/Workplace/Simple-Gallery/app/src/main/kotlin/com/simplemobiletools/gallery/pro/extensions/Activity.kt:241:42 Unresolved reference: NOMEDIA
e: file:///home/leonardo/Workplace/Simple-Gallery/app/src/main/kotlin/com/simplemobiletools/gallery/pro/extensions/Activity.kt:252:27 Unresolved reference: NOMEDIA
e: file:///home/leonardo/Workplace/Simple-Gallery/app/src/main/kotlin/com/simplemobiletools/gallery/pro/extensions/Activity.kt:260:49 Too many arguments for public fun Context.deleteFromMediaStore(path: String): Boolean defined in com.simplemobiletools.commons.extensions
e: file:///home/leonardo/Workplace/Simple-Gallery/app/src/main/kotlin/com/simplemobiletools/gallery/pro/extensions/Activity.kt:260:51 Cannot infer a type for this parameter. Please specify it explicitly.
e: file:///home/leonardo/Workplace/Simple-Gallery/app/src/main/kotlin/com/simplemobiletools/gallery/pro/extensions/Activity.kt:262:17 Unresolved reference: rescanAndDeletePath
e: file:///home/leonardo/Workplace/Simple-Gallery/app/src/main/kotlin/com/simplemobiletools/gallery/pro/extensions/Activity.kt:287:34 The boolean literal does not conform to the expected type ((Boolean) -> Unit)?
e: file:///home/leonardo/Workplace/Simple-Gallery/app/src/main/kotlin/com/simplemobiletools/gallery/pro/extensions/Activity.kt:287:41 Too many arguments for public fun BaseSimpleActivity.renameFile(oldPath: String, newPath: String, callback: ((success: Boolean) -> Unit)? = ...): Unit defined in com.simplemobiletools.commons.extensions
e: file:///home/leonardo/Workplace/Simple-Gallery/app/src/main/kotlin/com/simplemobiletools/gallery/pro/extensions/Activity.kt:287:43 Cannot infer a type for this parameter. Please specify it explicitly.
e: file:///home/leonardo/Workplace/Simple-Gallery/app/src/main/kotlin/com/simplemobiletools/gallery/pro/extensions/Activity.kt:287:52 Cannot infer a type for this parameter. Please specify it explicitly.
e: file:///home/leonardo/Workplace/Simple-Gallery/app/src/main/kotlin/com/simplemobiletools/gallery/pro/extensions/Activity.kt:292:9 Unresolved reference: ensureBackgroundThread
e: file:///home/leonardo/Workplace/Simple-Gallery/app/src/main/kotlin/com/simplemobiletools/gallery/pro/extensions/Activity.kt:308:17 Type mismatch: inferred type is String but Boolean was expected
e: file:///home/leonardo/Workplace/Simple-Gallery/app/src/main/kotlin/com/simplemobiletools/gallery/pro/extensions/Activity.kt:314:25 Unresolved reference: ensureBackgroundThread
e: file:///home/leonardo/Workplace/Simple-Gallery/app/src/main/kotlin/com/simplemobiletools/gallery/pro/extensions/Activity.kt:321:37 Val cannot be reassigned
e: file:///home/leonardo/Workplace/Simple-Gallery/app/src/main/kotlin/com/simplemobiletools/gallery/pro/extensions/Activity.kt:322:37 Val cannot be reassigned
e: file:///home/leonardo/Workplace/Simple-Gallery/app/src/main/kotlin/com/simplemobiletools/gallery/pro/extensions/Activity.kt:328:25 Unresolved reference: ensureBackgroundThread
e: file:///home/leonardo/Workplace/Simple-Gallery/app/src/main/kotlin/com/simplemobiletools/gallery/pro/extensions/Activity.kt:335:37 Val cannot be reassigned
e: file:///home/leonardo/Workplace/Simple-Gallery/app/src/main/kotlin/com/simplemobiletools/gallery/pro/extensions/Activity.kt:336:37 Val cannot be reassigned
e: file:///home/leonardo/Workplace/Simple-Gallery/app/src/main/kotlin/com/simplemobiletools/gallery/pro/extensions/Activity.kt:354:48 Cannot find a parameter with this name: isDeletingMultipleFiles
e: file:///home/leonardo/Workplace/Simple-Gallery/app/src/main/kotlin/com/simplemobiletools/gallery/pro/extensions/Activity.kt:356:13 Unresolved reference: ensureBackgroundThread
e: file:///home/leonardo/Workplace/Simple-Gallery/app/src/main/kotlin/com/simplemobiletools/gallery/pro/extensions/Activity.kt:369:5 Unresolved reference: ensureBackgroundThread
e: file:///home/leonardo/Workplace/Simple-Gallery/app/src/main/kotlin/com/simplemobiletools/gallery/pro/extensions/Activity.kt:371:30 Unresolved reference: OTGPath
e: file:///home/leonardo/Workplace/Simple-Gallery/app/src/main/kotlin/com/simplemobiletools/gallery/pro/extensions/Activity.kt:374:48 Overload resolution ambiguity: 
public fun CharSequence.startsWith(char: Char, ignoreCase: Boolean = ...): Boolean defined in kotlin.text
public fun CharSequence.startsWith(prefix: CharSequence, ignoreCase: Boolean = ...): Boolean defined in kotlin.text
public fun String.startsWith(prefix: String, ignoreCase: Boolean = ...): Boolean defined in kotlin.text
e: file:///home/leonardo/Workplace/Simple-Gallery/app/src/main/kotlin/com/simplemobiletools/gallery/pro/extensions/Activity.kt:378:41 Unresolved reference: recycleBinPath
e: file:///home/leonardo/Workplace/Simple-Gallery/app/src/main/kotlin/com/simplemobiletools/gallery/pro/extensions/Activity.kt:407:41 Unresolved reference: recycleBinPath
e: file:///home/leonardo/Workplace/Simple-Gallery/app/src/main/kotlin/com/simplemobiletools/gallery/pro/extensions/Activity.kt:433:5 Unresolved reference: ensureBackgroundThread
e: file:///home/leonardo/Workplace/Simple-Gallery/app/src/main/kotlin/com/simplemobiletools/gallery/pro/extensions/Activity.kt:437:51 Unresolved reference: recycleBinPath
e: file:///home/leonardo/Workplace/Simple-Gallery/app/src/main/kotlin/com/simplemobiletools/gallery/pro/extensions/Activity.kt:440:17 Unresolved reference: isRestrictedWithSAFSdk30
e: file:///home/leonardo/Workplace/Simple-Gallery/app/src/main/kotlin/com/simplemobiletools/gallery/pro/extensions/Activity.kt:440:65 Unresolved reference: isInDownloadDir
e: file:///home/leonardo/Workplace/Simple-Gallery/app/src/main/kotlin/com/simplemobiletools/gallery/pro/extensions/Activity.kt:442:41 Unresolved reference: getPicturesDirectoryPath
e: file:///home/leonardo/Workplace/Simple-Gallery/app/src/main/kotlin/com/simplemobiletools/gallery/pro/extensions/Activity.kt:443:31 Overload resolution ambiguity: 
public constructor File(p0: File!, p1: String!) defined in java.io.File
public constructor File(p0: String!, p1: String!) defined in java.io.File
e: file:///home/leonardo/Workplace/Simple-Gallery/app/src/main/kotlin/com/simplemobiletools/gallery/pro/extensions/Activity.kt:457:37 Unresolved reference: handleSAFDialogSdk30
e: file:///home/leonardo/Workplace/Simple-Gallery/app/src/main/kotlin/com/simplemobiletools/gallery/pro/extensions/Activity.kt:463:31 Unresolved reference: getAlternativeFile
e: file:///home/leonardo/Workplace/Simple-Gallery/app/src/main/kotlin/com/simplemobiletools/gallery/pro/extensions/Activity.kt:485:68 Unresolved reference: recycleBinPath
e: file:///home/leonardo/Workplace/Simple-Gallery/app/src/main/kotlin/com/simplemobiletools/gallery/pro/extensions/Activity.kt:485:123 Unresolved reference: recycleBinPath
e: file:///home/leonardo/Workplace/Simple-Gallery/app/src/main/kotlin/com/simplemobiletools/gallery/pro/extensions/Activity.kt:511:5 Unresolved reference: ensureBackgroundThread
e: file:///home/leonardo/Workplace/Simple-Gallery/app/src/main/kotlin/com/simplemobiletools/gallery/pro/extensions/Activity.kt:525:5 Unresolved reference: ensureBackgroundThread
e: file:///home/leonardo/Workplace/Simple-Gallery/app/src/main/kotlin/com/simplemobiletools/gallery/pro/extensions/Activity.kt:546:5 Unresolved reference: ensureBackgroundThread
e: file:///home/leonardo/Workplace/Simple-Gallery/app/src/main/kotlin/com/simplemobiletools/gallery/pro/extensions/Activity.kt:582:9 Unresolved reference: ensureBackgroundThread
e: file:///home/leonardo/Workplace/Simple-Gallery/app/src/main/kotlin/com/simplemobiletools/gallery/pro/extensions/Activity.kt:686:21 Unresolved reference: recycleBinPath
e: file:///home/leonardo/Workplace/Simple-Gallery/app/src/main/kotlin/com/simplemobiletools/gallery/pro/extensions/Activity.kt:700:34 Type mismatch: inferred type is androidx.exifinterface.media.ExifInterface but android.media.ExifInterface was expected
e: file:///home/leonardo/Workplace/Simple-Gallery/app/src/main/kotlin/com/simplemobiletools/gallery/pro/extensions/Activity.kt:758:35 Unresolved reference: getFileKey
e: file:///home/leonardo/Workplace/Simple-Gallery/app/src/main/kotlin/com/simplemobiletools/gallery/pro/extensions/Activity.kt:784:9 Unresolved reference: isRestrictedSAFOnlyRoot
e: file:///home/leonardo/Workplace/Simple-Gallery/app/src/main/kotlin/com/simplemobiletools/gallery/pro/extensions/Activity.kt:785:13 Unresolved reference: handleAndroidSAFDialog
e: file:///home/leonardo/Workplace/Simple-Gallery/app/src/main/kotlin/com/simplemobiletools/gallery/pro/extensions/Activity.kt:786:22 Expression expected, but a package name found
e: file:///home/leonardo/Workplace/Simple-Gallery/app/src/main/kotlin/com/simplemobiletools/gallery/pro/extensions/Activity.kt:795:22 Expression expected, but a package name found
e: file:///home/leonardo/Workplace/Simple-Gallery/app/src/main/kotlin/com/simplemobiletools/gallery/pro/extensions/Activity.kt:802:9 Unresolved reference: isAccessibleWithSAFSdk30
e: file:///home/leonardo/Workplace/Simple-Gallery/app/src/main/kotlin/com/simplemobiletools/gallery/pro/extensions/Activity.kt:803:13 Unresolved reference: handleSAFDialogSdk30
e: file:///home/leonardo/Workplace/Simple-Gallery/app/src/main/kotlin/com/simplemobiletools/gallery/pro/extensions/Activity.kt:804:22 Expression expected, but a package name found
e: file:///home/leonardo/Workplace/Simple-Gallery/app/src/main/kotlin/com/simplemobiletools/gallery/pro/extensions/Activity.kt:818:5 Unresolved reference: ensureBackgroundThread
e: file:///home/leonardo/Workplace/Simple-Gallery/app/src/main/kotlin/com/simplemobiletools/gallery/pro/extensions/Activity.kt:822:48 Too many arguments for public fun String.getImageResolution(): Point? defined in com.simplemobiletools.commons.extensions
e: file:///home/leonardo/Workplace/Simple-Gallery/app/src/main/kotlin/com/simplemobiletools/gallery/pro/extensions/Activity.kt:838:48 Too many arguments for public fun String.getImageResolution(): Point? defined in com.simplemobiletools.commons.extensions
e: file:///home/leonardo/Workplace/Simple-Gallery/app/src/main/kotlin/com/simplemobiletools/gallery/pro/extensions/Activity.kt:840:9 Unresolved reference: ensureBackgroundThread
e: file:///home/leonardo/Workplace/Simple-Gallery/app/src/main/kotlin/com/simplemobiletools/gallery/pro/extensions/Activity.kt:920:5 Unresolved reference: ensureBackgroundThread
e: file:///home/leonardo/Workplace/Simple-Gallery/app/src/main/kotlin/com/simplemobiletools/gallery/pro/extensions/Activity.kt:927:81 Unresolved reference: shortcut_size
e: file:///home/leonardo/Workplace/Simple-Gallery/app/src/main/kotlin/com/simplemobiletools/gallery/pro/extensions/Activity.kt:961:9 Unresolved reference: showLocationOnMap
e: file:///home/leonardo/Workplace/Simple-Gallery/app/src/main/kotlin/com/simplemobiletools/gallery/pro/extensions/Context.kt:37:44 Unresolved reference: MySquareImageView
e: file:///home/leonardo/Workplace/Simple-Gallery/app/src/main/kotlin/com/simplemobiletools/gallery/pro/extensions/Context.kt:109:21 Unresolved reference: SORT_BY_RANDOM
e: file:///home/leonardo/Workplace/Simple-Gallery/app/src/main/kotlin/com/simplemobiletools/gallery/pro/extensions/Context.kt:112:28 Unresolved reference: SORT_BY_CUSTOM
e: file:///home/leonardo/Workplace/Simple-Gallery/app/src/main/kotlin/com/simplemobiletools/gallery/pro/extensions/Context.kt:140:33 Unresolved reference: SORT_USE_NUMERIC_VALUE
e: file:///home/leonardo/Workplace/Simple-Gallery/app/src/main/kotlin/com/simplemobiletools/gallery/pro/extensions/Context.kt:141:67 Unresolved reference: normalizeString
e: file:///home/leonardo/Workplace/Simple-Gallery/app/src/main/kotlin/com/simplemobiletools/gallery/pro/extensions/Context.kt:141:113 Unresolved reference: normalizeString
e: file:///home/leonardo/Workplace/Simple-Gallery/app/src/main/kotlin/com/simplemobiletools/gallery/pro/extensions/Context.kt:143:34 Unresolved reference: normalizeString
e: file:///home/leonardo/Workplace/Simple-Gallery/app/src/main/kotlin/com/simplemobiletools/gallery/pro/extensions/Context.kt:143:89 Unresolved reference: normalizeString
e: file:///home/leonardo/Workplace/Simple-Gallery/app/src/main/kotlin/com/simplemobiletools/gallery/pro/extensions/Context.kt:156:33 Unresolved reference: SORT_USE_NUMERIC_VALUE
e: file:///home/leonardo/Workplace/Simple-Gallery/app/src/main/kotlin/com/simplemobiletools/gallery/pro/extensions/Context.kt:275:44 Unresolved reference: FAVORITES
e: file:///home/leonardo/Workplace/Simple-Gallery/app/src/main/kotlin/com/simplemobiletools/gallery/pro/extensions/Context.kt:322:57 Unresolved reference: FAVORITES
e: file:///home/leonardo/Workplace/Simple-Gallery/app/src/main/kotlin/com/simplemobiletools/gallery/pro/extensions/Context.kt:323:26 Unresolved reference: FAVORITES
e: file:///home/leonardo/Workplace/Simple-Gallery/app/src/main/kotlin/com/simplemobiletools/gallery/pro/extensions/Context.kt:371:5 Unresolved reference: ensureBackgroundThread
e: file:///home/leonardo/Workplace/Simple-Gallery/app/src/main/kotlin/com/simplemobiletools/gallery/pro/extensions/Context.kt:382:82 Unresolved reference: NOMEDIA
e: file:///home/leonardo/Workplace/Simple-Gallery/app/src/main/kotlin/com/simplemobiletools/gallery/pro/extensions/Context.kt:384:26 Unresolved reference: OTGPath
e: file:///home/leonardo/Workplace/Simple-Gallery/app/src/main/kotlin/com/simplemobiletools/gallery/pro/extensions/Context.kt:393:68 Too many arguments for public fun Context.getDoesFilePathExist(path: String): Boolean defined in com.simplemobiletools.commons.extensions
e: file:///home/leonardo/Workplace/Simple-Gallery/app/src/main/kotlin/com/simplemobiletools/gallery/pro/extensions/Context.kt:393:100 Unresolved reference: NOMEDIA
e: file:///home/leonardo/Workplace/Simple-Gallery/app/src/main/kotlin/com/simplemobiletools/gallery/pro/extensions/Context.kt:407:5 Unresolved reference: ensureBackgroundThread
e: file:///home/leonardo/Workplace/Simple-Gallery/app/src/main/kotlin/com/simplemobiletools/gallery/pro/extensions/Context.kt:415:13 Unresolved reference: ensureBackgroundThread
e: file:///home/leonardo/Workplace/Simple-Gallery/app/src/main/kotlin/com/simplemobiletools/gallery/pro/extensions/Context.kt:436:5 Unresolved reference: ensureBackgroundThread
e: file:///home/leonardo/Workplace/Simple-Gallery/app/src/main/kotlin/com/simplemobiletools/gallery/pro/extensions/Context.kt:445:41 Unresolved reference: NOMEDIA
e: file:///home/leonardo/Workplace/Simple-Gallery/app/src/main/kotlin/com/simplemobiletools/gallery/pro/extensions/Context.kt:448:21 Unresolved reference: doesThisOrParentHaveNoMedia
e: file:///home/leonardo/Workplace/Simple-Gallery/app/src/main/kotlin/com/simplemobiletools/gallery/pro/extensions/Context.kt:459:9 Unresolved reference: otgPath
e: file:///home/leonardo/Workplace/Simple-Gallery/app/src/main/kotlin/com/simplemobiletools/gallery/pro/extensions/Context.kt:459:69 Unresolved reference: usb
e: file:///home/leonardo/Workplace/Simple-Gallery/app/src/main/kotlin/com/simplemobiletools/gallery/pro/extensions/Context.kt:460:9 Unresolved reference: FAVORITES
e: file:///home/leonardo/Workplace/Simple-Gallery/app/src/main/kotlin/com/simplemobiletools/gallery/pro/extensions/Context.kt:467:38 Unresolved reference: MySquareImageView
e: file:///home/leonardo/Workplace/Simple-Gallery/app/src/main/kotlin/com/simplemobiletools/gallery/pro/extensions/Context.kt:470:12 Variable expected
e: file:///home/leonardo/Workplace/Simple-Gallery/app/src/main/kotlin/com/simplemobiletools/gallery/pro/extensions/Context.kt:495:9 Unresolved reference: isPathOnOTG
e: file:///home/leonardo/Workplace/Simple-Gallery/app/src/main/kotlin/com/simplemobiletools/gallery/pro/extensions/Context.kt:502:13 Unresolved reference: MySquareImageView
e: file:///home/leonardo/Workplace/Simple-Gallery/app/src/main/kotlin/com/simplemobiletools/gallery/pro/extensions/Context.kt:537:107 Unresolved reference: rounded_corner_radius_small
e: file:///home/leonardo/Workplace/Simple-Gallery/app/src/main/kotlin/com/simplemobiletools/gallery/pro/extensions/Context.kt:537:178 Unresolved reference: rounded_corner_radius_big
e: file:///home/leonardo/Workplace/Simple-Gallery/app/src/main/kotlin/com/simplemobiletools/gallery/pro/extensions/Context.kt:573:43 Unresolved reference: MySquareImageView
e: file:///home/leonardo/Workplace/Simple-Gallery/app/src/main/kotlin/com/simplemobiletools/gallery/pro/extensions/Context.kt:574:12 Variable expected
e: file:///home/leonardo/Workplace/Simple-Gallery/app/src/main/kotlin/com/simplemobiletools/gallery/pro/extensions/Context.kt:586:94 Unresolved reference: rounded_corner_radius_small
e: file:///home/leonardo/Workplace/Simple-Gallery/app/src/main/kotlin/com/simplemobiletools/gallery/pro/extensions/Context.kt:586:165 Unresolved reference: rounded_corner_radius_big
e: file:///home/leonardo/Workplace/Simple-Gallery/app/src/main/kotlin/com/simplemobiletools/gallery/pro/extensions/Context.kt:595:55 Unresolved reference: MySquareImageView
e: file:///home/leonardo/Workplace/Simple-Gallery/app/src/main/kotlin/com/simplemobiletools/gallery/pro/extensions/Context.kt:612:98 Unresolved reference: rounded_corner_radius_small
e: file:///home/leonardo/Workplace/Simple-Gallery/app/src/main/kotlin/com/simplemobiletools/gallery/pro/extensions/Context.kt:612:169 Unresolved reference: rounded_corner_radius_big
e: file:///home/leonardo/Workplace/Simple-Gallery/app/src/main/kotlin/com/simplemobiletools/gallery/pro/extensions/Context.kt:617:17 Overload resolution ambiguity: 
public open fun into(p0: ImageView!): Unit defined in com.squareup.picasso.RequestCreator
public open fun into(p0: Target): Unit defined in com.squareup.picasso.RequestCreator
e: file:///home/leonardo/Workplace/Simple-Gallery/app/src/main/kotlin/com/simplemobiletools/gallery/pro/extensions/Context.kt:629:5 Unresolved reference: ensureBackgroundThread
e: file:///home/leonardo/Workplace/Simple-Gallery/app/src/main/kotlin/com/simplemobiletools/gallery/pro/extensions/Context.kt:657:45 Unresolved reference: NOMEDIA
e: file:///home/leonardo/Workplace/Simple-Gallery/app/src/main/kotlin/com/simplemobiletools/gallery/pro/extensions/Context.kt:683:48 Unresolved reference: NOMEDIA
e: file:///home/leonardo/Workplace/Simple-Gallery/app/src/main/kotlin/com/simplemobiletools/gallery/pro/extensions/Context.kt:687:29 Unresolved reference: doesThisOrParentHaveNoMedia
e: file:///home/leonardo/Workplace/Simple-Gallery/app/src/main/kotlin/com/simplemobiletools/gallery/pro/extensions/Context.kt:687:82 Cannot infer a type for this parameter. Please specify it explicitly.
e: file:///home/leonardo/Workplace/Simple-Gallery/app/src/main/kotlin/com/simplemobiletools/gallery/pro/extensions/Context.kt:687:88 Cannot infer a type for this parameter. Please specify it explicitly.
e: file:///home/leonardo/Workplace/Simple-Gallery/app/src/main/kotlin/com/simplemobiletools/gallery/pro/extensions/Context.kt:688:47 Unresolved reference: NOMEDIA
e: file:///home/leonardo/Workplace/Simple-Gallery/app/src/main/kotlin/com/simplemobiletools/gallery/pro/extensions/Context.kt:708:5 Unresolved reference: ensureBackgroundThread
e: file:///home/leonardo/Workplace/Simple-Gallery/app/src/main/kotlin/com/simplemobiletools/gallery/pro/extensions/Context.kt:712:21 Unresolved reference: FAVORITES
e: file:///home/leonardo/Workplace/Simple-Gallery/app/src/main/kotlin/com/simplemobiletools/gallery/pro/extensions/Context.kt:732:61 Unresolved reference: isFolderProtected
e: file:///home/leonardo/Workplace/Simple-Gallery/app/src/main/kotlin/com/simplemobiletools/gallery/pro/extensions/Context.kt:759:46 Unresolved reference: getFolderSorting
e: file:///home/leonardo/Workplace/Simple-Gallery/app/src/main/kotlin/com/simplemobiletools/gallery/pro/extensions/Context.kt:762:30 Unresolved reference: OTGPath
e: file:///home/leonardo/Workplace/Simple-Gallery/app/src/main/kotlin/com/simplemobiletools/gallery/pro/extensions/Context.kt:768:63 Too many arguments for public fun Context.getDoesFilePathExist(path: String): Boolean defined in com.simplemobiletools.commons.extensions
e: file:///home/leonardo/Workplace/Simple-Gallery/app/src/main/kotlin/com/simplemobiletools/gallery/pro/extensions/Context.kt:769:44 Unresolved reference: recycleBinPath
e: file:///home/leonardo/Workplace/Simple-Gallery/app/src/main/kotlin/com/simplemobiletools/gallery/pro/extensions/Context.kt:794:26 Unresolved reference: OTGPath
e: file:///home/leonardo/Workplace/Simple-Gallery/app/src/main/kotlin/com/simplemobiletools/gallery/pro/extensions/Context.kt:795:101 Too many arguments for public fun Context.getDoesFilePathExist(path: String): Boolean defined in com.simplemobiletools.commons.extensions
e: file:///home/leonardo/Workplace/Simple-Gallery/app/src/main/kotlin/com/simplemobiletools/gallery/pro/extensions/Context.kt:864:24 Unresolved reference: recycleBinPath
e: file:///home/leonardo/Workplace/Simple-Gallery/app/src/main/kotlin/com/simplemobiletools/gallery/pro/extensions/Context.kt:870:44 Unresolved reference: recycleBinPath
e: file:///home/leonardo/Workplace/Simple-Gallery/app/src/main/kotlin/com/simplemobiletools/gallery/pro/extensions/Context.kt:950:5 Unresolved reference: ensureBackgroundThread
e: file:///home/leonardo/Workplace/Simple-Gallery/app/src/main/kotlin/com/simplemobiletools/gallery/pro/extensions/Context.kt:959:18 Unresolved reference: isSvg
e: file:///home/leonardo/Workplace/Simple-Gallery/app/src/main/kotlin/com/simplemobiletools/gallery/pro/extensions/Context.kt:960:18 Unresolved reference: isPortrait
e: file:///home/leonardo/Workplace/Simple-Gallery/app/src/main/kotlin/com/simplemobiletools/gallery/pro/extensions/Context.kt:966:58 Unresolved reference. None of the following candidates is applicable because of receiver type mismatch: 
public fun String.getDuration(): String? defined in com.simplemobiletools.commons.extensions
e: file:///home/leonardo/Workplace/Simple-Gallery/app/src/main/kotlin/com/simplemobiletools/gallery/pro/extensions/Context.kt:982:26 Unresolved reference: OTGPath
e: file:///home/leonardo/Workplace/Simple-Gallery/app/src/main/kotlin/com/simplemobiletools/gallery/pro/extensions/Context.kt:987:61 Too many arguments for public fun Context.getDoesFilePathExist(path: String): Boolean defined in com.simplemobiletools.commons.extensions
e: file:///home/leonardo/Workplace/Simple-Gallery/app/src/main/kotlin/com/simplemobiletools/gallery/pro/extensions/Context.kt:994:77 Too many arguments for public fun Context.getDoesFilePathExist(path: String): Boolean defined in com.simplemobiletools.commons.extensions
e: file:///home/leonardo/Workplace/Simple-Gallery/app/src/main/kotlin/com/simplemobiletools/gallery/pro/extensions/Context.kt:997:16 Unresolved reference: OTGPath
e: file:///home/leonardo/Workplace/Simple-Gallery/app/src/main/kotlin/com/simplemobiletools/gallery/pro/extensions/Context.kt:997:70 Unresolved reference: OTGPath
e: file:///home/leonardo/Workplace/Simple-Gallery/app/src/main/kotlin/com/simplemobiletools/gallery/pro/extensions/Context.kt:1049:26 Unresolved reference: getFolderSorting
e: file:///home/leonardo/Workplace/Simple-Gallery/app/src/main/kotlin/com/simplemobiletools/gallery/pro/extensions/String.kt:4:49 Unresolved reference: isExternalStorageManager
e: file:///home/leonardo/Workplace/Simple-Gallery/app/src/main/kotlin/com/simplemobiletools/gallery/pro/extensions/String.kt:5:46 Unresolved reference: NOMEDIA
e: file:///home/leonardo/Workplace/Simple-Gallery/app/src/main/kotlin/com/simplemobiletools/gallery/pro/extensions/String.kt:6:46 Unresolved reference: isRPlus
e: file:///home/leonardo/Workplace/Simple-Gallery/app/src/main/kotlin/com/simplemobiletools/gallery/pro/extensions/String.kt:45:49 Unresolved reference: NOMEDIA
e: file:///home/leonardo/Workplace/Simple-Gallery/app/src/main/kotlin/com/simplemobiletools/gallery/pro/extensions/String.kt:45:75 Unresolved reference: isRPlus
e: file:///home/leonardo/Workplace/Simple-Gallery/app/src/main/kotlin/com/simplemobiletools/gallery/pro/extensions/String.kt:45:88 Unresolved reference: isExternalStorageManager
e: file:///home/leonardo/Workplace/Simple-Gallery/app/src/main/kotlin/com/simplemobiletools/gallery/pro/extensions/String.kt:45:130 Unresolved reference: NOMEDIA
e: file:///home/leonardo/Workplace/Simple-Gallery/app/src/main/kotlin/com/simplemobiletools/gallery/pro/extensions/String.kt:62:46 Unresolved reference: NOMEDIA
e: file:///home/leonardo/Workplace/Simple-Gallery/app/src/main/kotlin/com/simplemobiletools/gallery/pro/fragments/PhotoFragment.kt:43:46 Unresolved reference: ensureBackgroundThread
e: file:///home/leonardo/Workplace/Simple-Gallery/app/src/main/kotlin/com/simplemobiletools/gallery/pro/fragments/PhotoFragment.kt:44:46 Unresolved reference: isRPlus
e: file:///home/leonardo/Workplace/Simple-Gallery/app/src/main/kotlin/com/simplemobiletools/gallery/pro/fragments/PhotoFragment.kt:177:17 Unresolved reference: isRPlus
e: file:///home/leonardo/Workplace/Simple-Gallery/app/src/main/kotlin/com/simplemobiletools/gallery/pro/fragments/PhotoFragment.kt:177:31 Unresolved reference: isExternalStorageManager
e: file:///home/leonardo/Workplace/Simple-Gallery/app/src/main/kotlin/com/simplemobiletools/gallery/pro/fragments/PhotoFragment.kt:214:9 Unresolved reference: ensureBackgroundThread
e: file:///home/leonardo/Workplace/Simple-Gallery/app/src/main/kotlin/com/simplemobiletools/gallery/pro/fragments/PhotoFragment.kt:275:13 Unresolved reference: ensureBackgroundThread
e: file:///home/leonardo/Workplace/Simple-Gallery/app/src/main/kotlin/com/simplemobiletools/gallery/pro/fragments/PhotoFragment.kt:376:9 Unresolved reference: ensureBackgroundThread
e: file:///home/leonardo/Workplace/Simple-Gallery/app/src/main/kotlin/com/simplemobiletools/gallery/pro/fragments/PhotoFragment.kt:401:17 Unresolved reference: ensureBackgroundThread
e: file:///home/leonardo/Workplace/Simple-Gallery/app/src/main/kotlin/com/simplemobiletools/gallery/pro/fragments/PhotoFragment.kt:435:18 Unresolved reference: isWebP
e: file:///home/leonardo/Workplace/Simple-Gallery/app/src/main/kotlin/com/simplemobiletools/gallery/pro/fragments/PhotoFragment.kt:530:48 Unresolved reference: realScreenSize
e: file:///home/leonardo/Workplace/Simple-Gallery/app/src/main/kotlin/com/simplemobiletools/gallery/pro/fragments/PhotoFragment.kt:532:150 Unresolved reference: one_dp
e: file:///home/leonardo/Workplace/Simple-Gallery/app/src/main/kotlin/com/simplemobiletools/gallery/pro/fragments/PhotoFragment.kt:539:29 Overload resolution ambiguity: 
public final operator fun compareTo(other: Byte): Int defined in kotlin.Int
public final operator fun compareTo(other: Double): Int defined in kotlin.Int
public final operator fun compareTo(other: Float): Int defined in kotlin.Int
public open fun compareTo(other: Int): Int defined in kotlin.Int
public final operator fun compareTo(other: Long): Int defined in kotlin.Int
public final operator fun compareTo(other: Short): Int defined in kotlin.Int
e: file:///home/leonardo/Workplace/Simple-Gallery/app/src/main/kotlin/com/simplemobiletools/gallery/pro/fragments/PhotoFragment.kt:543:45 Overload resolution ambiguity: 
public final operator fun minus(other: Byte): Int defined in kotlin.Int
public final operator fun minus(other: Double): Double defined in kotlin.Int
public final operator fun minus(other: Float): Float defined in kotlin.Int
public final operator fun minus(other: Int): Int defined in kotlin.Int
public final operator fun minus(other: Long): Long defined in kotlin.Int
public final operator fun minus(other: Short): Int defined in kotlin.Int
e: file:///home/leonardo/Workplace/Simple-Gallery/app/src/main/kotlin/com/simplemobiletools/gallery/pro/fragments/PhotoFragment.kt:594:45 Unresolved reference: navigationBarHeight
e: file:///home/leonardo/Workplace/Simple-Gallery/app/src/main/kotlin/com/simplemobiletools/gallery/pro/fragments/PhotoFragment.kt:596:26 Assignment operators ambiguity: 
public open fun `<Error function>`(): [Error type: Return type for function cannot be resolved] defined in root package
public open fun `<Error function>`(): [Error type: Return type for function cannot be resolved] defined in root package
e: file:///home/leonardo/Workplace/Simple-Gallery/app/src/main/kotlin/com/simplemobiletools/gallery/pro/fragments/PhotoFragment.kt:698:37 Unresolved reference: getProperBackgroundColor
e: file:///home/leonardo/Workplace/Simple-Gallery/app/src/main/kotlin/com/simplemobiletools/gallery/pro/fragments/PhotoFragment.kt:790:66 Unresolved reference: isPathOnOTG
e: file:///home/leonardo/Workplace/Simple-Gallery/app/src/main/kotlin/com/simplemobiletools/gallery/pro/fragments/PhotoFragment.kt:809:37 Unresolved reference: portrait
e: file:///home/leonardo/Workplace/Simple-Gallery/app/src/main/kotlin/com/simplemobiletools/gallery/pro/fragments/PhotoFragment.kt:811:37 Unresolved reference: portrait
e: file:///home/leonardo/Workplace/Simple-Gallery/app/src/main/kotlin/com/simplemobiletools/gallery/pro/fragments/PhotoFragment.kt:813:38 Unresolved reference: portrait
e: file:///home/leonardo/Workplace/Simple-Gallery/app/src/main/kotlin/com/simplemobiletools/gallery/pro/fragments/PhotoFragment.kt:815:38 Unresolved reference: portrait
e: file:///home/leonardo/Workplace/Simple-Gallery/app/src/main/kotlin/com/simplemobiletools/gallery/pro/fragments/PhotoFragment.kt:898:44 None of the following functions can be called with the arguments supplied: 
public final operator fun plus(other: Byte): Float defined in kotlin.Float
public final operator fun plus(other: Double): Double defined in kotlin.Float
public final operator fun plus(other: Float): Float defined in kotlin.Float
public final operator fun plus(other: Int): Float defined in kotlin.Float
public final operator fun plus(other: Long): Float defined in kotlin.Float
public final operator fun plus(other: Short): Float defined in kotlin.Float
e: file:///home/leonardo/Workplace/Simple-Gallery/app/src/main/kotlin/com/simplemobiletools/gallery/pro/fragments/PhotoFragment.kt:898:89 Unresolved reference: navigationBarHeight
e: file:///home/leonardo/Workplace/Simple-Gallery/app/src/main/kotlin/com/simplemobiletools/gallery/pro/fragments/PhotoFragment.kt:900:33 Unresolved reference: realScreenSize
e: file:///home/leonardo/Workplace/Simple-Gallery/app/src/main/kotlin/com/simplemobiletools/gallery/pro/fragments/VideoFragment.kt:29:46 Unresolved reference: ensureBackgroundThread
e: file:///home/leonardo/Workplace/Simple-Gallery/app/src/main/kotlin/com/simplemobiletools/gallery/pro/fragments/VideoFragment.kt:181:9 Unresolved reference: ensureBackgroundThread
e: file:///home/leonardo/Workplace/Simple-Gallery/app/src/main/kotlin/com/simplemobiletools/gallery/pro/fragments/VideoFragment.kt:182:22 Unresolved reference. None of the following candidates is applicable because of receiver type mismatch: 
public fun String.getVideoResolution(): Point? defined in com.simplemobiletools.commons.extensions
e: file:///home/leonardo/Workplace/Simple-Gallery/app/src/main/kotlin/com/simplemobiletools/gallery/pro/fragments/VideoFragment.kt:183:32 Unresolved reference: x
e: file:///home/leonardo/Workplace/Simple-Gallery/app/src/main/kotlin/com/simplemobiletools/gallery/pro/fragments/VideoFragment.kt:184:32 Unresolved reference: y
e: file:///home/leonardo/Workplace/Simple-Gallery/app/src/main/kotlin/com/simplemobiletools/gallery/pro/fragments/VideoFragment.kt:475:39 Unresolved reference: navigationBarHeight
e: file:///home/leonardo/Workplace/Simple-Gallery/app/src/main/kotlin/com/simplemobiletools/gallery/pro/fragments/VideoFragment.kt:477:20 Assignment operators ambiguity: 
public open fun `<Error function>`(): [Error type: Return type for function cannot be resolved] defined in root package
public open fun `<Error function>`(): [Error type: Return type for function cannot be resolved] defined in root package
e: file:///home/leonardo/Workplace/Simple-Gallery/app/src/main/kotlin/com/simplemobiletools/gallery/pro/fragments/VideoFragment.kt:481:40 Unresolved reference: navigationBarWidth
e: file:///home/leonardo/Workplace/Simple-Gallery/app/src/main/kotlin/com/simplemobiletools/gallery/pro/fragments/VideoFragment.kt:541:44 None of the following functions can be called with the arguments supplied: 
public final operator fun plus(other: Byte): Float defined in kotlin.Float
public final operator fun plus(other: Double): Double defined in kotlin.Float
public final operator fun plus(other: Float): Float defined in kotlin.Float
public final operator fun plus(other: Int): Float defined in kotlin.Float
public final operator fun plus(other: Long): Float defined in kotlin.Float
public final operator fun plus(other: Short): Float defined in kotlin.Float
e: file:///home/leonardo/Workplace/Simple-Gallery/app/src/main/kotlin/com/simplemobiletools/gallery/pro/fragments/VideoFragment.kt:541:89 Unresolved reference: navigationBarHeight
e: file:///home/leonardo/Workplace/Simple-Gallery/app/src/main/kotlin/com/simplemobiletools/gallery/pro/fragments/VideoFragment.kt:549:33 Unresolved reference: realScreenSize
e: file:///home/leonardo/Workplace/Simple-Gallery/app/src/main/kotlin/com/simplemobiletools/gallery/pro/fragments/VideoFragment.kt:657:88 Unresolved reference: ic_pause_outline_vector
e: file:///home/leonardo/Workplace/Simple-Gallery/app/src/main/kotlin/com/simplemobiletools/gallery/pro/fragments/VideoFragment.kt:683:84 Unresolved reference: ic_play_outline_vector
e: file:///home/leonardo/Workplace/Simple-Gallery/app/src/main/kotlin/com/simplemobiletools/gallery/pro/fragments/VideoFragment.kt:705:9 Unresolved reference: ensureBackgroundThread
e: file:///home/leonardo/Workplace/Simple-Gallery/app/src/main/kotlin/com/simplemobiletools/gallery/pro/fragments/VideoFragment.kt:706:34 Unresolved reference. None of the following candidates is applicable because of receiver type mismatch: 
public fun String.getDuration(): String? defined in com.simplemobiletools.commons.extensions
e: file:///home/leonardo/Workplace/Simple-Gallery/app/src/main/kotlin/com/simplemobiletools/gallery/pro/fragments/ViewPagerFragment.kt:68:23 Unresolved reference. None of the following candidates is applicable because of receiver type mismatch: 
public fun String.getResolution(): Point? defined in com.simplemobiletools.commons.extensions
e: file:///home/leonardo/Workplace/Simple-Gallery/app/src/main/kotlin/com/simplemobiletools/gallery/pro/fragments/ViewPagerFragment.kt:68:88 Expression expected, but a package name found
e: file:///home/leonardo/Workplace/Simple-Gallery/app/src/main/kotlin/com/simplemobiletools/gallery/pro/fragments/ViewPagerFragment.kt:68:92 Unresolved reference: isNotEmpty
e: file:///home/leonardo/Workplace/Simple-Gallery/app/src/main/kotlin/com/simplemobiletools/gallery/pro/fragments/ViewPagerFragment.kt:68:131 Expression expected, but a package name found
e: file:///home/leonardo/Workplace/Simple-Gallery/app/src/main/kotlin/com/simplemobiletools/gallery/pro/fragments/ViewPagerFragment.kt:76:18 Unresolved reference. None of the following candidates is applicable because of receiver type mismatch: 
public fun String.getExifDateTaken(exif: ExifInterface): String defined in com.simplemobiletools.commons.extensions
e: file:///home/leonardo/Workplace/Simple-Gallery/app/src/main/kotlin/com/simplemobiletools/gallery/pro/fragments/ViewPagerFragment.kt:76:59 Unresolved reference: isNotEmpty
e: file:///home/leonardo/Workplace/Simple-Gallery/app/src/main/kotlin/com/simplemobiletools/gallery/pro/fragments/ViewPagerFragment.kt:76:90 Expression expected, but a package name found
e: file:///home/leonardo/Workplace/Simple-Gallery/app/src/main/kotlin/com/simplemobiletools/gallery/pro/fragments/ViewPagerFragment.kt:80:18 Unresolved reference. None of the following candidates is applicable because of receiver type mismatch: 
public fun String.getExifCameraModel(exif: ExifInterface): String defined in com.simplemobiletools.commons.extensions
e: file:///home/leonardo/Workplace/Simple-Gallery/app/src/main/kotlin/com/simplemobiletools/gallery/pro/fragments/ViewPagerFragment.kt:80:52 Unresolved reference: isNotEmpty
e: file:///home/leonardo/Workplace/Simple-Gallery/app/src/main/kotlin/com/simplemobiletools/gallery/pro/fragments/ViewPagerFragment.kt:80:83 Expression expected, but a package name found
e: file:///home/leonardo/Workplace/Simple-Gallery/app/src/main/kotlin/com/simplemobiletools/gallery/pro/fragments/ViewPagerFragment.kt:84:18 Unresolved reference. None of the following candidates is applicable because of receiver type mismatch: 
public fun String.getExifProperties(exif: ExifInterface): String defined in com.simplemobiletools.commons.extensions
e: file:///home/leonardo/Workplace/Simple-Gallery/app/src/main/kotlin/com/simplemobiletools/gallery/pro/fragments/ViewPagerFragment.kt:84:51 Unresolved reference: isNotEmpty
e: file:///home/leonardo/Workplace/Simple-Gallery/app/src/main/kotlin/com/simplemobiletools/gallery/pro/fragments/ViewPagerFragment.kt:84:82 Expression expected, but a package name found
e: file:///home/leonardo/Workplace/Simple-Gallery/app/src/main/kotlin/com/simplemobiletools/gallery/pro/fragments/ViewPagerFragment.kt:93:54 Unresolved reference: isPathOnOTG
e: file:///home/leonardo/Workplace/Simple-Gallery/app/src/main/kotlin/com/simplemobiletools/gallery/pro/fragments/ViewPagerFragment.kt:104:41 Too many arguments for public fun Long.formatDate(): String defined in com.simplemobiletools.commons.extensions
e: file:///home/leonardo/Workplace/Simple-Gallery/app/src/main/kotlin/com/simplemobiletools/gallery/pro/fragments/ViewPagerFragment.kt:106:48 Too many arguments for public fun Long.formatDate(): String defined in com.simplemobiletools.commons.extensions
e: file:///home/leonardo/Workplace/Simple-Gallery/app/src/main/kotlin/com/simplemobiletools/gallery/pro/fragments/ViewPagerFragment.kt:150:97 Unresolved reference: slide_down
e: file:///home/leonardo/Workplace/Simple-Gallery/app/src/main/kotlin/com/simplemobiletools/gallery/pro/helpers/Config.kt:6:19 Unresolved reference: gson
e: file:///home/leonardo/Workplace/Simple-Gallery/app/src/main/kotlin/com/simplemobiletools/gallery/pro/helpers/Config.kt:7:19 Unresolved reference: gson
e: file:///home/leonardo/Workplace/Simple-Gallery/app/src/main/kotlin/com/simplemobiletools/gallery/pro/helpers/Config.kt:292:33 Unresolved reference: TypeToken
e: file:///home/leonardo/Workplace/Simple-Gallery/app/src/main/kotlin/com/simplemobiletools/gallery/pro/helpers/Config.kt:292:66 Unresolved reference: type
e: file:///home/leonardo/Workplace/Simple-Gallery/app/src/main/kotlin/com/simplemobiletools/gallery/pro/helpers/Config.kt:293:16 Unresolved reference: Gson
e: file:///home/leonardo/Workplace/Simple-Gallery/app/src/main/kotlin/com/simplemobiletools/gallery/pro/helpers/Config.kt:345:49 Unresolved reference: VIEW_TYPE_GRID
e: file:///home/leonardo/Workplace/Simple-Gallery/app/src/main/kotlin/com/simplemobiletools/gallery/pro/helpers/Config.kt:349:47 Unresolved reference: VIEW_TYPE_GRID
e: file:///home/leonardo/Workplace/Simple-Gallery/app/src/main/kotlin/com/simplemobiletools/gallery/pro/helpers/Config.kt:599:33 Unresolved reference: TypeToken
e: file:///home/leonardo/Workplace/Simple-Gallery/app/src/main/kotlin/com/simplemobiletools/gallery/pro/helpers/Config.kt:599:109 Unresolved reference: type
e: file:///home/leonardo/Workplace/Simple-Gallery/app/src/main/kotlin/com/simplemobiletools/gallery/pro/helpers/Config.kt:600:16 Unresolved reference: Gson
e: file:///home/leonardo/Workplace/Simple-Gallery/app/src/main/kotlin/com/simplemobiletools/gallery/pro/helpers/Constants.kt:245:36 Unresolved reference: isTiramisuPlus
e: file:///home/leonardo/Workplace/Simple-Gallery/app/src/main/kotlin/com/simplemobiletools/gallery/pro/helpers/Constants.kt:245:54 Unresolved reference: PERMISSION_READ_MEDIA_IMAGES
e: file:///home/leonardo/Workplace/Simple-Gallery/app/src/main/kotlin/com/simplemobiletools/gallery/pro/helpers/Constants.kt:247:35 Unresolved reference: isUpsideDownCakePlus
e: file:///home/leonardo/Workplace/Simple-Gallery/app/src/main/kotlin/com/simplemobiletools/gallery/pro/helpers/Constants.kt:247:59 Unresolved reference: PERMISSION_READ_MEDIA_VISUAL_USER_SELECTED
e: file:///home/leonardo/Workplace/Simple-Gallery/app/src/main/kotlin/com/simplemobiletools/gallery/pro/helpers/Constants.kt:251:9 Unresolved reference: isRPlus
e: file:///home/leonardo/Workplace/Simple-Gallery/app/src/main/kotlin/com/simplemobiletools/gallery/pro/helpers/Constants.kt:252:25 Unresolved reference: PERMISSION_MEDIA_LOCATION
e: file:///home/leonardo/Workplace/Simple-Gallery/app/src/main/kotlin/com/simplemobiletools/gallery/pro/helpers/Constants.kt:255:9 Unresolved reference: isTiramisuPlus
e: file:///home/leonardo/Workplace/Simple-Gallery/app/src/main/kotlin/com/simplemobiletools/gallery/pro/helpers/Constants.kt:256:25 Unresolved reference: PERMISSION_READ_MEDIA_VIDEO
e: file:///home/leonardo/Workplace/Simple-Gallery/app/src/main/kotlin/com/simplemobiletools/gallery/pro/helpers/MediaFetcher.kt:46:28 Unresolved reference: isPathOnOTG
e: file:///home/leonardo/Workplace/Simple-Gallery/app/src/main/kotlin/com/simplemobiletools/gallery/pro/helpers/MediaFetcher.kt:52:28 Unresolved reference: FAVORITES
e: file:///home/leonardo/Workplace/Simple-Gallery/app/src/main/kotlin/com/simplemobiletools/gallery/pro/helpers/MediaFetcher.kt:52:67 Unresolved reference: isRPlus
e: file:///home/leonardo/Workplace/Simple-Gallery/app/src/main/kotlin/com/simplemobiletools/gallery/pro/helpers/MediaFetcher.kt:52:81 Unresolved reference: isExternalStorageManager
e: file:///home/leonardo/Workplace/Simple-Gallery/app/src/main/kotlin/com/simplemobiletools/gallery/pro/helpers/MediaFetcher.kt:69:32 Unresolved reference: FAVORITES
e: file:///home/leonardo/Workplace/Simple-Gallery/app/src/main/kotlin/com/simplemobiletools/gallery/pro/helpers/MediaFetcher.kt:69:45 Unresolved reference: isRPlus
e: file:///home/leonardo/Workplace/Simple-Gallery/app/src/main/kotlin/com/simplemobiletools/gallery/pro/helpers/MediaFetcher.kt:69:59 Unresolved reference: isExternalStorageManager
e: file:///home/leonardo/Workplace/Simple-Gallery/app/src/main/kotlin/com/simplemobiletools/gallery/pro/helpers/MediaFetcher.kt:86:44 Unresolved reference: getFolderSorting
e: file:///home/leonardo/Workplace/Simple-Gallery/app/src/main/kotlin/com/simplemobiletools/gallery/pro/helpers/MediaFetcher.kt:111:34 Unresolved reference: isMediaFile
e: file:///home/leonardo/Workplace/Simple-Gallery/app/src/main/kotlin/com/simplemobiletools/gallery/pro/helpers/MediaFetcher.kt:116:38 Unresolved reference: isSvg
e: file:///home/leonardo/Workplace/Simple-Gallery/app/src/main/kotlin/com/simplemobiletools/gallery/pro/helpers/MediaFetcher.kt:117:38 Unresolved reference: isPortrait
e: file:///home/leonardo/Workplace/Simple-Gallery/app/src/main/kotlin/com/simplemobiletools/gallery/pro/helpers/MediaFetcher.kt:148:34 Unresolved reference: isMediaFile
e: file:///home/leonardo/Workplace/Simple-Gallery/app/src/main/kotlin/com/simplemobiletools/gallery/pro/helpers/MediaFetcher.kt:153:38 Unresolved reference: isSvg
e: file:///home/leonardo/Workplace/Simple-Gallery/app/src/main/kotlin/com/simplemobiletools/gallery/pro/helpers/MediaFetcher.kt:154:38 Unresolved reference: isPortrait
e: file:///home/leonardo/Workplace/Simple-Gallery/app/src/main/kotlin/com/simplemobiletools/gallery/pro/helpers/MediaFetcher.kt:174:21 Unresolved reference. None of the following candidates is applicable because of receiver type mismatch: 
public fun Activity.showErrorToast(exception: kotlin.Exception /* = java.lang.Exception */, length: Int = ...): Unit defined in com.simplemobiletools.commons.extensions
public fun Activity.showErrorToast(msg: String, length: Int = ...): Unit defined in com.simplemobiletools.commons.extensions
e: file:///home/leonardo/Workplace/Simple-Gallery/app/src/main/kotlin/com/simplemobiletools/gallery/pro/helpers/MediaFetcher.kt:182:42 Unresolved reference: OTGPath
e: file:///home/leonardo/Workplace/Simple-Gallery/app/src/main/kotlin/com/simplemobiletools/gallery/pro/helpers/MediaFetcher.kt:188:57 Too many arguments for public fun Context.getDoesFilePathExist(path: String): Boolean defined in com.simplemobiletools.commons.extensions
e: file:///home/leonardo/Workplace/Simple-Gallery/app/src/main/kotlin/com/simplemobiletools/gallery/pro/helpers/MediaFetcher.kt:223:49 Unresolved reference: NOMEDIA
e: file:///home/leonardo/Workplace/Simple-Gallery/app/src/main/kotlin/com/simplemobiletools/gallery/pro/helpers/MediaFetcher.kt:249:17 Unresolved reference: isRPlus
e: file:///home/leonardo/Workplace/Simple-Gallery/app/src/main/kotlin/com/simplemobiletools/gallery/pro/helpers/MediaFetcher.kt:274:21 Unresolved reference. None of the following candidates is applicable because of receiver type mismatch: 
public fun Activity.showErrorToast(exception: kotlin.Exception /* = java.lang.Exception */, length: Int = ...): Unit defined in com.simplemobiletools.commons.extensions
public fun Activity.showErrorToast(msg: String, length: Int = ...): Unit defined in com.simplemobiletools.commons.extensions
e: file:///home/leonardo/Workplace/Simple-Gallery/app/src/main/kotlin/com/simplemobiletools/gallery/pro/helpers/MediaFetcher.kt:358:30 Unresolved reference: OTGPath
e: file:///home/leonardo/Workplace/Simple-Gallery/app/src/main/kotlin/com/simplemobiletools/gallery/pro/helpers/MediaFetcher.kt:359:68 Unresolved reference: FAVORITES
e: file:///home/leonardo/Workplace/Simple-Gallery/app/src/main/kotlin/com/simplemobiletools/gallery/pro/helpers/MediaFetcher.kt:359:135 Too many arguments for public fun Context.getDoesFilePathExist(path: String): Boolean defined in com.simplemobiletools.commons.extensions
e: file:///home/leonardo/Workplace/Simple-Gallery/app/src/main/kotlin/com/simplemobiletools/gallery/pro/helpers/MediaFetcher.kt:411:13 Unresolved reference: FAVORITES
e: file:///home/leonardo/Workplace/Simple-Gallery/app/src/main/kotlin/com/simplemobiletools/gallery/pro/helpers/MediaFetcher.kt:428:83 Unresolved reference: isSvg
e: file:///home/leonardo/Workplace/Simple-Gallery/app/src/main/kotlin/com/simplemobiletools/gallery/pro/helpers/MediaFetcher.kt:491:21 Conflicting declarations: val type: Int, val type: Int
e: file:///home/leonardo/Workplace/Simple-Gallery/app/src/main/kotlin/com/simplemobiletools/gallery/pro/helpers/MediaFetcher.kt:512:79 Unresolved reference. None of the following candidates is applicable because of receiver type mismatch: 
public fun String.getDuration(): String? defined in com.simplemobiletools.commons.extensions
e: file:///home/leonardo/Workplace/Simple-Gallery/app/src/main/kotlin/com/simplemobiletools/gallery/pro/helpers/MediaFetcher.kt:526:21 Conflicting declarations: val type: Int, val type: Int
e: file:///home/leonardo/Workplace/Simple-Gallery/app/src/main/kotlin/com/simplemobiletools/gallery/pro/helpers/MediaFetcher.kt:553:14 Unresolved reference: isRPlus
e: file:///home/leonardo/Workplace/Simple-Gallery/app/src/main/kotlin/com/simplemobiletools/gallery/pro/helpers/MediaFetcher.kt:572:17 Unresolved reference: queryCursor
e: file:///home/leonardo/Workplace/Simple-Gallery/app/src/main/kotlin/com/simplemobiletools/gallery/pro/helpers/MediaFetcher.kt:572:48 Cannot infer a type for this parameter. Please specify it explicitly.
e: file:///home/leonardo/Workplace/Simple-Gallery/app/src/main/kotlin/com/simplemobiletools/gallery/pro/helpers/MediaFetcher.kt:665:38 Unresolved reference: OTGPath
e: file:///home/leonardo/Workplace/Simple-Gallery/app/src/main/kotlin/com/simplemobiletools/gallery/pro/helpers/MediaFetcher.kt:677:87 Unresolved reference: isSvg
e: file:///home/leonardo/Workplace/Simple-Gallery/app/src/main/kotlin/com/simplemobiletools/gallery/pro/helpers/MediaFetcher.kt:701:105 Too many arguments for public fun Context.getDoesFilePathExist(path: String): Boolean defined in com.simplemobiletools.commons.extensions
e: file:///home/leonardo/Workplace/Simple-Gallery/app/src/main/kotlin/com/simplemobiletools/gallery/pro/helpers/MediaFetcher.kt:716:143 Unresolved reference: OTGPath
e: file:///home/leonardo/Workplace/Simple-Gallery/app/src/main/kotlin/com/simplemobiletools/gallery/pro/helpers/MediaFetcher.kt:718:64 Unresolved reference. None of the following candidates is applicable because of receiver type mismatch: 
public fun String.getDuration(): String? defined in com.simplemobiletools.commons.extensions
e: file:///home/leonardo/Workplace/Simple-Gallery/app/src/main/kotlin/com/simplemobiletools/gallery/pro/helpers/MediaFetcher.kt:729:23 Unresolved reference: FAVORITES
e: file:///home/leonardo/Workplace/Simple-Gallery/app/src/main/kotlin/com/simplemobiletools/gallery/pro/helpers/MediaFetcher.kt:739:21 Unresolved reference: queryCursor
e: file:///home/leonardo/Workplace/Simple-Gallery/app/src/main/kotlin/com/simplemobiletools/gallery/pro/helpers/MediaFetcher.kt:739:78 Cannot infer a type for this parameter. Please specify it explicitly.
e: file:///home/leonardo/Workplace/Simple-Gallery/app/src/main/kotlin/com/simplemobiletools/gallery/pro/helpers/MediaFetcher.kt:752:27 Unresolved reference: FAVORITES
e: file:///home/leonardo/Workplace/Simple-Gallery/app/src/main/kotlin/com/simplemobiletools/gallery/pro/helpers/MediaFetcher.kt:778:21 Unresolved reference: queryCursor
e: file:///home/leonardo/Workplace/Simple-Gallery/app/src/main/kotlin/com/simplemobiletools/gallery/pro/helpers/MediaFetcher.kt:778:52 Cannot infer a type for this parameter. Please specify it explicitly.
e: file:///home/leonardo/Workplace/Simple-Gallery/app/src/main/kotlin/com/simplemobiletools/gallery/pro/helpers/MediaFetcher.kt:802:23 Unresolved reference: FAVORITES
e: file:///home/leonardo/Workplace/Simple-Gallery/app/src/main/kotlin/com/simplemobiletools/gallery/pro/helpers/MediaFetcher.kt:812:21 Unresolved reference: queryCursor
e: file:///home/leonardo/Workplace/Simple-Gallery/app/src/main/kotlin/com/simplemobiletools/gallery/pro/helpers/MediaFetcher.kt:812:78 Cannot infer a type for this parameter. Please specify it explicitly.
e: file:///home/leonardo/Workplace/Simple-Gallery/app/src/main/kotlin/com/simplemobiletools/gallery/pro/helpers/MediaFetcher.kt:837:21 Unresolved reference: queryCursor
e: file:///home/leonardo/Workplace/Simple-Gallery/app/src/main/kotlin/com/simplemobiletools/gallery/pro/helpers/MediaFetcher.kt:837:52 Cannot infer a type for this parameter. Please specify it explicitly.
e: file:///home/leonardo/Workplace/Simple-Gallery/app/src/main/kotlin/com/simplemobiletools/gallery/pro/helpers/MediaFetcher.kt:855:23 Unresolved reference: FAVORITES
e: file:///home/leonardo/Workplace/Simple-Gallery/app/src/main/kotlin/com/simplemobiletools/gallery/pro/helpers/MediaFetcher.kt:865:21 Unresolved reference: queryCursor
e: file:///home/leonardo/Workplace/Simple-Gallery/app/src/main/kotlin/com/simplemobiletools/gallery/pro/helpers/MediaFetcher.kt:865:78 Cannot infer a type for this parameter. Please specify it explicitly.
e: file:///home/leonardo/Workplace/Simple-Gallery/app/src/main/kotlin/com/simplemobiletools/gallery/pro/helpers/MediaFetcher.kt:881:25 Unresolved reference: SORT_BY_RANDOM
e: file:///home/leonardo/Workplace/Simple-Gallery/app/src/main/kotlin/com/simplemobiletools/gallery/pro/helpers/MediaFetcher.kt:891:37 Unresolved reference: SORT_USE_NUMERIC_VALUE
e: file:///home/leonardo/Workplace/Simple-Gallery/app/src/main/kotlin/com/simplemobiletools/gallery/pro/helpers/MediaFetcher.kt:892:66 Unresolved reference: normalizeString
e: file:///home/leonardo/Workplace/Simple-Gallery/app/src/main/kotlin/com/simplemobiletools/gallery/pro/helpers/MediaFetcher.kt:892:107 Unresolved reference: normalizeString
e: file:///home/leonardo/Workplace/Simple-Gallery/app/src/main/kotlin/com/simplemobiletools/gallery/pro/helpers/MediaFetcher.kt:894:33 Unresolved reference: normalizeString
e: file:///home/leonardo/Workplace/Simple-Gallery/app/src/main/kotlin/com/simplemobiletools/gallery/pro/helpers/MediaFetcher.kt:894:83 Unresolved reference: normalizeString
e: file:///home/leonardo/Workplace/Simple-Gallery/app/src/main/kotlin/com/simplemobiletools/gallery/pro/helpers/MediaFetcher.kt:899:37 Unresolved reference: SORT_USE_NUMERIC_VALUE
e: file:///home/leonardo/Workplace/Simple-Gallery/app/src/main/kotlin/com/simplemobiletools/gallery/pro/helpers/MediaFetcher.kt:1013:54 Unresolved reference: dateFormat
e: file:///home/leonardo/Workplace/Simple-Gallery/app/src/main/kotlin/com/simplemobiletools/gallery/pro/helpers/MyWidgetProvider.kt:14:49 Unresolved reference: getFileSignature
e: file:///home/leonardo/Workplace/Simple-Gallery/app/src/main/kotlin/com/simplemobiletools/gallery/pro/helpers/MyWidgetProvider.kt:17:46 Unresolved reference: ensureBackgroundThread
e: file:///home/leonardo/Workplace/Simple-Gallery/app/src/main/kotlin/com/simplemobiletools/gallery/pro/helpers/MyWidgetProvider.kt:38:9 Unresolved reference: ensureBackgroundThread
e: file:///home/leonardo/Workplace/Simple-Gallery/app/src/main/kotlin/com/simplemobiletools/gallery/pro/helpers/MyWidgetProvider.kt:42:21 Unresolved reference. None of the following candidates is applicable because of receiver type mismatch: 
public fun Drawable.applyColorFilter(color: Int): Unit defined in com.simplemobiletools.commons.extensions
public fun ImageView.applyColorFilter(color: Int): Unit defined in com.simplemobiletools.commons.extensions
e: file:///home/leonardo/Workplace/Simple-Gallery/app/src/main/kotlin/com/simplemobiletools/gallery/pro/helpers/MyWidgetProvider.kt:50:37 Unresolved reference: getFileSignature
e: file:///home/leonardo/Workplace/Simple-Gallery/app/src/main/kotlin/com/simplemobiletools/gallery/pro/helpers/MyWidgetProvider.kt:93:9 Unresolved reference: ensureBackgroundThread
e: file:///home/leonardo/Workplace/Simple-Gallery/app/src/main/kotlin/com/simplemobiletools/gallery/pro/jobs/NewPhotoFetcher.kt:20:46 Unresolved reference: ensureBackgroundThread
e: file:///home/leonardo/Workplace/Simple-Gallery/app/src/main/kotlin/com/simplemobiletools/gallery/pro/jobs/NewPhotoFetcher.kt:66:9 Unresolved reference: ensureBackgroundThread
e: file:///home/leonardo/Workplace/Simple-Gallery/app/src/main/kotlin/com/simplemobiletools/gallery/pro/models/Directory.kt:37:71 Too many arguments for public fun Long.formatDate(): String defined in com.simplemobiletools.commons.extensions
e: file:///home/leonardo/Workplace/Simple-Gallery/app/src/main/kotlin/com/simplemobiletools/gallery/pro/models/Directory.kt:37:80 Too many arguments for public fun Long.formatDate(): String defined in com.simplemobiletools.commons.extensions
e: file:///home/leonardo/Workplace/Simple-Gallery/app/src/main/kotlin/com/simplemobiletools/gallery/pro/models/Directory.kt:37:92 Too many arguments for public fun Long.formatDate(): String defined in com.simplemobiletools.commons.extensions
e: file:///home/leonardo/Workplace/Simple-Gallery/app/src/main/kotlin/com/simplemobiletools/gallery/pro/models/Directory.kt:38:21 Unresolved reference: SORT_BY_RANDOM
e: file:///home/leonardo/Workplace/Simple-Gallery/app/src/main/kotlin/com/simplemobiletools/gallery/pro/models/Directory.kt:39:34 Too many arguments for public fun Long.formatDate(): String defined in com.simplemobiletools.commons.extensions
e: file:///home/leonardo/Workplace/Simple-Gallery/app/src/main/kotlin/com/simplemobiletools/gallery/pro/models/Directory.kt:42:34 Unresolved reference: FAVORITES
e: file:///home/leonardo/Workplace/Simple-Gallery/app/src/main/kotlin/com/simplemobiletools/gallery/pro/models/FilterItem.kt:4:12 Unresolved reference: zomato
e: file:///home/leonardo/Workplace/Simple-Gallery/app/src/main/kotlin/com/simplemobiletools/gallery/pro/models/FilterItem.kt:6:55 Unresolved reference: Filter
e: file:///home/leonardo/Workplace/Simple-Gallery/app/src/main/kotlin/com/simplemobiletools/gallery/pro/receivers/BootCompletedReceiver.kt:6:46 Unresolved reference: ensureBackgroundThread
e: file:///home/leonardo/Workplace/Simple-Gallery/app/src/main/kotlin/com/simplemobiletools/gallery/pro/receivers/BootCompletedReceiver.kt:12:9 Unresolved reference: ensureBackgroundThread
e: file:///home/leonardo/Workplace/Simple-Gallery/app/src/main/kotlin/com/simplemobiletools/gallery/pro/views/EditorDrawCanvas.kt:8:49 Unresolved reference: getProperPrimaryColor
e: file:///home/leonardo/Workplace/Simple-Gallery/app/src/main/kotlin/com/simplemobiletools/gallery/pro/views/EditorDrawCanvas.kt:28:26 Unresolved reference: getProperPrimaryColor

> Task :app:compilePrepaidDebugKotlin FAILED

FAILURE: Build failed with an exception.

* What went wrong:
Execution failed for task ':app:compilePrepaidDebugKotlin'.
> A failure occurred while executing org.jetbrains.kotlin.compilerRunner.GradleCompilerRunnerWithWorkers$GradleKotlinCompilerWorkAction
   > Compilation error. See log for more details

* Try:
> Run with --stacktrace option to get the stack trace.
> Run with --info or --debug option to get more log output.
> Run with --scan to get full insights.
> Get more help at https://help.gradle.org.

Deprecated Gradle features were used in this build, making it incompatible with Gradle 9.0.

You can use '--warning-mode all' to show the individual deprecation warnings and determine if they come from your own scripts or plugins.

For more on this, please refer to https://docs.gradle.org/8.6/userguide/command_line_interface.html#sec:command_line_warnings in the Gradle documentation.

BUILD FAILED in 1m 18s
18 actionable tasks: 2 executed, 16 up-to-date
